Archive member included to satisfy reference by file (symbol)

app/libapp.a(main.c.obj)      (--whole-archive)
app/libapp.a(heater_PWM.c.obj)
                              (--whole-archive)
app/libapp.a(adc_temp.c.obj)  (--whole-archive)
app/libapp.a(control.c.obj)   (--whole-archive)
app/libapp.a(pid.c.obj)       (--whole-archive)
app/libapp.a(UI.c.obj)        (--whole-archive)
app/libapp.a(database.c.obj)  (--whole-archive)
app/libapp.a(display_uart.c.obj)
                              (--whole-archive)
app/libapp.a(filter.c.obj)    (--whole-archive)
zephyr/libzephyr.a(heap.c.obj)
                              (--whole-archive)
zephyr/libzephyr.a(cbprintf_packaged.c.obj)
                              (--whole-archive)
zephyr/libzephyr.a(printk.c.obj)
                              (--whole-archive)
zephyr/libzephyr.a(sem.c.obj)
                              (--whole-archive)
zephyr/libzephyr.a(thread_entry.c.obj)
                              (--whole-archive)
zephyr/libzephyr.a(cbprintf_complete.c.obj)
                              (--whole-archive)
zephyr/libzephyr.a(assert.c.obj)
                              (--whole-archive)
zephyr/libzephyr.a(mpsc_pbuf.c.obj)
                              (--whole-archive)
zephyr/libzephyr.a(dec.c.obj)
                              (--whole-archive)
zephyr/libzephyr.a(hex.c.obj)
                              (--whole-archive)
zephyr/libzephyr.a(rb.c.obj)  (--whole-archive)
zephyr/libzephyr.a(timeutil.c.obj)
                              (--whole-archive)
zephyr/libzephyr.a(bitarray.c.obj)
                              (--whole-archive)
zephyr/libzephyr.a(onoff.c.obj)
                              (--whole-archive)
zephyr/libzephyr.a(notify.c.obj)
                              (--whole-archive)
zephyr/libzephyr.a(ring_buffer.c.obj)
                              (--whole-archive)
zephyr/libzephyr.a(last_section_id.c.obj)
                              (--whole-archive)
zephyr/libzephyr.a(configs.c.obj)
                              (--whole-archive)
zephyr/libzephyr.a(log_core.c.obj)
                              (--whole-archive)
zephyr/libzephyr.a(log_mgmt.c.obj)
                              (--whole-archive)
zephyr/libzephyr.a(log_cache.c.obj)
                              (--whole-archive)
zephyr/libzephyr.a(log_msg.c.obj)
                              (--whole-archive)
zephyr/libzephyr.a(log_output.c.obj)
                              (--whole-archive)
zephyr/libzephyr.a(log_backend_uart.c.obj)
                              (--whole-archive)
zephyr/libzephyr.a(mem_attr.c.obj)
                              (--whole-archive)
zephyr/libzephyr.a(tracing_none.c.obj)
                              (--whole-archive)
zephyr/libzephyr.a(banner.c.obj)
                              (--whole-archive)
zephyr/libzephyr.a(flash_map_partition_manager.c.obj)
                              (--whole-archive)
zephyr/libzephyr.a(nrf_cc3xx_platform_abort_zephyr.c.obj)
                              (--whole-archive)
zephyr/libzephyr.a(nrf_cc3xx_platform_mutex_zephyr.c.obj)
                              (--whole-archive)
zephyr/arch/common/libarch__common.a(sw_isr_common.c.obj)
                              (--whole-archive)
zephyr/arch/arch/arm/core/libarch__arm__core.a(fatal.c.obj)
                              (--whole-archive)
zephyr/arch/arch/arm/core/libarch__arm__core.a(nmi.c.obj)
                              (--whole-archive)
zephyr/arch/arch/arm/core/libarch__arm__core.a(nmi_on_reset.S.obj)
                              (--whole-archive)
zephyr/arch/arch/arm/core/libarch__arm__core.a(tls.c.obj)
                              (--whole-archive)
zephyr/arch/arch/arm/core/cortex_m/libarch__arm__core__cortex_m.a(exc_exit.c.obj)
                              (--whole-archive)
zephyr/arch/arch/arm/core/cortex_m/libarch__arm__core__cortex_m.a(fault.c.obj)
                              (--whole-archive)
zephyr/arch/arch/arm/core/cortex_m/libarch__arm__core__cortex_m.a(fault_s.S.obj)
                              (--whole-archive)
zephyr/arch/arch/arm/core/cortex_m/libarch__arm__core__cortex_m.a(fpu.c.obj)
                              (--whole-archive)
zephyr/arch/arch/arm/core/cortex_m/libarch__arm__core__cortex_m.a(reset.S.obj)
                              (--whole-archive)
zephyr/arch/arch/arm/core/cortex_m/libarch__arm__core__cortex_m.a(scb.c.obj)
                              (--whole-archive)
zephyr/arch/arch/arm/core/cortex_m/libarch__arm__core__cortex_m.a(thread_abort.c.obj)
                              (--whole-archive)
zephyr/arch/arch/arm/core/cortex_m/libarch__arm__core__cortex_m.a(vector_table.S.obj)
                              (--whole-archive)
zephyr/arch/arch/arm/core/cortex_m/libarch__arm__core__cortex_m.a(swap_helper.S.obj)
                              (--whole-archive)
zephyr/arch/arch/arm/core/cortex_m/libarch__arm__core__cortex_m.a(irq_manage.c.obj)
[...]
Memory Configuration

Name             Origin             Length             Attributes
FLASH            0x0000000000000000 0x0000000000100000 xr
RAM              0x0000000020000000 0x0000000000040000 xw
IDT_LIST         0x00000000ffff7fff 0x0000000000008000 xw
*default*        0x0000000000000000 0xffffffffffffffff

Linker script and memory map

                0x0000000000008068                vfprintf = __d_vfprintf
                0x0000000000000000                vfscanf = __d_vfscanf
LOAD zephyr/CMakeFiles/zephyr_final.dir/misc/empty_file.c.obj
LOAD zephyr/CMakeFiles/zephyr_final.dir/isr_tables.c.obj
LOAD zephyr/CMakeFiles/offsets.dir/./arch/arm/core/offsets/offsets.c.obj
LOAD app/libapp.a
LOAD zephyr/libzephyr.a
LOAD zephyr/arch/common/libarch__common.a
LOAD zephyr/arch/arch/arm/core/libarch__arm__core.a
LOAD zephyr/arch/arch/arm/core/cortex_m/libarch__arm__core__cortex_m.a
LOAD zephyr/arch/arch/arm/core/mpu/libarch__arm__core__mpu.a
LOAD zephyr/lib/libc/picolibc/liblib__libc__picolibc.a
LOAD zephyr/lib/libc/common/liblib__libc__common.a
LOAD zephyr/soc/soc/nrf52840/libsoc__nordic.a
LOAD zephyr/drivers/adc/libdrivers__adc.a
LOAD zephyr/drivers/clock_control/libdrivers__clock_control.a
LOAD zephyr/drivers/console/libdrivers__console.a
LOAD zephyr/drivers/gpio/libdrivers__gpio.a
LOAD zephyr/drivers/pinctrl/libdrivers__pinctrl.a
LOAD zephyr/drivers/pwm/libdrivers__pwm.a
LOAD zephyr/drivers/serial/libdrivers__serial.a
LOAD zephyr/drivers/timer/libdrivers__timer.a
LOAD modules/nrf/drivers/hw_cc3xx/lib..__nrf__drivers__hw_cc3xx.a
LOAD modules/hal_nordic/modules/hal_nordic/nrfx/libmodules__hal_nordic__nrfx.a
LOAD zephyr/kernel/libkernel.a
LOAD zephyr/arch/common/libisr_tables.a
LOAD C:/ncs/v3.1.1/nrfxlib/crypto/nrf_cc310_platform/lib/cortex-m4/soft-float/no-interrupts/libnrf_cc310_platform_0.9.19.a
LOAD c:\ncs\toolchains\c1a76fddb2\opt\zephyr-sdk\arm-zephyr-eabi\bin\../lib/gcc/../../picolibc/arm-zephyr-eabi/lib/thumb/v7e-m/nofp\libc.a
LOAD c:/ncs/toolchains/c1a76fddb2/opt/zephyr-sdk/arm-zephyr-eabi/bin/../lib/gcc/arm-zephyr-eabi/12.2.0/thumb/v7e-m/nofp\libgcc.a
                0x0000000000000020                _region_min_align = 0x20

.rel.plt        0x0000000000000000        0x0
 *(SORT_BY_ALIGNMENT(.rel.plt))
                [!provide]                        PROVIDE (__rel_iplt_start = .)
 *(SORT_BY_ALIGNMENT(.rel.iplt))
 .rel.iplt      0x0000000000000000        0x0 zephyr/CMakeFiles/zephyr_final.dir/isr_tables.c.obj
                [!provide]                        PROVIDE (__rel_iplt_end = .)

.rela.plt       0x0000000000000000        0x0
 *(SORT_BY_ALIGNMENT(.rela.plt))
                [!provide]                        PROVIDE (__rela_iplt_start = .)
 *(SORT_BY_ALIGNMENT(.rela.iplt))
                [!provide]                        PROVIDE (__rela_iplt_end = .)

.rel.dyn
 *(SORT_BY_ALIGNMENT(.rel.*))

.rela.dyn
 *(SORT_BY_ALIGNMENT(.rela.*))

/DISCARD/
 *(SORT_BY_ALIGNMENT(.plt))

/DISCARD/
 *(SORT_BY_ALIGNMENT(.iplt))
                0x0000000000000000                __rom_region_start = 0x0

rom_start       0x0000000000000000      0x100
                0x0000000000000000                __rom_start_address = .
 FILL mask 0x00
                0x0000000000000000                . = (. + (0x0 - (. - __rom_start_address)))
                0x0000000000000000                . = ALIGN (0x4)
                0x0000000000000000                . = ALIGN (0x80)
                0x0000000000000000                . = ALIGN (0x100)
                0x0000000000000000                _vector_start = .
 *(SORT_BY_ALIGNMENT(.exc_vector_table))
 *(SORT_BY_ALIGNMENT(.exc_vector_table.*))
 .exc_vector_table._vector_table_section
                0x0000000000000000       0x40 zephyr/arch/arch/arm/core/cortex_m/libarch__arm__core__cortex_m.a(vector_table.S.obj)
                0x0000000000000000                _vector_table
 *(SORT_BY_ALIGNMENT(.vectors))
                0x0000000000000100                _vector_end = .
                0x0000000000000040                . = ALIGN (0x4)
 *(SORT_BY_ALIGNMENT(.gnu.linkonce.irq_vector_table*))
 .gnu.linkonce.irq_vector_table
                0x0000000000000040       0xc0 zephyr/CMakeFiles/zephyr_final.dir/isr_tables.c.obj
                0x0000000000000040                _irq_vector_table
                0x0000000000000100                _vector_end = .

text            0x0000000000000100     0xaab8
                0x0000000000000100                __text_region_start = .
 *(SORT_BY_ALIGNMENT(.text))
 .text          0x0000000000000100      0x378 c:/ncs/toolchains/c1a76fddb2/opt/zephyr-sdk/arm-zephyr-eabi/bin/../lib/gcc/arm-zephyr-eabi/12.2.0/thumb/v7e-m/nofp\libgcc.a(_arm_addsubdf3.o)
                0x0000000000000100                __aeabi_drsub
                0x0000000000000108                __aeabi_dsub
                0x0000000000000108                __subdf3
                0x000000000000010c                __aeabi_dadd
                0x000000000000010c                __adddf3
                0x0000000000000384                __floatunsidf
                0x0000000000000384                __aeabi_ui2d
                0x00000000000003a4                __floatsidf
                0x00000000000003a4                __aeabi_i2d
                0x00000000000003c8                __aeabi_f2d
                0x00000000000003c8                __extendsfdf2
                0x000000000000040c                __floatundidf
                0x000000000000040c                __aeabi_ul2d
                0x000000000000041c                __floatdidf
                0x000000000000041c                __aeabi_l2d
 .text          0x0000000000000478      0x21c c:/ncs/toolchains/c1a76fddb2/opt/zephyr-sdk/arm-zephyr-eabi/bin/../lib/gcc/arm-zephyr-eabi/12.2.0/thumb/v7e-m/nofp\libgcc.a(_arm_addsubsf3.o)
                0x0000000000000478                __aeabi_frsub
                0x0000000000000480                __subsf3
                0x0000000000000480                __aeabi_fsub
                0x0000000000000484                __aeabi_fadd
                0x0000000000000484                __addsf3
                0x00000000000005e4                __aeabi_ui2f
                0x00000000000005e4                __floatunsisf
                0x00000000000005ec                __aeabi_i2f
                0x00000000000005ec                __floatsisf
                0x0000000000000608                __aeabi_ul2f
                0x0000000000000608                __floatundisf
                0x0000000000000618                __aeabi_l2f
                0x0000000000000618                __floatdisf
 .text          0x0000000000000694      0x2a0 c:/ncs/toolchains/c1a76fddb2/opt/zephyr-sdk/arm-zephyr-eabi/bin/../lib/gcc/arm-zephyr-eabi/12.2.0/thumb/v7e-m/nofp\libgcc.a(_arm_muldivsf3.o)
                0x0000000000000694                __mulsf3
                0x0000000000000694                __aeabi_fmul
                0x00000000000007fc                __aeabi_fdiv
                0x00000000000007fc                __divsf3
 .text          0x0000000000000934       0xec c:/ncs/toolchains/c1a76fddb2/opt/zephyr-sdk/arm-zephyr-eabi/bin/../lib/gcc/arm-zephyr-eabi/12.2.0/thumb/v7e-m/nofp\libgcc.a(_arm_cmpsf2.o)
                0x0000000000000934                __gesf2
                0x0000000000000934                __gtsf2
                0x000000000000093c                __lesf2
                0x000000000000093c                __ltsf2
                0x0000000000000944                __nesf2
                0x0000000000000944                __eqsf2
                0x0000000000000944                __cmpsf2
                0x00000000000009a4                __aeabi_cfrcmple
                0x00000000000009ac                __aeabi_cfcmpeq
                0x00000000000009ac                __aeabi_cfcmple
                0x00000000000009bc                __aeabi_fcmpeq
                0x00000000000009d0                __aeabi_fcmplt
                0x00000000000009e4                __aeabi_fcmple
                0x00000000000009f8                __aeabi_fcmpge
                0x0000000000000a0c                __aeabi_fcmpgt
 .text          0x0000000000000a20       0x4c c:/ncs/toolchains/c1a76fddb2/opt/zephyr-sdk/arm-zephyr-eabi/bin/../lib/gcc/arm-zephyr-eabi/12.2.0/thumb/v7e-m/nofp\libgcc.a(_arm_fixsfsi.o)
                0x0000000000000a20                __aeabi_f2iz
                0x0000000000000a20                __fixsfsi
 .text          0x0000000000000a6c       0x30 c:/ncs/toolchains/c1a76fddb2/opt/zephyr-sdk/arm-zephyr-eabi/bin/../lib/gcc/arm-zephyr-eabi/12.2.0/thumb/v7e-m/nofp\libgcc.a(_aeabi_uldivmod.o)
                0x0000000000000a6c                __aeabi_uldivmod
 .text          0x0000000000000a9c        0x4 c:/ncs/toolchains/c1a76fddb2/opt/zephyr-sdk/arm-zephyr-eabi/bin/../lib/gcc/arm-zephyr-eabi/12.2.0/thumb/v7e-m/nofp\libgcc.a(_dvmd_tls.o)
                0x0000000000000a9c                __aeabi_idiv0
                0x0000000000000a9c                __aeabi_ldiv0
 .text          0x0000000000000aa0       0x10 c:\ncs\toolchains\c1a76fddb2\opt\zephyr-sdk\arm-zephyr-eabi\bin\../lib/gcc/../../picolibc/arm-zephyr-eabi/lib/thumb/v7e-m/nofp\libc.a(strlen.S.o)
                0x0000000000000aa0                strlen
 .text          0x0000000000000ab0      0x2a0 c:/ncs/toolchains/c1a76fddb2/opt/zephyr-sdk/arm-zephyr-eabi/bin/../lib/gcc/arm-zephyr-eabi/12.2.0/thumb/v7e-m/nofp\libgcc.a(_udivmoddi4.o)
                0x0000000000000ab0                __udivmoddi4
 *(SORT_BY_ALIGNMENT(.text.*))
 .text.set_pwm  0x0000000000000d50       0xd0 app/libapp.a(heater_PWM.c.obj)
 .text.heater_init
                0x0000000000000e20       0x34 app/libapp.a(heater_PWM.c.obj)
                0x0000000000000e20                heater_init
 .text.pwm_thread_entry
                0x0000000000000e54       0x2c app/libapp.a(heater_PWM.c.obj)
                0x0000000000000e54                pwm_thread_entry
 .text.adc_get_raw_internal
                0x0000000000000e80        0xc app/libapp.a(adc_temp.c.obj)
                0x0000000000000e80                adc_get_raw_internal
 .text.adc_temp_init
                0x0000000000000e8c       0x50 app/libapp.a(adc_temp.c.obj)
                0x0000000000000e8c                adc_temp_init
 .text.adc_thread_entry
                0x0000000000000edc       0x9c app/libapp.a(adc_temp.c.obj)
                0x0000000000000edc                adc_thread_entry
 .text.control_thread
                0x0000000000000f78       0x84 app/libapp.a(control.c.obj)
                0x0000000000000f78                control_thread
 .text.pid_init
                0x0000000000000ffc       0x18 app/libapp.a(pid.c.obj)
                0x0000000000000ffc                pid_init
 .text.button_inc_handler
                0x0000000000001014       0x40 app/libapp.a(UI.c.obj)
                0x0000000000001014                button_inc_handler
 .text.button_dec_handler
                0x0000000000001054       0x40 app/libapp.a(UI.c.obj)
                0x0000000000001054                button_dec_handler
 .text.gpio_add_callback.constprop.0.isra.0
                0x0000000000001094       0x14 app/libapp.a(UI.c.obj)
 .text.button_enable_handler
                0x00000000000010a8       0x44 app/libapp.a(UI.c.obj)
                0x00000000000010a8                button_enable_handler
 .text.ui_init  0x00000000000010ec       0xd8 app/libapp.a(UI.c.obj)
                0x00000000000010ec                ui_init
 .text.ui_led_thread_entry
                0x00000000000011c4       0xe8 app/libapp.a(UI.c.obj)
                0x00000000000011c4                ui_led_thread_entry
 .text.k_mutex_lock.constprop.0.isra.0
                0x00000000000012ac       0x10 app/libapp.a(database.c.obj)
 .text.k_mutex_unlock.constprop.0.isra.0
                0x00000000000012bc        0xc app/libapp.a(database.c.obj)
 .text.db_write_target_temp
                0x00000000000012c8       0x30 app/libapp.a(database.c.obj)
                0x00000000000012c8                db_write_target_temp
 .text.db_read_target_temp
                0x00000000000012f8       0x20 app/libapp.a(database.c.obj)
                0x00000000000012f8                db_read_target_temp
 .text.db_write_current_temp
                0x0000000000001318       0x20 app/libapp.a(database.c.obj)
                0x0000000000001318                db_write_current_temp
 .text.db_read_current_temp
                0x0000000000001338       0x20 app/libapp.a(database.c.obj)
                0x0000000000001338                db_read_current_temp
 .text.db_write_current_power
                0x0000000000001358       0x20 app/libapp.a(database.c.obj)
                0x0000000000001358                db_write_current_power
 .text.db_read_current_power
                0x0000000000001378       0x20 app/libapp.a(database.c.obj)
                0x0000000000001378                db_read_current_power
 .text.db_write_system_enable
                0x0000000000001398        0xc app/libapp.a(database.c.obj)
                0x0000000000001398                db_write_system_enable
 .text.db_read_system_enable
                0x00000000000013a4       0x20 app/libapp.a(database.c.obj)
                0x00000000000013a4                db_read_system_enable
 .text.display_thread
                0x00000000000013c4      0x114 app/libapp.a(display_uart.c.obj)
                0x00000000000013c4                display_thread
 .text.filter_thread_entry
                0x00000000000014d8       0x54 app/libapp.a(filter.c.obj)
                0x00000000000014d8                filter_thread_entry
 .text.cbvprintf_package
                0x000000000000152c      0x3a4 zephyr/libzephyr.a(cbprintf_packaged.c.obj)
                0x000000000000152c                cbvprintf_package
 .text.cbprintf_package_convert
                0x00000000000018d0      0x3cc zephyr/libzephyr.a(cbprintf_packaged.c.obj)
                0x00000000000018d0                cbprintf_package_convert
 .text.__printk_hook_install
                0x0000000000001c9c        0xc zephyr/libzephyr.a(printk.c.obj)
                0x0000000000001c9c                __printk_hook_install
 .text.z_thread_entry
                0x0000000000001ca8       0x34 zephyr/libzephyr.a(thread_entry.c.obj)
                0x0000000000001ca8                z_thread_entry
 .text.process_event
                0x0000000000001cdc      0x21c zephyr/libzephyr.a(onoff.c.obj)
 .text.activate_foreach_backend
                0x0000000000001ef8       0x64 zephyr/libzephyr.a(log_core.c.obj)
 .text.enable_logger
                0x0000000000001f5c       0x5c zephyr/libzephyr.a(log_core.c.obj)
 .text.log_process_thread_timer_expiry_fn
                0x0000000000001fb8        0xc zephyr/libzephyr.a(log_core.c.obj)
 .text.z_log_init
                0x0000000000001fc4       0x98 zephyr/libzephyr.a(log_core.c.obj)
 .text.log_format_func_t_get
                0x000000000000205c        0xc zephyr/libzephyr.a(log_core.c.obj)
                0x000000000000205c                log_format_func_t_get
 .text.log_set_timestamp_func
                0x0000000000002068       0x20 zephyr/libzephyr.a(log_core.c.obj)
                0x0000000000002068                log_set_timestamp_func
 .text.z_log_notify_backend_enabled
                0x0000000000002088       0x1c zephyr/libzephyr.a(log_core.c.obj)
                0x0000000000002088                z_log_notify_backend_enabled
 .text.z_log_dropped
                0x00000000000020a4       0x44 zephyr/libzephyr.a(log_core.c.obj)
                0x00000000000020a4                z_log_dropped
 .text.z_log_dropped_read_and_clear
                0x00000000000020e8       0x20 zephyr/libzephyr.a(log_core.c.obj)
                0x00000000000020e8                z_log_dropped_read_and_clear
 .text.dropped_notify
                0x0000000000002108       0x30 zephyr/libzephyr.a(log_core.c.obj)
                0x0000000000002108                dropped_notify
 .text.z_log_msg_init
                0x0000000000002138       0x20 zephyr/libzephyr.a(log_core.c.obj)
                0x0000000000002138                z_log_msg_init
 .text.log_core_init
                0x0000000000002158       0x50 zephyr/libzephyr.a(log_core.c.obj)
                0x0000000000002158                log_core_init
 .text.z_log_msg_alloc
                0x00000000000021a8       0x10 zephyr/libzephyr.a(log_core.c.obj)
                0x00000000000021a8                z_log_msg_alloc
 .text.z_log_msg_local_claim
                0x00000000000021b8        0xc zephyr/libzephyr.a(log_core.c.obj)
                0x00000000000021b8                z_log_msg_local_claim
 .text.z_log_msg_free
                0x00000000000021c4       0x10 zephyr/libzephyr.a(log_core.c.obj)
                0x00000000000021c4                z_log_msg_free
 .text.z_log_msg_pending
                0x00000000000021d4        0xc zephyr/libzephyr.a(log_core.c.obj)
                0x00000000000021d4                z_log_msg_pending
 .text.z_impl_log_process
                0x00000000000021e0       0xc0 zephyr/libzephyr.a(log_core.c.obj)
                0x00000000000021e0                z_impl_log_process
 .text.z_impl_log_panic
                0x00000000000022a0       0x44 zephyr/libzephyr.a(log_core.c.obj)
                0x00000000000022a0                z_impl_log_panic
 .text.log_process_thread_func
                0x00000000000022e4       0xa4 zephyr/libzephyr.a(log_core.c.obj)
 .text.z_log_msg_post_finalize
                0x0000000000002388       0x78 zephyr/libzephyr.a(log_core.c.obj)
 .text.z_log_msg_commit
                0x0000000000002400       0x24 zephyr/libzephyr.a(log_core.c.obj)
                0x0000000000002400                z_log_msg_commit
 .text.log_source_name_get
                0x0000000000002424       0x1c zephyr/libzephyr.a(log_mgmt.c.obj)
                0x0000000000002424                log_source_name_get
 .text.z_impl_z_log_msg_static_create
                0x0000000000002440      0x108 zephyr/libzephyr.a(log_msg.c.obj)
                0x0000000000002440                z_impl_z_log_msg_static_create
 .text.z_log_msg_runtime_vcreate
                0x0000000000002548       0xa0 zephyr/libzephyr.a(log_msg.c.obj)
                0x0000000000002548                z_log_msg_runtime_vcreate
 .text.log_msg_get_source_id
                0x00000000000025e8       0x18 zephyr/libzephyr.a(log_msg.c.obj)
                0x00000000000025e8                log_msg_get_source_id
 .text.print_formatted
                0x0000000000002600       0x24 zephyr/libzephyr.a(log_output.c.obj)
 .text.newline_print
                0x0000000000002624       0x1c zephyr/libzephyr.a(log_output.c.obj)
 .text.log_output_process
                0x0000000000002640      0x2d4 zephyr/libzephyr.a(log_output.c.obj)
                0x0000000000002640                log_output_process
 .text.log_output_dropped_process
                0x0000000000002914       0x58 zephyr/libzephyr.a(log_output.c.obj)
                0x0000000000002914                log_output_dropped_process
 .text.log_output_timestamp_freq_set
                0x000000000000296c       0x2c zephyr/libzephyr.a(log_output.c.obj)
                0x000000000000296c                log_output_timestamp_freq_set
 .text.char_out
                0x0000000000002998       0x24 zephyr/libzephyr.a(log_backend_uart.c.obj)
 .text.mem_attr_get_regions
                0x00000000000029bc        0xc zephyr/libzephyr.a(mem_attr.c.obj)
                0x00000000000029bc                mem_attr_get_regions
 .text.boot_banner
                0x00000000000029c8       0x1c zephyr/libzephyr.a(banner.c.obj)
                0x00000000000029c8                boot_banner
 .text.nrf_cc3xx_platform_abort_init
                0x00000000000029e4        0xc zephyr/libzephyr.a(nrf_cc3xx_platform_abort_zephyr.c.obj)
                0x00000000000029e4                nrf_cc3xx_platform_abort_init
 .text.mutex_free_platform
                0x00000000000029f0       0x54 zephyr/libzephyr.a(nrf_cc3xx_platform_mutex_zephyr.c.obj)
 .text.mutex_lock_platform
                0x0000000000002a44       0x60 zephyr/libzephyr.a(nrf_cc3xx_platform_mutex_zephyr.c.obj)
 .text.mutex_unlock_platform
                0x0000000000002aa4       0x58 zephyr/libzephyr.a(nrf_cc3xx_platform_mutex_zephyr.c.obj)
 .text.mutex_init_platform
                0x0000000000002afc       0x94 zephyr/libzephyr.a(nrf_cc3xx_platform_mutex_zephyr.c.obj)
 .text.nrf_cc3xx_platform_mutex_init
                0x0000000000002b90       0x2c zephyr/libzephyr.a(nrf_cc3xx_platform_mutex_zephyr.c.obj)
                0x0000000000002b90                nrf_cc3xx_platform_mutex_init
 .text.z_arm_fatal_error
                0x0000000000002bbc       0xb8 zephyr/arch/arch/arm/core/libarch__arm__core.a(fatal.c.obj)
                0x0000000000002bbc                z_arm_fatal_error
 .text.z_SysNmiOnReset
                0x0000000000002c74        0x8 zephyr/arch/arch/arm/core/libarch__arm__core.a(nmi_on_reset.S.obj)
                0x0000000000002c74                z_SysNmiOnReset
 .text.arch_tls_stack_setup
                0x0000000000002c7c       0x40 zephyr/arch/arch/arm/core/libarch__arm__core.a(tls.c.obj)
                0x0000000000002c7c                arch_tls_stack_setup
 .text._HandlerModeExit
                0x0000000000002cbc       0x20 zephyr/arch/arch/arm/core/cortex_m/libarch__arm__core__cortex_m.a(exc_exit.c.obj)
                0x0000000000002cbc                z_arm_int_exit
                0x0000000000002cbc                z_arm_exc_exit
 .text.bus_fault.constprop.0
                0x0000000000002cdc       0xd0 zephyr/arch/arch/arm/core/cortex_m/libarch__arm__core__cortex_m.a(fault.c.obj)
 .text.usage_fault.constprop.0
                0x0000000000002dac       0xa8 zephyr/arch/arch/arm/core/cortex_m/libarch__arm__core__cortex_m.a(fault.c.obj)
 .text.mem_manage_fault
                0x0000000000002e54      0x104 zephyr/arch/arch/arm/core/cortex_m/libarch__arm__core__cortex_m.a(fault.c.obj)
 .text.z_arm_fault
                0x0000000000002f58      0x1d4 zephyr/arch/arch/arm/core/cortex_m/libarch__arm__core__cortex_m.a(fault.c.obj)
                0x0000000000002f58                z_arm_fault
 .text.z_arm_fault_init
                0x000000000000312c       0x18 zephyr/arch/arch/arm/core/cortex_m/libarch__arm__core__cortex_m.a(fault.c.obj)
                0x000000000000312c                z_arm_fault_init
 .text.__fault  0x0000000000003144       0x14 zephyr/arch/arch/arm/core/cortex_m/libarch__arm__core__cortex_m.a(fault_s.S.obj)
                0x0000000000003144                z_arm_usage_fault
                0x0000000000003144                z_arm_mpu_fault
                0x0000000000003144                z_arm_exc_spurious
                0x0000000000003144                z_arm_debug_monitor
                0x0000000000003144                z_arm_hard_fault
                0x0000000000003144                z_arm_bus_fault
 .text._reset_section
                0x0000000000003158       0x54 zephyr/arch/arch/arm/core/cortex_m/libarch__arm__core__cortex_m.a(reset.S.obj)
                0x0000000000003158                __start
                0x0000000000003158                z_arm_reset
 .text.z_arm_clear_arm_mpu_config
                0x00000000000031ac       0x24 zephyr/arch/arch/arm/core/cortex_m/libarch__arm__core__cortex_m.a(scb.c.obj)
                0x00000000000031ac                z_arm_clear_arm_mpu_config
 .text.z_arm_init_arch_hw_at_boot
                0x00000000000031d0       0x64 zephyr/arch/arch/arm/core/cortex_m/libarch__arm__core__cortex_m.a(scb.c.obj)
                0x00000000000031d0                z_arm_init_arch_hw_at_boot
 .text.z_impl_k_thread_abort
                0x0000000000003234       0x2c zephyr/arch/arch/arm/core/cortex_m/libarch__arm__core__cortex_m.a(thread_abort.c.obj)
                0x0000000000003234                z_impl_k_thread_abort
 .text.z_arm_pendsv
                0x0000000000003260       0x60 zephyr/arch/arch/arm/core/cortex_m/libarch__arm__core__cortex_m.a(swap_helper.S.obj)
                0x0000000000003260                z_arm_pendsv
 .text.z_arm_svc
                0x00000000000032c0       0x24 zephyr/arch/arch/arm/core/cortex_m/libarch__arm__core__cortex_m.a(swap_helper.S.obj)
                0x00000000000032c0                z_arm_svc
 .text.arm_irq_enable
                0x00000000000032e4       0x1c zephyr/arch/arch/arm/core/cortex_m/libarch__arm__core__cortex_m.a(irq_manage.c.obj)
                0x00000000000032e4                arm_irq_enable
 .text.arm_irq_is_enabled
                0x0000000000003300       0x1c zephyr/arch/arch/arm/core/cortex_m/libarch__arm__core__cortex_m.a(irq_manage.c.obj)
                0x0000000000003300                arm_irq_is_enabled
 .text.arm_irq_priority_set
                0x000000000000331c       0x30 zephyr/arch/arch/arm/core/cortex_m/libarch__arm__core__cortex_m.a(irq_manage.c.obj)
                0x000000000000331c                arm_irq_priority_set
 .text.relocate_vector_table
                0x000000000000334c       0x1c zephyr/arch/arch/arm/core/cortex_m/libarch__arm__core__cortex_m.a(prep_c.c.obj)
                0x000000000000334c                relocate_vector_table
 .text.z_prep_c
                0x0000000000003368       0x28 zephyr/arch/arch/arm/core/cortex_m/libarch__arm__core__cortex_m.a(prep_c.c.obj)
                0x0000000000003368                z_prep_c
 .text.arch_new_thread
                0x0000000000003390       0x38 zephyr/arch/arch/arm/core/cortex_m/libarch__arm__core__cortex_m.a(thread.c.obj)
                0x0000000000003390                arch_new_thread
 .text.z_check_thread_stack_fail
                0x00000000000033c8       0x2c zephyr/arch/arch/arm/core/cortex_m/libarch__arm__core__cortex_m.a(thread.c.obj)
                0x00000000000033c8                z_check_thread_stack_fail
 .text.arch_switch_to_main_thread
                0x00000000000033f4       0x3c zephyr/arch/arch/arm/core/cortex_m/libarch__arm__core__cortex_m.a(thread.c.obj)
                0x00000000000033f4                arch_switch_to_main_thread
 .text.z_arm_cpu_idle_init
                0x0000000000003430        0xc zephyr/arch/arch/arm/core/cortex_m/libarch__arm__core__cortex_m.a(cpu_idle.c.obj)
                0x0000000000003430                z_arm_cpu_idle_init
 .text.z_arm_interrupt_init
                0x000000000000343c       0x18 zephyr/arch/arch/arm/core/cortex_m/libarch__arm__core__cortex_m.a(irq_init.c.obj)
                0x000000000000343c                z_arm_interrupt_init
 .text._isr_wrapper
                0x0000000000003454       0x24 zephyr/arch/arch/arm/core/cortex_m/libarch__arm__core__cortex_m.a(isr_wrapper.c.obj)
                0x0000000000003454                _isr_wrapper
 .text.z_arm_configure_static_mpu_regions
                0x0000000000003478       0x18 zephyr/arch/arch/arm/core/mpu/libarch__arm__core__mpu.a(arm_core_mpu.c.obj)
                0x0000000000003478                z_arm_configure_static_mpu_regions
 .text.z_arm_configure_dynamic_mpu_regions
                0x0000000000003490       0x20 zephyr/arch/arch/arm/core/mpu/libarch__arm__core__mpu.a(arm_core_mpu.c.obj)
                0x0000000000003490                z_arm_configure_dynamic_mpu_regions
 .text.region_allocate_and_init
                0x00000000000034b0       0x54 zephyr/arch/arch/arm/core/mpu/libarch__arm__core__mpu.a(arm_mpu.c.obj)
 .text.mpu_configure_regions
                0x0000000000003504       0x68 zephyr/arch/arch/arm/core/mpu/libarch__arm__core__mpu.a(arm_mpu.c.obj)
 .text.arm_core_mpu_enable
                0x000000000000356c       0x18 zephyr/arch/arch/arm/core/mpu/libarch__arm__core__mpu.a(arm_mpu.c.obj)
                0x000000000000356c                arm_core_mpu_enable
 .text.arm_core_mpu_disable
                0x0000000000003584       0x14 zephyr/arch/arch/arm/core/mpu/libarch__arm__core__mpu.a(arm_mpu.c.obj)
                0x0000000000003584                arm_core_mpu_disable
 .text.arm_core_mpu_configure_static_mpu_regions
                0x0000000000003598       0x14 zephyr/arch/arch/arm/core/mpu/libarch__arm__core__mpu.a(arm_mpu.c.obj)
                0x0000000000003598                arm_core_mpu_configure_static_mpu_regions
 .text.arm_core_mpu_configure_dynamic_mpu_regions
                0x00000000000035ac       0x38 zephyr/arch/arch/arm/core/mpu/libarch__arm__core__mpu.a(arm_mpu.c.obj)
                0x00000000000035ac                arm_core_mpu_configure_dynamic_mpu_regions
 .text.z_arm_mpu_init
                0x00000000000035e4      0x17c zephyr/arch/arch/arm/core/mpu/libarch__arm__core__mpu.a(arm_mpu.c.obj)
                0x00000000000035e4                z_arm_mpu_init
 .text.cbvprintf
                0x0000000000003760       0x38 zephyr/lib/libc/picolibc/liblib__libc__picolibc.a(cbprintf.c.obj)
                0x0000000000003760                cbvprintf
 .text.z_impl_zephyr_fputc
                0x0000000000003798       0x10 zephyr/lib/libc/picolibc/liblib__libc__picolibc.a(stdio.c.obj)
                0x0000000000003798                z_impl_zephyr_fputc
 .text.__stdout_hook_install
                0x00000000000037a8       0x18 zephyr/lib/libc/picolibc/liblib__libc__picolibc.a(stdio.c.obj)
                0x00000000000037a8                __stdout_hook_install
 .text.malloc_prepare
                0x00000000000037c0       0x24 zephyr/lib/libc/common/liblib__libc__common.a(malloc.c.obj)
 .text.nordicsemi_nrf52_init
                0x00000000000037e4       0x44 zephyr/soc/soc/nrf52840/libsoc__nordic.a(soc.c.obj)
 .text.arch_busy_wait
                0x0000000000003828       0x14 zephyr/soc/soc/nrf52840/libsoc__nordic.a(soc.c.obj)
                0x0000000000003828                arch_busy_wait
 .text.adc_gain_invert
                0x000000000000383c       0x2c zephyr/drivers/adc/libdrivers__adc.a(adc_common.c.obj)
                0x000000000000383c                adc_gain_invert
 .text.adc_context_start_sampling.part.0.constprop.0
                0x0000000000003868       0x3c zephyr/drivers/adc/libdrivers__adc.a(adc_nrfx_saadc.c.obj)
 .text.adc_context_start_sampling.constprop.0
                0x00000000000038a4       0x1c zephyr/drivers/adc/libdrivers__adc.a(adc_nrfx_saadc.c.obj)
 .text.adc_context_on_timer_expired
                0x00000000000038c0       0x2c zephyr/drivers/adc/libdrivers__adc.a(adc_nrfx_saadc.c.obj)
 .text.init_saadc.part.0.isra.0
                0x00000000000038ec       0x3c zephyr/drivers/adc/libdrivers__adc.a(adc_nrfx_saadc.c.obj)
 .text.init_saadc
                0x0000000000003928       0x50 zephyr/drivers/adc/libdrivers__adc.a(adc_nrfx_saadc.c.obj)
 .text.event_handler
                0x0000000000003978      0x188 zephyr/drivers/adc/libdrivers__adc.a(adc_nrfx_saadc.c.obj)
 .text.adc_nrfx_channel_setup
                0x0000000000003b00      0x190 zephyr/drivers/adc/libdrivers__adc.a(adc_nrfx_saadc.c.obj)
 .text.adc_nrfx_read
                0x0000000000003c90      0x254 zephyr/drivers/adc/libdrivers__adc.a(adc_nrfx_saadc.c.obj)
 .text.onoff_stop
                0x0000000000003ee4       0x30 zephyr/drivers/clock_control/libdrivers__clock_control.a(clock_control_nrf.c.obj)
 .text.onoff_start
                0x0000000000003f14       0x44 zephyr/drivers/clock_control/libdrivers__clock_control.a(clock_control_nrf.c.obj)
 .text.generic_hfclk_stop
                0x0000000000003f58       0x34 zephyr/drivers/clock_control/libdrivers__clock_control.a(clock_control_nrf.c.obj)
 .text.clk_init
                0x0000000000003f8c       0x58 zephyr/drivers/clock_control/libdrivers__clock_control.a(clock_control_nrf.c.obj)
 .text.api_blocking_start
                0x0000000000003fe4       0x34 zephyr/drivers/clock_control/libdrivers__clock_control.a(clock_control_nrf.c.obj)
 .text.clkstarted_handle.constprop.0
                0x0000000000004018       0x4c zephyr/drivers/clock_control/libdrivers__clock_control.a(clock_control_nrf.c.obj)
 .text.generic_hfclk_start
                0x0000000000004064       0x78 zephyr/drivers/clock_control/libdrivers__clock_control.a(clock_control_nrf.c.obj)
 .text.clock_event_handler
                0x00000000000040dc       0x1c zephyr/drivers/clock_control/libdrivers__clock_control.a(clock_control_nrf.c.obj)
 .text.z_nrf_clock_control_lf_on
                0x00000000000040f8       0xfc zephyr/drivers/clock_control/libdrivers__clock_control.a(clock_control_nrf.c.obj)
                0x00000000000040f8                z_nrf_clock_control_lf_on
 .text.uart_console_init
                0x00000000000041f4       0x28 zephyr/drivers/console/libdrivers__console.a(uart_console.c.obj)
 .text.console_out
                0x000000000000421c       0x28 zephyr/drivers/console/libdrivers__console.a(uart_console.c.obj)
 .text.gpio_nrfx_pin_interrupt_configure
                0x0000000000004244      0x11c zephyr/drivers/gpio/libdrivers__gpio.a(gpio_nrfx.c.obj)
 .text.nrfx_gpio_handler
                0x0000000000004360       0x4c zephyr/drivers/gpio/libdrivers__gpio.a(gpio_nrfx.c.obj)
 .text.gpio_nrfx_init
                0x00000000000043ac       0x48 zephyr/drivers/gpio/libdrivers__gpio.a(gpio_nrfx.c.obj)
 .text.gpio_nrfx_pin_configure
                0x00000000000043f4      0x18c zephyr/drivers/gpio/libdrivers__gpio.a(gpio_nrfx.c.obj)
 .text.nrf_gpio_pin_port_decode
                0x0000000000004580       0x20 zephyr/drivers/pinctrl/libdrivers__pinctrl.a(pinctrl_nrf.c.obj)
 .text.pinctrl_configure_pins
                0x00000000000045a0      0x1a4 zephyr/drivers/pinctrl/libdrivers__pinctrl.a(pinctrl_nrf.c.obj)
                0x00000000000045a0                pinctrl_configure_pins
 .text.nrf_gpio_pin_port_decode
                0x0000000000004744       0x20 zephyr/drivers/pwm/libdrivers__pwm.a(pwm_nrfx.c.obj)
 .text.pwm_nrfx_init0
                0x0000000000004764       0xe4 zephyr/drivers/pwm/libdrivers__pwm.a(pwm_nrfx.c.obj)
 .text.pwm_nrfx_set_cycles
                0x0000000000004848      0x170 zephyr/drivers/pwm/libdrivers__pwm.a(pwm_nrfx.c.obj)
 .text.uarte_nrfx_poll_out
                0x00000000000049b8       0xb4 zephyr/drivers/serial/libdrivers__serial.a(uart_nrfx_uarte.c.obj)
 .text.uarte_0_init
                0x0000000000004a6c      0x118 zephyr/drivers/serial/libdrivers__serial.a(uart_nrfx_uarte.c.obj)
 .text.compare_int_lock
                0x0000000000004b84       0x48 zephyr/drivers/timer/libdrivers__timer.a(nrf_rtc_timer.c.obj)
 .text.sys_clock_timeout_handler
                0x0000000000004bcc       0x48 zephyr/drivers/timer/libdrivers__timer.a(nrf_rtc_timer.c.obj)
 .text.compare_int_unlock
                0x0000000000004c14       0x5c zephyr/drivers/timer/libdrivers__timer.a(nrf_rtc_timer.c.obj)
 .text.z_nrf_rtc_timer_read
                0x0000000000004c70       0x44 zephyr/drivers/timer/libdrivers__timer.a(nrf_rtc_timer.c.obj)
                0x0000000000004c70                z_nrf_rtc_timer_read
 .text.compare_set
                0x0000000000004cb4      0x130 zephyr/drivers/timer/libdrivers__timer.a(nrf_rtc_timer.c.obj)
 .text.sys_clock_driver_init
                0x0000000000004de4       0x90 zephyr/drivers/timer/libdrivers__timer.a(nrf_rtc_timer.c.obj)
 .text.rtc_nrf_isr
                0x0000000000004e74       0xd4 zephyr/drivers/timer/libdrivers__timer.a(nrf_rtc_timer.c.obj)
                0x0000000000004e74                rtc_nrf_isr
 .text.sys_clock_set_timeout
                0x0000000000004f48       0x5c zephyr/drivers/timer/libdrivers__timer.a(nrf_rtc_timer.c.obj)
                0x0000000000004f48                sys_clock_set_timeout
 .text.sys_clock_elapsed
                0x0000000000004fa4       0x14 zephyr/drivers/timer/libdrivers__timer.a(nrf_rtc_timer.c.obj)
                0x0000000000004fa4                sys_clock_elapsed
 .text.nrf52_errata_98
                0x0000000000004fb8       0x24 modules/hal_nordic/modules/hal_nordic/nrfx/libmodules__hal_nordic__nrfx.a(system_nrf52840.c.obj)
 .text.nvmc_wait
                0x0000000000004fdc       0x10 modules/hal_nordic/modules/hal_nordic/nrfx/libmodules__hal_nordic__nrfx.a(system_nrf52840.c.obj)
                0x0000000000004fdc                nvmc_wait
 .text.SystemInit
                0x0000000000004fec      0x1bc modules/hal_nordic/modules/hal_nordic/nrfx/libmodules__hal_nordic__nrfx.a(system_nrf52840.c.obj)
                0x0000000000004fec                SystemInit
 .text.nrfx_flag32_alloc
                0x00000000000051a8       0x48 modules/hal_nordic/modules/hal_nordic/nrfx/libmodules__hal_nordic__nrfx.a(nrfx_flag32_allocator.c.obj)
                0x00000000000051a8                nrfx_flag32_alloc
 .text.nrfx_flag32_free
                0x00000000000051f0       0x40 modules/hal_nordic/modules/hal_nordic/nrfx/libmodules__hal_nordic__nrfx.a(nrfx_flag32_allocator.c.obj)
                0x00000000000051f0                nrfx_flag32_free
 .text.nrfx_gppi_channels_enable
                0x0000000000005230        0xc modules/hal_nordic/modules/hal_nordic/nrfx/libmodules__hal_nordic__nrfx.a(nrfx_gppi_ppi.c.obj)
                0x0000000000005230                nrfx_gppi_channels_enable
 .text.clock_stop
                0x000000000000523c       0xc4 modules/hal_nordic/modules/hal_nordic/nrfx/libmodules__hal_nordic__nrfx.a(nrfx_clock.c.obj)
 .text.nrfx_clock_init
                0x0000000000005300       0x20 modules/hal_nordic/modules/hal_nordic/nrfx/libmodules__hal_nordic__nrfx.a(nrfx_clock.c.obj)
                0x0000000000005300                nrfx_clock_init
 .text.nrfx_clock_enable
                0x0000000000005320       0x24 modules/hal_nordic/modules/hal_nordic/nrfx/libmodules__hal_nordic__nrfx.a(nrfx_clock.c.obj)
                0x0000000000005320                nrfx_clock_enable
 .text.nrfx_clock_start
                0x0000000000005344       0xa8 modules/hal_nordic/modules/hal_nordic/nrfx/libmodules__hal_nordic__nrfx.a(nrfx_clock.c.obj)
                0x0000000000005344                nrfx_clock_start
 .text.nrfx_power_clock_irq_handler
                0x00000000000053ec       0x7c modules/hal_nordic/modules/hal_nordic/nrfx/libmodules__hal_nordic__nrfx.a(nrfx_clock.c.obj)
                0x00000000000053ec                nrfx_power_clock_irq_handler
 .text.nrf_gpio_pin_port_decode
                0x0000000000005468       0x20 modules/hal_nordic/modules/hal_nordic/nrfx/libmodules__hal_nordic__nrfx.a(nrfx_gpiote.c.obj)
 .text.get_pin_idx
                0x0000000000005488       0x14 modules/hal_nordic/modules/hal_nordic/nrfx/libmodules__hal_nordic__nrfx.a(nrfx_gpiote.c.obj)
 .text.call_handler.constprop.0
                0x000000000000549c       0x40 modules/hal_nordic/modules/hal_nordic/nrfx/libmodules__hal_nordic__nrfx.a(nrfx_gpiote.c.obj)
 .text.pin_te_get.constprop.0
                0x00000000000054dc       0x18 modules/hal_nordic/modules/hal_nordic/nrfx/libmodules__hal_nordic__nrfx.a(nrfx_gpiote.c.obj)
 .text.pin_is_output.constprop.0
                0x00000000000054f4       0x18 modules/hal_nordic/modules/hal_nordic/nrfx/libmodules__hal_nordic__nrfx.a(nrfx_gpiote.c.obj)
 .text.pin_in_use_by_te.constprop.0
                0x000000000000550c       0x18 modules/hal_nordic/modules/hal_nordic/nrfx/libmodules__hal_nordic__nrfx.a(nrfx_gpiote.c.obj)
 .text.latch_pending_read_and_check
                0x0000000000005524       0x40 modules/hal_nordic/modules/hal_nordic/nrfx/libmodules__hal_nordic__nrfx.a(nrfx_gpiote.c.obj)
 .text.release_handler.isra.0
                0x0000000000005564       0x58 modules/hal_nordic/modules/hal_nordic/nrfx/libmodules__hal_nordic__nrfx.a(nrfx_gpiote.c.obj)
 .text.__nrfy_internal_gpiote_events_process.constprop.0
                0x00000000000055bc       0x5c modules/hal_nordic/modules/hal_nordic/nrfx/libmodules__hal_nordic__nrfx.a(nrfx_gpiote.c.obj)
 .text.pin_uninit
                0x0000000000005618       0x80 modules/hal_nordic/modules/hal_nordic/nrfx/libmodules__hal_nordic__nrfx.a(nrfx_gpiote.c.obj)
 .text.nrfx_gpiote_input_configure
                0x0000000000005698      0x178 modules/hal_nordic/modules/hal_nordic/nrfx/libmodules__hal_nordic__nrfx.a(nrfx_gpiote.c.obj)
                0x0000000000005698                nrfx_gpiote_input_configure
 .text.nrfx_gpiote_output_configure
                0x0000000000005810       0xfc modules/hal_nordic/modules/hal_nordic/nrfx/libmodules__hal_nordic__nrfx.a(nrfx_gpiote.c.obj)
                0x0000000000005810                nrfx_gpiote_output_configure
 .text.nrfx_gpiote_global_callback_set
                0x000000000000590c        0xc modules/hal_nordic/modules/hal_nordic/nrfx/libmodules__hal_nordic__nrfx.a(nrfx_gpiote.c.obj)
                0x000000000000590c                nrfx_gpiote_global_callback_set
 .text.nrfx_gpiote_channel_get
                0x0000000000005918       0x34 modules/hal_nordic/modules/hal_nordic/nrfx/libmodules__hal_nordic__nrfx.a(nrfx_gpiote.c.obj)
                0x0000000000005918                nrfx_gpiote_channel_get
 .text.nrfx_gpiote_init
                0x000000000000594c       0x48 modules/hal_nordic/modules/hal_nordic/nrfx/libmodules__hal_nordic__nrfx.a(nrfx_gpiote.c.obj)
                0x000000000000594c                nrfx_gpiote_init
 .text.nrfx_gpiote_init_check
                0x0000000000005994       0x14 modules/hal_nordic/modules/hal_nordic/nrfx/libmodules__hal_nordic__nrfx.a(nrfx_gpiote.c.obj)
                0x0000000000005994                nrfx_gpiote_init_check
 .text.nrfx_gpiote_channel_free
                0x00000000000059a8       0x10 modules/hal_nordic/modules/hal_nordic/nrfx/libmodules__hal_nordic__nrfx.a(nrfx_gpiote.c.obj)
                0x00000000000059a8                nrfx_gpiote_channel_free
 .text.nrfx_gpiote_channel_alloc
                0x00000000000059b8       0x10 modules/hal_nordic/modules/hal_nordic/nrfx/libmodules__hal_nordic__nrfx.a(nrfx_gpiote.c.obj)
                0x00000000000059b8                nrfx_gpiote_channel_alloc
 .text.nrfx_gpiote_trigger_enable
                0x00000000000059c8       0xa8 modules/hal_nordic/modules/hal_nordic/nrfx/libmodules__hal_nordic__nrfx.a(nrfx_gpiote.c.obj)
                0x00000000000059c8                nrfx_gpiote_trigger_enable
 .text.nrfx_gpiote_0_irq_handler
                0x0000000000005a70      0x1b0 modules/hal_nordic/modules/hal_nordic/nrfx/libmodules__hal_nordic__nrfx.a(nrfx_gpiote.c.obj)
                0x0000000000005a70                nrfx_gpiote_0_irq_handler
 .text.nrfx_ppi_channel_alloc
                0x0000000000005c20        0xc modules/hal_nordic/modules/hal_nordic/nrfx/libmodules__hal_nordic__nrfx.a(nrfx_ppi.c.obj)
                0x0000000000005c20                nrfx_ppi_channel_alloc
 .text.nrf_gpio_pin_port_decode
                0x0000000000005c2c       0x20 modules/hal_nordic/modules/hal_nordic/nrfx/libmodules__hal_nordic__nrfx.a(nrfx_pwm.c.obj)
 .text.pwm_stopped_check
                0x0000000000005c4c       0x34 modules/hal_nordic/modules/hal_nordic/nrfx/libmodules__hal_nordic__nrfx.a(nrfx_pwm.c.obj)
 .text.pwm_configure
                0x0000000000005c80       0xe8 modules/hal_nordic/modules/hal_nordic/nrfx/libmodules__hal_nordic__nrfx.a(nrfx_pwm.c.obj)
 .text.nrfx_pwm_init
                0x0000000000005d68       0x4c modules/hal_nordic/modules/hal_nordic/nrfx/libmodules__hal_nordic__nrfx.a(nrfx_pwm.c.obj)
                0x0000000000005d68                nrfx_pwm_init
 .text.nrfx_pwm_simple_playback
                0x0000000000005db4       0x7c modules/hal_nordic/modules/hal_nordic/nrfx/libmodules__hal_nordic__nrfx.a(nrfx_pwm.c.obj)
                0x0000000000005db4                nrfx_pwm_simple_playback
 .text.nrfx_pwm_stop
                0x0000000000005e30       0x44 modules/hal_nordic/modules/hal_nordic/nrfx/libmodules__hal_nordic__nrfx.a(nrfx_pwm.c.obj)
                0x0000000000005e30                nrfx_pwm_stop
 .text.nrfx_pwm_0_irq_handler
                0x0000000000005e74       0x78 modules/hal_nordic/modules/hal_nordic/nrfx/libmodules__hal_nordic__nrfx.a(nrfx_pwm.c.obj)
                0x0000000000005e74                nrfx_pwm_0_irq_handler
 .text.saadc_channel_count_get
                0x0000000000005eec       0x38 modules/hal_nordic/modules/hal_nordic/nrfx/libmodules__hal_nordic__nrfx.a(nrfx_saadc.c.obj)
 .text.saadc_busy_check
                0x0000000000005f24       0x1c modules/hal_nordic/modules/hal_nordic/nrfx/libmodules__hal_nordic__nrfx.a(nrfx_saadc.c.obj)
 .text.saadc_pre_calibration_state_restore
                0x0000000000005f40       0x64 modules/hal_nordic/modules/hal_nordic/nrfx/libmodules__hal_nordic__nrfx.a(nrfx_saadc.c.obj)
 .text.saadc_channels_deconfig
                0x0000000000005fa4       0x3c modules/hal_nordic/modules/hal_nordic/nrfx/libmodules__hal_nordic__nrfx.a(nrfx_saadc.c.obj)
 .text.__nrfy_internal_saadc_events_process.constprop.0
                0x0000000000005fe0       0x8c modules/hal_nordic/modules/hal_nordic/nrfx/libmodules__hal_nordic__nrfx.a(nrfx_saadc.c.obj)
 .text.saadc_generic_mode_set
                0x000000000000606c      0x118 modules/hal_nordic/modules/hal_nordic/nrfx/libmodules__hal_nordic__nrfx.a(nrfx_saadc.c.obj)
 .text.saadc_channel_config
                0x0000000000006184       0x7c modules/hal_nordic/modules/hal_nordic/nrfx/libmodules__hal_nordic__nrfx.a(nrfx_saadc.c.obj)
 .text.nrfx_saadc_init
                0x0000000000006200       0x94 modules/hal_nordic/modules/hal_nordic/nrfx/libmodules__hal_nordic__nrfx.a(nrfx_saadc.c.obj)
                0x0000000000006200                nrfx_saadc_init
 .text.nrfx_saadc_channel_config
                0x0000000000006294       0x20 modules/hal_nordic/modules/hal_nordic/nrfx/libmodules__hal_nordic__nrfx.a(nrfx_saadc.c.obj)
                0x0000000000006294                nrfx_saadc_channel_config
 .text.nrfx_saadc_channels_configured_get
                0x00000000000062b4        0xc modules/hal_nordic/modules/hal_nordic/nrfx/libmodules__hal_nordic__nrfx.a(nrfx_saadc.c.obj)
                0x00000000000062b4                nrfx_saadc_channels_configured_get
 .text.nrfx_saadc_simple_mode_set
                0x00000000000062c0       0x60 modules/hal_nordic/modules/hal_nordic/nrfx/libmodules__hal_nordic__nrfx.a(nrfx_saadc.c.obj)
                0x00000000000062c0                nrfx_saadc_simple_mode_set
 .text.nrfx_saadc_advanced_mode_set
                0x0000000000006320       0xb4 modules/hal_nordic/modules/hal_nordic/nrfx/libmodules__hal_nordic__nrfx.a(nrfx_saadc.c.obj)
                0x0000000000006320                nrfx_saadc_advanced_mode_set
 .text.nrfx_saadc_buffer_set
                0x00000000000063d4       0x8c modules/hal_nordic/modules/hal_nordic/nrfx/libmodules__hal_nordic__nrfx.a(nrfx_saadc.c.obj)
                0x00000000000063d4                nrfx_saadc_buffer_set
 .text.nrfx_saadc_mode_trigger
                0x0000000000006460      0x160 modules/hal_nordic/modules/hal_nordic/nrfx/libmodules__hal_nordic__nrfx.a(nrfx_saadc.c.obj)
                0x0000000000006460                nrfx_saadc_mode_trigger
 .text.nrfx_saadc_offset_calibrate
                0x00000000000065c0       0xc8 modules/hal_nordic/modules/hal_nordic/nrfx/libmodules__hal_nordic__nrfx.a(nrfx_saadc.c.obj)
                0x00000000000065c0                nrfx_saadc_offset_calibrate
 .text.nrfx_saadc_irq_handler
                0x0000000000006688      0x1a0 modules/hal_nordic/modules/hal_nordic/nrfx/libmodules__hal_nordic__nrfx.a(nrfx_saadc.c.obj)
                0x0000000000006688                nrfx_saadc_irq_handler
 .text.k_sys_fatal_error_handler
                0x0000000000006828       0x20 zephyr/kernel/libkernel.a(fatal.c.obj)
                0x0000000000006828                k_sys_fatal_error_handler
 .text.z_fatal_error
                0x0000000000006848       0xe8 zephyr/kernel/libkernel.a(fatal.c.obj)
                0x0000000000006848                z_fatal_error
 .text.z_sys_init_run_level
                0x0000000000006930       0x30 zephyr/kernel/libkernel.a(init.c.obj)
 .text.bg_thread_main
                0x0000000000006960       0xc0 zephyr/kernel/libkernel.a(init.c.obj)
 .text.z_bss_zero
                0x0000000000006a20       0x18 zephyr/kernel/libkernel.a(init.c.obj)
                0x0000000000006a20                z_bss_zero
 .text.z_init_cpu
                0x0000000000006a38       0x70 zephyr/kernel/libkernel.a(init.c.obj)
                0x0000000000006a38                z_init_cpu
 .text.z_cstart
                0x0000000000006aa8       0xd4 zephyr/kernel/libkernel.a(init.c.obj)
                0x0000000000006aa8                z_cstart
 .text.init_mem_slab_obj_core_list
                0x0000000000006b7c       0x24 zephyr/kernel/libkernel.a(mem_slab.c.obj)
 .text.k_mem_slab_alloc
                0x0000000000006ba0       0x5c zephyr/kernel/libkernel.a(mem_slab.c.obj)
                0x0000000000006ba0                k_mem_slab_alloc
 .text.z_impl_k_mutex_lock
                0x0000000000006bfc       0xf0 zephyr/kernel/libkernel.a(mutex.c.obj)
                0x0000000000006bfc                z_impl_k_mutex_lock
 .text.z_impl_k_mutex_unlock
                0x0000000000006cec       0xa0 zephyr/kernel/libkernel.a(mutex.c.obj)
                0x0000000000006cec                z_impl_k_mutex_unlock
 .text.z_impl_k_sem_give
                0x0000000000006d8c       0x68 zephyr/kernel/libkernel.a(sem.c.obj)
                0x0000000000006d8c                z_impl_k_sem_give
 .text.z_impl_k_sem_take
                0x0000000000006df4       0x4c zephyr/kernel/libkernel.a(sem.c.obj)
                0x0000000000006df4                z_impl_k_sem_take
 .text.z_setup_new_thread
                0x0000000000006e40       0x98 zephyr/kernel/libkernel.a(thread.c.obj)
                0x0000000000006e40                z_setup_new_thread
 .text.z_impl_k_thread_create
                0x0000000000006ed8       0x58 zephyr/kernel/libkernel.a(thread.c.obj)
                0x0000000000006ed8                z_impl_k_thread_create
 .text.z_dummy_thread_init
                0x0000000000006f30       0x18 zephyr/kernel/libkernel.a(thread.c.obj)
                0x0000000000006f30                z_dummy_thread_init
 .text.z_swap_irqlock
                0x0000000000006f48       0x30 zephyr/kernel/libkernel.a(sched.c.obj)
 .text.ready_thread
                0x0000000000006f78       0x84 zephyr/kernel/libkernel.a(sched.c.obj)
 .text.unready_thread
                0x0000000000006ffc       0x54 zephyr/kernel/libkernel.a(sched.c.obj)
 .text.add_thread_timeout
                0x0000000000007050       0x1c zephyr/kernel/libkernel.a(sched.c.obj)
 .text.move_thread_to_end_of_prio_q
                0x000000000000706c       0x90 zephyr/kernel/libkernel.a(sched.c.obj)
                0x000000000000706c                move_thread_to_end_of_prio_q
 .text.z_pend_curr
                0x00000000000070fc       0x44 zephyr/kernel/libkernel.a(sched.c.obj)
                0x00000000000070fc                z_pend_curr
 .text.z_thread_prio_set
                0x0000000000007140       0xe4 zephyr/kernel/libkernel.a(sched.c.obj)
                0x0000000000007140                z_thread_prio_set
 .text.z_reschedule
                0x0000000000007224       0x24 zephyr/kernel/libkernel.a(sched.c.obj)
                0x0000000000007224                z_reschedule
 .text.z_reschedule_irqlock
                0x0000000000007248       0x28 zephyr/kernel/libkernel.a(sched.c.obj)
                0x0000000000007248                z_reschedule_irqlock
 .text.k_sched_lock
                0x0000000000007270       0x28 zephyr/kernel/libkernel.a(sched.c.obj)
                0x0000000000007270                k_sched_lock
 .text.k_sched_unlock
                0x0000000000007298       0x68 zephyr/kernel/libkernel.a(sched.c.obj)
                0x0000000000007298                k_sched_unlock
 .text.z_sched_init
                0x0000000000007300       0x10 zephyr/kernel/libkernel.a(sched.c.obj)
                0x0000000000007300                z_sched_init
 .text.z_impl_k_yield
                0x0000000000007310       0x88 zephyr/kernel/libkernel.a(sched.c.obj)
                0x0000000000007310                z_impl_k_yield
 .text.z_tick_sleep
                0x0000000000007398       0x78 zephyr/kernel/libkernel.a(sched.c.obj)
 .text.z_impl_k_wakeup
                0x0000000000007410       0x48 zephyr/kernel/libkernel.a(sched.c.obj)
                0x0000000000007410                z_impl_k_wakeup
 .text.z_impl_k_sched_current_thread_query
                0x0000000000007458        0xc zephyr/kernel/libkernel.a(sched.c.obj)
                0x0000000000007458                z_impl_k_sched_current_thread_query
 .text.z_thread_abort
                0x0000000000007464      0x138 zephyr/kernel/libkernel.a(sched.c.obj)
                0x0000000000007464                z_thread_abort
 .text.slice_timeout
                0x000000000000759c       0x20 zephyr/kernel/libkernel.a(timeslicing.c.obj)
 .text.thread_is_sliceable
                0x00000000000075bc       0x3c zephyr/kernel/libkernel.a(timeslicing.c.obj)
                0x00000000000075bc                thread_is_sliceable
 .text.z_reset_time_slice
                0x00000000000075f8       0x50 zephyr/kernel/libkernel.a(timeslicing.c.obj)
                0x00000000000075f8                z_reset_time_slice
 .text.z_time_slice
                0x0000000000007648       0x60 zephyr/kernel/libkernel.a(timeslicing.c.obj)
                0x0000000000007648                z_time_slice
 .text.z_data_copy
                0x00000000000076a8       0x38 zephyr/kernel/libkernel.a(xip.c.obj)
                0x00000000000076a8                z_data_copy
 .text.first    0x00000000000076e0       0x10 zephyr/kernel/libkernel.a(timeout.c.obj)
 .text.elapsed  0x00000000000076f0       0x14 zephyr/kernel/libkernel.a(timeout.c.obj)
 .text.remove_timeout
                0x0000000000007704       0x38 zephyr/kernel/libkernel.a(timeout.c.obj)
 .text.z_add_timeout
                0x000000000000773c      0x124 zephyr/kernel/libkernel.a(timeout.c.obj)
                0x000000000000773c                z_add_timeout
 .text.sys_clock_announce
                0x0000000000007860       0xc0 zephyr/kernel/libkernel.a(timeout.c.obj)
                0x0000000000007860                sys_clock_announce
 .text.sys_clock_tick_get
                0x0000000000007920       0x30 zephyr/kernel/libkernel.a(timeout.c.obj)
                0x0000000000007920                sys_clock_tick_get
 .text.z_timer_expiration_handler
                0x0000000000007950       0xe0 zephyr/kernel/libkernel.a(timer.c.obj)
                0x0000000000007950                z_timer_expiration_handler
 .text.z_impl_k_timer_start
                0x0000000000007a30       0x74 zephyr/kernel/libkernel.a(timer.c.obj)
                0x0000000000007a30                z_impl_k_timer_start
 .text.z_impl_k_timer_status_sync
                0x0000000000007aa4       0x54 zephyr/kernel/libkernel.a(timer.c.obj)
                0x0000000000007aa4                z_impl_k_timer_status_sync
 .text.nrf_cc3xx_platform_init_no_rng
                0x0000000000007af8       0x38 C:/ncs/v3.1.1/nrfxlib/crypto/nrf_cc310_platform/lib/cortex-m4/soft-float/no-interrupts/libnrf_cc310_platform_0.9.19.a(nrf_cc3xx_platform.c.obj)
                0x0000000000007af8                nrf_cc3xx_platform_init_no_rng
 .text.nrf_cc3xx_platform_abort
                0x0000000000007b30       0x24 C:/ncs/v3.1.1/nrfxlib/crypto/nrf_cc310_platform/lib/cortex-m4/soft-float/no-interrupts/libnrf_cc310_platform_0.9.19.a(nrf_cc3xx_platform_abort.c.obj)
 .text.CC_PalAbort
                0x0000000000007b54       0x34 C:/ncs/v3.1.1/nrfxlib/crypto/nrf_cc310_platform/lib/cortex-m4/soft-float/no-interrupts/libnrf_cc310_platform_0.9.19.a(nrf_cc3xx_platform_abort.c.obj)
                0x0000000000007b54                CC_PalAbort
 .text.nrf_cc3xx_platform_set_abort
                0x0000000000007b88       0x10 C:/ncs/v3.1.1/nrfxlib/crypto/nrf_cc310_platform/lib/cortex-m4/soft-float/no-interrupts/libnrf_cc310_platform_0.9.19.a(nrf_cc3xx_platform_abort.c.obj)
                0x0000000000007b88                nrf_cc3xx_platform_set_abort
 .text.mutex_free
                0x0000000000007b98       0x34 C:/ncs/v3.1.1/nrfxlib/crypto/nrf_cc310_platform/lib/cortex-m4/soft-float/no-interrupts/libnrf_cc310_platform_0.9.19.a(nrf_cc3xx_platform_mutex.c.obj)
 .text.mutex_lock
                0x0000000000007bcc       0x48 C:/ncs/v3.1.1/nrfxlib/crypto/nrf_cc310_platform/lib/cortex-m4/soft-float/no-interrupts/libnrf_cc310_platform_0.9.19.a(nrf_cc3xx_platform_mutex.c.obj)
 .text.mutex_unlock
                0x0000000000007c14       0x38 C:/ncs/v3.1.1/nrfxlib/crypto/nrf_cc310_platform/lib/cortex-m4/soft-float/no-interrupts/libnrf_cc310_platform_0.9.19.a(nrf_cc3xx_platform_mutex.c.obj)
 .text.mutex_init
                0x0000000000007c4c       0x20 C:/ncs/v3.1.1/nrfxlib/crypto/nrf_cc310_platform/lib/cortex-m4/soft-float/no-interrupts/libnrf_cc310_platform_0.9.19.a(nrf_cc3xx_platform_mutex.c.obj)
 .text.nrf_cc3xx_platform_set_mutexes
                0x0000000000007c6c       0x74 C:/ncs/v3.1.1/nrfxlib/crypto/nrf_cc310_platform/lib/cortex-m4/soft-float/no-interrupts/libnrf_cc310_platform_0.9.19.a(nrf_cc3xx_platform_mutex.c.obj)
                0x0000000000007c6c                nrf_cc3xx_platform_set_mutexes
 .text.CC_LibInitNoRng
                0x0000000000007ce0       0x64 C:/ncs/v3.1.1/nrfxlib/crypto/nrf_cc310_platform/lib/cortex-m4/soft-float/no-interrupts/libnrf_cc310_platform_0.9.19.a(cc_lib.c.obj)
                0x0000000000007ce0                CC_LibInitNoRng
 .text.CC_HalInit
                0x0000000000007d44        0x4 C:/ncs/v3.1.1/nrfxlib/crypto/nrf_cc310_platform/lib/cortex-m4/soft-float/no-interrupts/libnrf_cc310_platform_0.9.19.a(cc_hal.c.obj)
                0x0000000000007d44                CC_HalInit
 .text.CC_HalTerminate
                0x0000000000007d48        0x4 C:/ncs/v3.1.1/nrfxlib/crypto/nrf_cc310_platform/lib/cortex-m4/soft-float/no-interrupts/libnrf_cc310_platform_0.9.19.a(cc_hal.c.obj)
                0x0000000000007d48                CC_HalTerminate
 .text.CC_HalMaskInterrupt
                0x0000000000007d4c        0xc C:/ncs/v3.1.1/nrfxlib/crypto/nrf_cc310_platform/lib/cortex-m4/soft-float/no-interrupts/libnrf_cc310_platform_0.9.19.a(cc_hal.c.obj)
                0x0000000000007d4c                CC_HalMaskInterrupt
 .text.CC_PalInit
                0x0000000000007d58       0x5c C:/ncs/v3.1.1/nrfxlib/crypto/nrf_cc310_platform/lib/cortex-m4/soft-float/no-interrupts/libnrf_cc310_platform_0.9.19.a(cc_pal.c.obj)
                0x0000000000007d58                CC_PalInit
 .text.CC_PalTerminate
                0x0000000000007db4       0x34 C:/ncs/v3.1.1/nrfxlib/crypto/nrf_cc310_platform/lib/cortex-m4/soft-float/no-interrupts/libnrf_cc310_platform_0.9.19.a(cc_pal.c.obj)
                0x0000000000007db4                CC_PalTerminate
 .text.CC_PalDmaInit
                0x0000000000007de8        0x4 C:/ncs/v3.1.1/nrfxlib/crypto/nrf_cc310_platform/lib/cortex-m4/soft-float/no-interrupts/libnrf_cc310_platform_0.9.19.a(cc_pal_dma.c.obj)
                0x0000000000007de8                CC_PalDmaInit
 .text.CC_PalDmaTerminate
                0x0000000000007dec        0x4 C:/ncs/v3.1.1/nrfxlib/crypto/nrf_cc310_platform/lib/cortex-m4/soft-float/no-interrupts/libnrf_cc310_platform_0.9.19.a(cc_pal_dma.c.obj)
                0x0000000000007dec                CC_PalDmaTerminate
 .text.CC_PalMutexCreate
                0x0000000000007df0       0x14 C:/ncs/v3.1.1/nrfxlib/crypto/nrf_cc310_platform/lib/cortex-m4/soft-float/no-interrupts/libnrf_cc310_platform_0.9.19.a(cc_pal_mutex.c.obj)
                0x0000000000007df0                CC_PalMutexCreate
 .text.CC_PalMutexDestroy
                0x0000000000007e04       0x14 C:/ncs/v3.1.1/nrfxlib/crypto/nrf_cc310_platform/lib/cortex-m4/soft-float/no-interrupts/libnrf_cc310_platform_0.9.19.a(cc_pal_mutex.c.obj)
                0x0000000000007e04                CC_PalMutexDestroy
 .text.CC_PalPowerSaveModeInit
                0x0000000000007e18       0x3c C:/ncs/v3.1.1/nrfxlib/crypto/nrf_cc310_platform/lib/cortex-m4/soft-float/no-interrupts/libnrf_cc310_platform_0.9.19.a(cc_pal_pm.c.obj)
                0x0000000000007e18                CC_PalPowerSaveModeInit
 .text.CC_PalPowerSaveModeSelect
                0x0000000000007e54       0x84 C:/ncs/v3.1.1/nrfxlib/crypto/nrf_cc310_platform/lib/cortex-m4/soft-float/no-interrupts/libnrf_cc310_platform_0.9.19.a(cc_pal_pm.c.obj)
                0x0000000000007e54                CC_PalPowerSaveModeSelect
 .text.snprintf
                0x0000000000007ed8       0x58 c:\ncs\toolchains\c1a76fddb2\opt\zephyr-sdk\arm-zephyr-eabi\bin\../lib/gcc/../../picolibc/arm-zephyr-eabi/lib/thumb/v7e-m/nofp\libc.a(libc_tinystdio_snprintf.c.o)
                0x0000000000007ed8                snprintf
 .text.skip_to_arg
                0x0000000000007f30      0x138 c:\ncs\toolchains\c1a76fddb2\opt\zephyr-sdk\arm-zephyr-eabi\bin\../lib/gcc/../../picolibc/arm-zephyr-eabi/lib/thumb/v7e-m/nofp\libc.a(libc_tinystdio_vfprintf.c.o)
 .text.vfprintf
                0x0000000000008068      0x9c4 c:\ncs\toolchains\c1a76fddb2\opt\zephyr-sdk\arm-zephyr-eabi\bin\../lib/gcc/../../picolibc/arm-zephyr-eabi/lib/thumb/v7e-m/nofp\libc.a(libc_tinystdio_vfprintf.c.o)
                0x0000000000008068                __d_vfprintf
 .text.div10    0x0000000000008a2c       0x28 c:\ncs\toolchains\c1a76fddb2\opt\zephyr-sdk\arm-zephyr-eabi\bin\../lib/gcc/../../picolibc/arm-zephyr-eabi/lib/thumb/v7e-m/nofp\libc.a(libc_tinystdio_dtoa_ryu.c.o)
 .text.__dtoa_engine
                0x0000000000008a54      0x49c c:\ncs\toolchains\c1a76fddb2\opt\zephyr-sdk\arm-zephyr-eabi\bin\../lib/gcc/../../picolibc/arm-zephyr-eabi/lib/thumb/v7e-m/nofp\libc.a(libc_tinystdio_dtoa_ryu.c.o)
                0x0000000000008a54                __dtoa_engine
 .text.__log10Pow2
                0x0000000000008ef0        0xc c:\ncs\toolchains\c1a76fddb2\opt\zephyr-sdk\arm-zephyr-eabi\bin\../lib/gcc/../../picolibc/arm-zephyr-eabi/lib/thumb/v7e-m/nofp\libc.a(libc_tinystdio_ryu_log10.c.o)
                0x0000000000008ef0                __log10Pow2
 .text.__log10Pow5
                0x0000000000008efc        0xc c:\ncs\toolchains\c1a76fddb2\opt\zephyr-sdk\arm-zephyr-eabi\bin\../lib/gcc/../../picolibc/arm-zephyr-eabi/lib/thumb/v7e-m/nofp\libc.a(libc_tinystdio_ryu_log10.c.o)
                0x0000000000008efc                __log10Pow5
 .text.__pow5bits
                0x0000000000008f08       0x10 c:\ncs\toolchains\c1a76fddb2\opt\zephyr-sdk\arm-zephyr-eabi\bin\../lib/gcc/../../picolibc/arm-zephyr-eabi/lib/thumb/v7e-m/nofp\libc.a(libc_tinystdio_ryu_pow5bits.c.o)
                0x0000000000008f08                __pow5bits
 .text.__pow5Factor
                0x0000000000008f18       0x30 c:\ncs\toolchains\c1a76fddb2\opt\zephyr-sdk\arm-zephyr-eabi\bin\../lib/gcc/../../picolibc/arm-zephyr-eabi/lib/thumb/v7e-m/nofp\libc.a(libc_tinystdio_ryu_table.c.o)
                0x0000000000008f18                __pow5Factor
 .text.__double_computePow5
                0x0000000000008f48       0xe8 c:\ncs\toolchains\c1a76fddb2\opt\zephyr-sdk\arm-zephyr-eabi\bin\../lib/gcc/../../picolibc/arm-zephyr-eabi/lib/thumb/v7e-m/nofp\libc.a(libc_tinystdio_ryu_table.c.o)
                0x0000000000008f48                __double_computePow5
 .text.__double_computeInvPow5
                0x0000000000009030       0xf8 c:\ncs\toolchains\c1a76fddb2\opt\zephyr-sdk\arm-zephyr-eabi\bin\../lib/gcc/../../picolibc/arm-zephyr-eabi/lib/thumb/v7e-m/nofp\libc.a(libc_tinystdio_ryu_table.c.o)
                0x0000000000009030                __double_computeInvPow5
 .text._OffsetAbsSyms
                0x0000000000009128        0x2 zephyr/CMakeFiles/offsets.dir/./arch/arm/core/offsets/offsets.c.obj
                0x0000000000009128                _OffsetAbsSyms
 .text.main     0x000000000000912a        0xa app/libapp.a(main.c.obj)
                0x000000000000912a                main
 .text.pid_compute
                0x0000000000009134       0xc0 app/libapp.a(pid.c.obj)
                0x0000000000009134                pid_compute
 .text.k_uptime_get
                0x00000000000091f4       0x1c app/libapp.a(UI.c.obj)
 .text.gpio_pin_interrupt_configure_dt.constprop.0.isra.0
                0x0000000000009210       0x32 app/libapp.a(UI.c.obj)
 .text.gpio_pin_set_dt.isra.0
                0x0000000000009242       0x28 app/libapp.a(UI.c.obj)
 .text.gpio_pin_configure_dt.isra.0
                0x000000000000926a       0x3e app/libapp.a(UI.c.obj)
 .text.db_init  0x00000000000092a8        0x2 app/libapp.a(database.c.obj)
                0x00000000000092a8                db_init
 .text.chunk_field
                0x00000000000092aa       0x16 zephyr/libzephyr.a(heap.c.obj)
 .text.chunk_set
                0x00000000000092c0       0x16 zephyr/libzephyr.a(heap.c.obj)
 .text.chunk_size
                0x00000000000092d6        0xc zephyr/libzephyr.a(heap.c.obj)
 .text.set_chunk_used
                0x00000000000092e2       0x30 zephyr/libzephyr.a(heap.c.obj)
 .text.set_chunk_size
                0x0000000000009312        0x8 zephyr/libzephyr.a(heap.c.obj)
 .text.bucket_idx.isra.0
                0x000000000000931a       0x1c zephyr/libzephyr.a(heap.c.obj)
 .text.free_list_add
                0x0000000000009336       0x84 zephyr/libzephyr.a(heap.c.obj)
 .text.sys_heap_init
                0x00000000000093ba       0xb0 zephyr/libzephyr.a(heap.c.obj)
                0x00000000000093ba                sys_heap_init
 .text.cbpprintf_external
                0x000000000000946a       0x62 zephyr/libzephyr.a(cbprintf_packaged.c.obj)
                0x000000000000946a                cbpprintf_external
 .text.is_ptr   0x00000000000094cc       0x4a zephyr/libzephyr.a(cbprintf_packaged.c.obj)
                0x00000000000094cc                is_ptr
 .text.arch_printk_char_out
                0x0000000000009516        0x4 zephyr/libzephyr.a(printk.c.obj)
                0x0000000000009516                arch_printk_char_out
 .text.printk   0x000000000000951a       0x1a zephyr/libzephyr.a(printk.c.obj)
                0x000000000000951a                printk
 .text.free_space
                0x0000000000009534       0x26 zephyr/libzephyr.a(mpsc_pbuf.c.obj)
 .text.get_usage
                0x000000000000955a       0x22 zephyr/libzephyr.a(mpsc_pbuf.c.obj)
 .text.idx_inc  0x000000000000957c       0x1c zephyr/libzephyr.a(mpsc_pbuf.c.obj)
 .text.rd_idx_inc
                0x0000000000009598       0x18 zephyr/libzephyr.a(mpsc_pbuf.c.obj)
 .text.add_skip_item
                0x00000000000095b0       0x3a zephyr/libzephyr.a(mpsc_pbuf.c.obj)
 .text.drop_item_locked
                0x00000000000095ea      0x100 zephyr/libzephyr.a(mpsc_pbuf.c.obj)
 .text.post_drop_action
                0x00000000000096ea       0x36 zephyr/libzephyr.a(mpsc_pbuf.c.obj)
 .text.max_utilization_update
                0x0000000000009720       0x1a zephyr/libzephyr.a(mpsc_pbuf.c.obj)
 .text.mpsc_pbuf_init
                0x000000000000973a       0x42 zephyr/libzephyr.a(mpsc_pbuf.c.obj)
                0x000000000000973a                mpsc_pbuf_init
 .text.mpsc_pbuf_alloc
                0x000000000000977c       0xfe zephyr/libzephyr.a(mpsc_pbuf.c.obj)
                0x000000000000977c                mpsc_pbuf_alloc
 .text.mpsc_pbuf_commit
                0x000000000000987a       0x3e zephyr/libzephyr.a(mpsc_pbuf.c.obj)
                0x000000000000987a                mpsc_pbuf_commit
 .text.mpsc_pbuf_claim
                0x00000000000098b8       0xa8 zephyr/libzephyr.a(mpsc_pbuf.c.obj)
                0x00000000000098b8                mpsc_pbuf_claim
 .text.mpsc_pbuf_free
                0x0000000000009960       0x76 zephyr/libzephyr.a(mpsc_pbuf.c.obj)
                0x0000000000009960                mpsc_pbuf_free
 .text.mpsc_pbuf_is_pending
                0x00000000000099d6       0x32 zephyr/libzephyr.a(mpsc_pbuf.c.obj)
                0x00000000000099d6                mpsc_pbuf_is_pending
 .text.process_recheck
                0x0000000000009a08       0x38 zephyr/libzephyr.a(onoff.c.obj)
 .text.validate_args
                0x0000000000009a40       0x20 zephyr/libzephyr.a(onoff.c.obj)
 .text.notify_one
                0x0000000000009a60       0x2c zephyr/libzephyr.a(onoff.c.obj)
 .text.transition_complete
                0x0000000000009a8c       0x1a zephyr/libzephyr.a(onoff.c.obj)
 .text.onoff_manager_init
                0x0000000000009aa6       0x26 zephyr/libzephyr.a(onoff.c.obj)
                0x0000000000009aa6                onoff_manager_init
 .text.onoff_request
                0x0000000000009acc       0xae zephyr/libzephyr.a(onoff.c.obj)
                0x0000000000009acc                onoff_request
 .text.sys_notify_validate
                0x0000000000009b7a       0x22 zephyr/libzephyr.a(notify.c.obj)
                0x0000000000009b7a                sys_notify_validate
 .text.sys_notify_finalize
                0x0000000000009b9c       0x1a zephyr/libzephyr.a(notify.c.obj)
                0x0000000000009b9c                sys_notify_finalize
 .text._ConfigAbsSyms
                0x0000000000009bb6        0x2 zephyr/libzephyr.a(configs.c.obj)
                0x0000000000009bb6                _ConfigAbsSyms
 .text.log_msg_generic_get_wlen
                0x0000000000009bb8       0x20 zephyr/libzephyr.a(log_core.c.obj)
 .text.dummy_timestamp
                0x0000000000009bd8        0x4 zephyr/libzephyr.a(log_core.c.obj)
 .text.default_get_timestamp
                0x0000000000009bdc        0x4 zephyr/libzephyr.a(log_core.c.obj)
 .text.atomic_inc
                0x0000000000009be0       0x1a zephyr/libzephyr.a(log_core.c.obj)
 .text.z_log_vprintk
                0x0000000000009bfa       0x1c zephyr/libzephyr.a(log_core.c.obj)
                0x0000000000009bfa                z_log_vprintk
 .text.z_log_notify_drop
                0x0000000000009c16        0x6 zephyr/libzephyr.a(log_core.c.obj)
 .text.z_log_get_tag
                0x0000000000009c1c        0x4 zephyr/libzephyr.a(log_core.c.obj)
                0x0000000000009c1c                z_log_get_tag
 .text.log_backend_enable
                0x0000000000009c20       0x12 zephyr/libzephyr.a(log_mgmt.c.obj)
                0x0000000000009c20                log_backend_enable
 .text.z_cbprintf_cpy
                0x0000000000009c32       0x2c zephyr/libzephyr.a(log_msg.c.obj)
 .text.z_log_msg_finalize
                0x0000000000009c5e       0x32 zephyr/libzephyr.a(log_msg.c.obj)
                0x0000000000009c5e                z_log_msg_finalize
 .text.z_log_msg_simple_create
                0x0000000000009c90       0x6e zephyr/libzephyr.a(log_msg.c.obj)
 .text.z_impl_z_log_msg_simple_create_0
                0x0000000000009cfe       0x12 zephyr/libzephyr.a(log_msg.c.obj)
                0x0000000000009cfe                z_impl_z_log_msg_simple_create_0
 .text.z_impl_z_log_msg_simple_create_1
                0x0000000000009d10       0x14 zephyr/libzephyr.a(log_msg.c.obj)
                0x0000000000009d10                z_impl_z_log_msg_simple_create_1
 .text.z_impl_z_log_msg_simple_create_2
                0x0000000000009d24       0x18 zephyr/libzephyr.a(log_msg.c.obj)
                0x0000000000009d24                z_impl_z_log_msg_simple_create_2
 .text.log_output_write
                0x0000000000009d3c       0x1c zephyr/libzephyr.a(log_output.c.obj)
 .text.log_output_flush
                0x0000000000009d58       0x1a zephyr/libzephyr.a(log_output.c.obj)
 .text.out_func
                0x0000000000009d72       0x36 zephyr/libzephyr.a(log_output.c.obj)
 .text.cr_out_func
                0x0000000000009da8       0x1c zephyr/libzephyr.a(log_output.c.obj)
 .text.log_output_msg_process
                0x0000000000009dc4       0x6a zephyr/libzephyr.a(log_output.c.obj)
                0x0000000000009dc4                log_output_msg_process
 .text.format_set
                0x0000000000009e2e        0xc zephyr/libzephyr.a(log_backend_uart.c.obj)
 .text.log_backend_uart_init
                0x0000000000009e3a        0xc zephyr/libzephyr.a(log_backend_uart.c.obj)
 .text.panic    0x0000000000009e46       0x32 zephyr/libzephyr.a(log_backend_uart.c.obj)
 .text.dropped  0x0000000000009e78        0xa zephyr/libzephyr.a(log_backend_uart.c.obj)
 .text.process  0x0000000000009e82       0x1e zephyr/libzephyr.a(log_backend_uart.c.obj)
 .text.abort_function
                0x0000000000009ea0        0x2 zephyr/libzephyr.a(nrf_cc3xx_platform_abort_zephyr.c.obj)
 .text.z_do_kernel_oops
                0x0000000000009ea2        0x8 zephyr/arch/arch/arm/core/libarch__arm__core.a(fatal.c.obj)
                0x0000000000009ea2                z_do_kernel_oops
 .text.z_arm_nmi
                0x0000000000009eaa        0xe zephyr/arch/arch/arm/core/libarch__arm__core.a(nmi.c.obj)
                0x0000000000009eaa                z_arm_nmi
 .text.z_log_msg_simple_create_0.constprop.0
                0x0000000000009eb8        0x8 zephyr/arch/arch/arm/core/cortex_m/libarch__arm__core__cortex_m.a(fault.c.obj)
 .text.z_irq_spurious
                0x0000000000009ec0        0x8 zephyr/arch/arch/arm/core/cortex_m/libarch__arm__core__cortex_m.a(irq_manage.c.obj)
                0x0000000000009ec0                z_irq_spurious
 .text.arch_irq_unlock_outlined
                0x0000000000009ec8        0xe zephyr/arch/arch/arm/core/cortex_m/libarch__arm__core__cortex_m.a(thread.c.obj)
                0x0000000000009ec8                arch_irq_unlock_outlined
 .text.arch_cpu_idle
                0x0000000000009ed6       0x1a zephyr/arch/arch/arm/core/cortex_m/libarch__arm__core__cortex_m.a(cpu_idle.c.obj)
                0x0000000000009ed6                arch_cpu_idle
 .text.arch_cpu_atomic_idle
                0x0000000000009ef0       0x1e zephyr/arch/arch/arm/core/cortex_m/libarch__arm__core__cortex_m.a(cpu_idle.c.obj)
                0x0000000000009ef0                arch_cpu_atomic_idle
 .text.size_to_mpu_rasr_size
                0x0000000000009f0e       0x20 zephyr/arch/arch/arm/core/mpu/libarch__arm__core__mpu.a(arm_mpu.c.obj)
 .text.cbputc   0x0000000000009f2e        0xc zephyr/lib/libc/picolibc/liblib__libc__picolibc.a(cbprintf.c.obj)
 .text.picolibc_put
                0x0000000000009f3a        0xa zephyr/lib/libc/picolibc/liblib__libc__picolibc.a(stdio.c.obj)
 .text.k_sem_give
                0x0000000000009f44        0x4 zephyr/drivers/adc/libdrivers__adc.a(adc_nrfx_saadc.c.obj)
 .text.get_status
                0x0000000000009f48       0x12 zephyr/drivers/clock_control/libdrivers__clock_control.a(clock_control_nrf.c.obj)
 .text.stop     0x0000000000009f5a       0x50 zephyr/drivers/clock_control/libdrivers__clock_control.a(clock_control_nrf.c.obj)
 .text.api_stop
                0x0000000000009faa        0x6 zephyr/drivers/clock_control/libdrivers__clock_control.a(clock_control_nrf.c.obj)
 .text.async_start
                0x0000000000009fb0       0x5a zephyr/drivers/clock_control/libdrivers__clock_control.a(clock_control_nrf.c.obj)
 .text.api_start
                0x000000000000a00a        0xe zephyr/drivers/clock_control/libdrivers__clock_control.a(clock_control_nrf.c.obj)
 .text.onoff_started_callback
                0x000000000000a018       0x12 zephyr/drivers/clock_control/libdrivers__clock_control.a(clock_control_nrf.c.obj)
 .text.lfclk_start
                0x000000000000a02a        0x6 zephyr/drivers/clock_control/libdrivers__clock_control.a(clock_control_nrf.c.obj)
 .text.lfclk_stop
                0x000000000000a030        0x6 zephyr/drivers/clock_control/libdrivers__clock_control.a(clock_control_nrf.c.obj)
 .text.blocking_start_callback
                0x000000000000a036        0x6 zephyr/drivers/clock_control/libdrivers__clock_control.a(clock_control_nrf.c.obj)
 .text.gpio_nrfx_port_get_raw
                0x000000000000a03c        0xe zephyr/drivers/gpio/libdrivers__gpio.a(gpio_nrfx.c.obj)
 .text.gpio_nrfx_port_set_masked_raw
                0x000000000000a04a       0x18 zephyr/drivers/gpio/libdrivers__gpio.a(gpio_nrfx.c.obj)
 .text.gpio_nrfx_port_set_bits_raw
                0x000000000000a062        0xc zephyr/drivers/gpio/libdrivers__gpio.a(gpio_nrfx.c.obj)
 .text.gpio_nrfx_port_clear_bits_raw
                0x000000000000a06e        0xc zephyr/drivers/gpio/libdrivers__gpio.a(gpio_nrfx.c.obj)
 .text.gpio_nrfx_port_toggle_bits
                0x000000000000a07a       0x1a zephyr/drivers/gpio/libdrivers__gpio.a(gpio_nrfx.c.obj)
 .text.gpio_nrfx_manage_callback
                0x000000000000a094       0x52 zephyr/drivers/gpio/libdrivers__gpio.a(gpio_nrfx.c.obj)
 .text.pinctrl_lookup_state
                0x000000000000a0e6       0x26 zephyr/drivers/pinctrl/libdrivers__pinctrl.a(common.c.obj)
                0x000000000000a0e6                pinctrl_lookup_state
 .text.pwm_handler
                0x000000000000a10c        0x2 zephyr/drivers/pwm/libdrivers__pwm.a(pwm_nrfx.c.obj)
 .text.pwm_nrfx_get_cycles_per_sec
                0x000000000000a10e        0xc zephyr/drivers/pwm/libdrivers__pwm.a(pwm_nrfx.c.obj)
 .text.uarte_nrfx_err_check
                0x000000000000a11a        0xe zephyr/drivers/serial/libdrivers__serial.a(uart_nrfx_uarte.c.obj)
 .text.uarte_nrfx_poll_in
                0x000000000000a128       0x26 zephyr/drivers/serial/libdrivers__serial.a(uart_nrfx_uarte.c.obj)
 .text.is_tx_ready.isra.0
                0x000000000000a14e       0x20 zephyr/drivers/serial/libdrivers__serial.a(uart_nrfx_uarte.c.obj)
 .text.uarte_nrfx_isr_int
                0x000000000000a16e       0x42 zephyr/drivers/serial/libdrivers__serial.a(uart_nrfx_uarte.c.obj)
 .text.pinctrl_apply_state.isra.0
                0x000000000000a1b0       0x1e zephyr/drivers/serial/libdrivers__serial.a(uart_nrfx_uarte.c.obj)
 .text.event_clear
                0x000000000000a1ce       0x18 zephyr/drivers/timer/libdrivers__timer.a(nrf_rtc_timer.c.obj)
 .text.sys_clock_cycle_get_32
                0x000000000000a1e6        0x8 zephyr/drivers/timer/libdrivers__timer.a(nrf_rtc_timer.c.obj)
                0x000000000000a1e6                sys_clock_cycle_get_32
 .text.hw_cc3xx_init_internal
                0x000000000000a1ee        0x4 modules/nrf/drivers/hw_cc3xx/lib..__nrf__drivers__hw_cc3xx.a(hw_cc3xx.c.obj)
 .text.hw_cc3xx_init
                0x000000000000a1f2       0x12 modules/nrf/drivers/hw_cc3xx/lib..__nrf__drivers__hw_cc3xx.a(hw_cc3xx.c.obj)
 .text.nrfx_isr
                0x000000000000a204        0x2 modules/hal_nordic/modules/hal_nordic/nrfx/libmodules__hal_nordic__nrfx.a(nrfx_glue.c.obj)
                0x000000000000a204                nrfx_isr
 .text.nrfx_busy_wait
                0x000000000000a206        0x4 modules/hal_nordic/modules/hal_nordic/nrfx/libmodules__hal_nordic__nrfx.a(nrfx_glue.c.obj)
                0x000000000000a206                nrfx_busy_wait
 .text.nrfx_gppi_channel_endpoints_setup
                0x000000000000a20a       0x14 modules/hal_nordic/modules/hal_nordic/nrfx/libmodules__hal_nordic__nrfx.a(nrfx_gppi_ppi.c.obj)
                0x000000000000a20a                nrfx_gppi_channel_endpoints_setup
 .text.nrfx_gppi_channel_alloc
                0x000000000000a21e        0x4 modules/hal_nordic/modules/hal_nordic/nrfx/libmodules__hal_nordic__nrfx.a(nrfx_gppi_ppi.c.obj)
                0x000000000000a21e                nrfx_gppi_channel_alloc
 .text.nrfx_clock_stop
                0x000000000000a222        0x4 modules/hal_nordic/modules/hal_nordic/nrfx/libmodules__hal_nordic__nrfx.a(nrfx_clock.c.obj)
                0x000000000000a222                nrfx_clock_stop
 .text.nrf_gpio_reconfigure
                0x000000000000a226       0x92 modules/hal_nordic/modules/hal_nordic/nrfx/libmodules__hal_nordic__nrfx.a(nrfx_gpiote.c.obj)
 .text.nrf_gpio_cfg_sense_set
                0x000000000000a2b8       0x1e modules/hal_nordic/modules/hal_nordic/nrfx/libmodules__hal_nordic__nrfx.a(nrfx_gpiote.c.obj)
 .text.pin_trigger_disable
                0x000000000000a2d6       0x48 modules/hal_nordic/modules/hal_nordic/nrfx/libmodules__hal_nordic__nrfx.a(nrfx_gpiote.c.obj)
 .text.nrfx_gpiote_pin_uninit
                0x000000000000a31e        0x4 modules/hal_nordic/modules/hal_nordic/nrfx/libmodules__hal_nordic__nrfx.a(nrfx_gpiote.c.obj)
                0x000000000000a31e                nrfx_gpiote_pin_uninit
 .text.nrfx_gpiote_trigger_disable
                0x000000000000a322        0x4 modules/hal_nordic/modules/hal_nordic/nrfx/libmodules__hal_nordic__nrfx.a(nrfx_gpiote.c.obj)
                0x000000000000a322                nrfx_gpiote_trigger_disable
 .text.start_playback
                0x000000000000a326       0x48 modules/hal_nordic/modules/hal_nordic/nrfx/libmodules__hal_nordic__nrfx.a(nrfx_pwm.c.obj)
 .text.__nrfy_internal_pwm_event_handle.isra.0
                0x000000000000a36e       0x22 modules/hal_nordic/modules/hal_nordic/nrfx/libmodules__hal_nordic__nrfx.a(nrfx_pwm.c.obj)
 .text.__nrfy_internal_pwm_events_process
                0x000000000000a390       0x54 modules/hal_nordic/modules/hal_nordic/nrfx/libmodules__hal_nordic__nrfx.a(nrfx_pwm.c.obj)
 .text.nrfx_pwm_stopped_check
                0x000000000000a3e4        0x4 modules/hal_nordic/modules/hal_nordic/nrfx/libmodules__hal_nordic__nrfx.a(nrfx_pwm.c.obj)
                0x000000000000a3e4                nrfx_pwm_stopped_check
 .text.__nrfy_internal_saadc_event_handle.constprop.0
                0x000000000000a3e8       0x2e modules/hal_nordic/modules/hal_nordic/nrfx/libmodules__hal_nordic__nrfx.a(nrfx_saadc.c.obj)
 .text.__nrfy_internal_saadc_buffer_latch.part.0.constprop.0
                0x000000000000a416       0x10 modules/hal_nordic/modules/hal_nordic/nrfx/libmodules__hal_nordic__nrfx.a(nrfx_saadc.c.obj)
 .text.z_impl_k_busy_wait
                0x000000000000a426        0x8 zephyr/kernel/libkernel.a(busy_wait.c.obj)
                0x000000000000a426                z_impl_k_busy_wait
 .text.z_device_state_init
                0x000000000000a42e        0x2 zephyr/kernel/libkernel.a(device.c.obj)
                0x000000000000a42e                z_device_state_init
 .text.z_impl_device_is_ready
                0x000000000000a430       0x16 zephyr/kernel/libkernel.a(device.c.obj)
                0x000000000000a430                z_impl_device_is_ready
 .text.arch_system_halt
                0x000000000000a446       0x10 zephyr/kernel/libkernel.a(fatal.c.obj)
                0x000000000000a446                arch_system_halt
 .text.do_device_init
                0x000000000000a456       0x2e zephyr/kernel/libkernel.a(init.c.obj)
 .text.z_early_memset
                0x000000000000a484        0x4 zephyr/kernel/libkernel.a(init.c.obj)
                0x000000000000a484                z_early_memset
 .text.z_early_memcpy
                0x000000000000a488        0x4 zephyr/kernel/libkernel.a(init.c.obj)
                0x000000000000a488                z_early_memcpy
 .text.create_free_list
                0x000000000000a48c       0x34 zephyr/kernel/libkernel.a(mem_slab.c.obj)
 .text.k_mem_slab_init
                0x000000000000a4c0       0x1c zephyr/kernel/libkernel.a(mem_slab.c.obj)
                0x000000000000a4c0                k_mem_slab_init
 .text.k_mem_slab_free
                0x000000000000a4dc       0x6e zephyr/kernel/libkernel.a(mem_slab.c.obj)
                0x000000000000a4dc                k_mem_slab_free
 .text.idle     0x000000000000a54a       0x16 zephyr/kernel/libkernel.a(idle.c.obj)
                0x000000000000a54a                idle
 .text.adjust_owner_prio.isra.0
                0x000000000000a560       0x10 zephyr/kernel/libkernel.a(mutex.c.obj)
 .text.z_impl_k_mutex_init
                0x000000000000a570        0xe zephyr/kernel/libkernel.a(mutex.c.obj)
                0x000000000000a570                z_impl_k_mutex_init
 .text.z_impl_k_sem_init
                0x000000000000a57e       0x18 zephyr/kernel/libkernel.a(sem.c.obj)
                0x000000000000a57e                z_impl_k_sem_init
 .text.k_is_in_isr
                0x000000000000a596        0xc zephyr/kernel/libkernel.a(thread.c.obj)
                0x000000000000a596                k_is_in_isr
 .text.z_impl_k_thread_name_set
                0x000000000000a5a2        0x6 zephyr/kernel/libkernel.a(thread.c.obj)
                0x000000000000a5a2                z_impl_k_thread_name_set
 .text.k_thread_name_get
                0x000000000000a5a8        0x4 zephyr/kernel/libkernel.a(thread.c.obj)
                0x000000000000a5a8                k_thread_name_get
 .text.sys_dlist_remove
                0x000000000000a5ac       0x10 zephyr/kernel/libkernel.a(sched.c.obj)
 .text.unpend_thread_no_timeout
                0x000000000000a5bc       0x14 zephyr/kernel/libkernel.a(sched.c.obj)
 .text.add_to_waitq_locked
                0x000000000000a5d0       0x50 zephyr/kernel/libkernel.a(sched.c.obj)
 .text.z_ready_thread
                0x000000000000a620       0x1e zephyr/kernel/libkernel.a(sched.c.obj)
                0x000000000000a620                z_ready_thread
 .text.z_unpend_thread_no_timeout
                0x000000000000a63e       0x22 zephyr/kernel/libkernel.a(sched.c.obj)
                0x000000000000a63e                z_unpend_thread_no_timeout
 .text.z_sched_wake_thread
                0x000000000000a660       0x3a zephyr/kernel/libkernel.a(sched.c.obj)
                0x000000000000a660                z_sched_wake_thread
 .text.z_thread_timeout
                0x000000000000a69a        0x8 zephyr/kernel/libkernel.a(sched.c.obj)
                0x000000000000a69a                z_thread_timeout
 .text.z_unpend1_no_timeout
                0x000000000000a6a2       0x2c zephyr/kernel/libkernel.a(sched.c.obj)
                0x000000000000a6a2                z_unpend1_no_timeout
 .text.z_impl_k_sleep
                0x000000000000a6ce       0x4e zephyr/kernel/libkernel.a(sched.c.obj)
                0x000000000000a6ce                z_impl_k_sleep
 .text.next_timeout
                0x000000000000a71c       0x2e zephyr/kernel/libkernel.a(timeout.c.obj)
 .text.z_abort_timeout
                0x000000000000a74a       0x50 zephyr/kernel/libkernel.a(timeout.c.obj)
                0x000000000000a74a                z_abort_timeout
 .text.sys_clock_tick_get_32
                0x000000000000a79a        0x8 zephyr/kernel/libkernel.a(timeout.c.obj)
                0x000000000000a79a                sys_clock_tick_get_32
 .text.z_impl_k_uptime_ticks
                0x000000000000a7a2        0x4 zephyr/kernel/libkernel.a(timeout.c.obj)
                0x000000000000a7a2                z_impl_k_uptime_ticks
 .text.k_timer_init
                0x000000000000a7a6       0x18 zephyr/kernel/libkernel.a(timer.c.obj)
                0x000000000000a7a6                k_timer_init
 .text.z_impl_k_timer_stop
                0x000000000000a7be       0x38 zephyr/kernel/libkernel.a(timer.c.obj)
                0x000000000000a7be                z_impl_k_timer_stop
 .text.memcpy   0x000000000000a7f6       0x1c c:\ncs\toolchains\c1a76fddb2\opt\zephyr-sdk\arm-zephyr-eabi\bin\../lib/gcc/../../picolibc/arm-zephyr-eabi/lib/thumb/v7e-m/nofp\libc.a(memcpy.c.o)
                0x000000000000a7f6                __aeabi_memcpy
                0x000000000000a7f6                __aeabi_memcpy4
                0x000000000000a7f6                __aeabi_memcpy8
                0x000000000000a7f6                memcpy
 .text.memset   0x000000000000a812       0x10 c:\ncs\toolchains\c1a76fddb2\opt\zephyr-sdk\arm-zephyr-eabi\bin\../lib/gcc/../../picolibc/arm-zephyr-eabi/lib/thumb/v7e-m/nofp\libc.a(memset.c.o)
                0x000000000000a812                memset
 .text.strnlen  0x000000000000a822       0x18 c:\ncs\toolchains\c1a76fddb2\opt\zephyr-sdk\arm-zephyr-eabi\bin\../lib/gcc/../../picolibc/arm-zephyr-eabi/lib/thumb/v7e-m/nofp\libc.a(libc_string_strnlen.c.o)
                0x000000000000a822                strnlen
 .text.__ultoa_invert
                0x000000000000a83a       0x50 c:\ncs\toolchains\c1a76fddb2\opt\zephyr-sdk\arm-zephyr-eabi\bin\../lib/gcc/../../picolibc/arm-zephyr-eabi/lib/thumb/v7e-m/nofp\libc.a(libc_tinystdio_vfprintf.c.o)
 .text.mulShiftAll64
                0x000000000000a88a      0x176 c:\ncs\toolchains\c1a76fddb2\opt\zephyr-sdk\arm-zephyr-eabi\bin\../lib/gcc/../../picolibc/arm-zephyr-eabi/lib/thumb/v7e-m/nofp\libc.a(libc_tinystdio_dtoa_ryu.c.o)
 .text.__umul128
                0x000000000000aa00       0x36 c:\ncs\toolchains\c1a76fddb2\opt\zephyr-sdk\arm-zephyr-eabi\bin\../lib/gcc/../../picolibc/arm-zephyr-eabi/lib/thumb/v7e-m/nofp\libc.a(libc_tinystdio_ryu_umul128.c.o)
                0x000000000000aa00                __umul128
 .text.__shiftright128
                0x000000000000aa36       0x3e c:\ncs\toolchains\c1a76fddb2\opt\zephyr-sdk\arm-zephyr-eabi\bin\../lib/gcc/../../picolibc/arm-zephyr-eabi/lib/thumb/v7e-m/nofp\libc.a(libc_tinystdio_ryu_umul128.c.o)
                0x000000000000aa36                __shiftright128
 .text.__dtox_engine
                0x000000000000aa74      0x128 c:\ncs\toolchains\c1a76fddb2\opt\zephyr-sdk\arm-zephyr-eabi\bin\../lib/gcc/../../picolibc/arm-zephyr-eabi/lib/thumb/v7e-m/nofp\libc.a(libc_tinystdio_dtox_engine.c.o)
                0x000000000000aa74                __dtox_engine
 .text.__file_str_put
                0x000000000000ab9c       0x10 c:\ncs\toolchains\c1a76fddb2\opt\zephyr-sdk\arm-zephyr-eabi\bin\../lib/gcc/../../picolibc/arm-zephyr-eabi/lib/thumb/v7e-m/nofp\libc.a(libc_tinystdio_filestrput.c.o)
                0x000000000000ab9c                __file_str_put
 *(SORT_BY_ALIGNMENT(.TEXT.*))
 .TEXT.__aeabi_read_tp
                0x000000000000abac        0xc zephyr/arch/arch/arm/core/cortex_m/libarch__arm__core__cortex_m.a(__aeabi_read_tp.S.obj)
                0x000000000000abac                __aeabi_read_tp
 *(SORT_BY_ALIGNMENT(.gnu.linkonce.t.*))
 *(SORT_BY_ALIGNMENT(.glue_7t))
 .glue_7t       0x000000000000abb8        0x0 linker stubs
 *(SORT_BY_ALIGNMENT(.glue_7))
 .glue_7        0x000000000000abb8        0x0 linker stubs
 *(SORT_BY_ALIGNMENT(.vfp11_veneer))
 .vfp11_veneer  0x000000000000abb8        0x0 linker stubs
 *(SORT_BY_ALIGNMENT(.v4_bx))
 .v4_bx         0x000000000000abb8        0x0 linker stubs
                0x000000000000abb8                . = ALIGN (0x4)
                0x000000000000abb8                __text_region_end = .

.ARM.exidx      0x000000000000abb8        0x8
                0x000000000000abb8                __exidx_start = .
 *(SORT_BY_ALIGNMENT(.ARM.exidx*) SORT_BY_ALIGNMENT(gnu.linkonce.armexidx.*))
 .ARM.exidx     0x000000000000abb8        0x8 c:\ncs\toolchains\c1a76fddb2\opt\zephyr-sdk\arm-zephyr-eabi\bin\../lib/gcc/../../picolibc/arm-zephyr-eabi/lib/thumb/v7e-m/nofp\libc.a(strlen.S.o)
 .ARM.exidx     0x000000000000abc0        0x0 c:/ncs/toolchains/c1a76fddb2/opt/zephyr-sdk/arm-zephyr-eabi/bin/../lib/gcc/arm-zephyr-eabi/12.2.0/thumb/v7e-m/nofp\libgcc.a(_udivmoddi4.o)
                                          0x8 (size before relaxing)
                0x000000000000abc0                __exidx_end = .
                0x000000000000abc0                __rodata_region_start = .

initlevel       0x000000000000abc0       0x70
                0x000000000000abc0                __init_start = .
                0x000000000000abc0                __init_EARLY_start = .
 *(SORT_BY_NAME(SORT_BY_ALIGNMENT(.z_init_EARLY_P_?_*)))
 *(SORT_BY_NAME(SORT_BY_ALIGNMENT(.z_init_EARLY_P_??_*)))
 *(SORT_BY_NAME(SORT_BY_ALIGNMENT(.z_init_EARLY_P_???_*)))
                0x000000000000abc0                __init_PRE_KERNEL_1_start = .
 *(SORT_BY_NAME(SORT_BY_ALIGNMENT(.z_init_PRE_KERNEL_1_P_?_*)))
 .z_init_PRE_KERNEL_1_P_0_SUB_0_
                0x000000000000abc0        0x8 zephyr/soc/soc/nrf52840/libsoc__nordic.a(soc.c.obj)
 *(SORT_BY_NAME(SORT_BY_ALIGNMENT(.z_init_PRE_KERNEL_1_P_??_*)))
 .z_init_PRE_KERNEL_1_P_30_SUB_00078_
                0x000000000000abc8        0x8 zephyr/drivers/clock_control/libdrivers__clock_control.a(clock_control_nrf.c.obj)
 .z_init_PRE_KERNEL_1_P_30_SUB_0_
                0x000000000000abd0        0x8 zephyr/kernel/libkernel.a(mem_slab.c.obj)
 .z_init_PRE_KERNEL_1_P_40_SUB_00013_
                0x000000000000abd8        0x8 zephyr/drivers/gpio/libdrivers__gpio.a(gpio_nrfx.c.obj)
 .z_init_PRE_KERNEL_1_P_40_SUB_00108_
                0x000000000000abe0        0x8 zephyr/drivers/gpio/libdrivers__gpio.a(gpio_nrfx.c.obj)
 .z_init_PRE_KERNEL_1_P_40_SUB_0_
                0x000000000000abe8        0x8 modules/nrf/drivers/hw_cc3xx/lib..__nrf__drivers__hw_cc3xx.a(hw_cc3xx.c.obj)
 .z_init_PRE_KERNEL_1_P_50_SUB_00116_
                0x000000000000abf0        0x8 zephyr/drivers/serial/libdrivers__serial.a(uart_nrfx_uarte.c.obj)
 .z_init_PRE_KERNEL_1_P_60_SUB_0_
                0x000000000000abf8        0x8 zephyr/drivers/console/libdrivers__console.a(uart_console.c.obj)
 *(SORT_BY_NAME(SORT_BY_ALIGNMENT(.z_init_PRE_KERNEL_1_P_???_*)))
                0x000000000000ac00                __init_PRE_KERNEL_2_start = .
 *(SORT_BY_NAME(SORT_BY_ALIGNMENT(.z_init_PRE_KERNEL_2_P_?_*)))
 .z_init_PRE_KERNEL_2_P_0_SUB_0_
                0x000000000000ac00        0x8 zephyr/drivers/timer/libdrivers__timer.a(nrf_rtc_timer.c.obj)
 *(SORT_BY_NAME(SORT_BY_ALIGNMENT(.z_init_PRE_KERNEL_2_P_??_*)))
 *(SORT_BY_NAME(SORT_BY_ALIGNMENT(.z_init_PRE_KERNEL_2_P_???_*)))
                0x000000000000ac08                __init_POST_KERNEL_start = .
 *(SORT_BY_NAME(SORT_BY_ALIGNMENT(.z_init_POST_KERNEL_P_?_*)))