Archive member included to satisfy reference by file (symbol)

app/libapp.a(main.c.obj)      (--whole-archive)
app/libapp.a(heater_PWM.c.obj)
                              (--whole-archive)
app/libapp.a(adc_temp.c.obj)  (--whole-archive)
app/libapp.a(control.c.obj)   (--whole-archive)
app/libapp.a(pid.c.obj)       (--whole-archive)
app/libapp.a(UI.c.obj)        (--whole-archive)
app/libapp.a(database.c.obj)  (--whole-archive)
app/libapp.a(display_uart.c.obj)
                              (--whole-archive)
zephyr/libzephyr.a(heap.c.obj)
                              (--whole-archive)
zephyr/libzephyr.a(cbprintf_packaged.c.obj)
                              (--whole-archive)
zephyr/libzephyr.a(printk.c.obj)
                              (--whole-archive)
zephyr/libzephyr.a(sem.c.obj)
                              (--whole-archive)
zephyr/libzephyr.a(thread_entry.c.obj)
                              (--whole-archive)
zephyr/libzephyr.a(cbprintf_complete.c.obj)
                              (--whole-archive)
zephyr/libzephyr.a(assert.c.obj)
                              (--whole-archive)
zephyr/libzephyr.a(dec.c.obj)
                              (--whole-archive)
zephyr/libzephyr.a(hex.c.obj)
                              (--whole-archive)
zephyr/libzephyr.a(rb.c.obj)  (--whole-archive)
zephyr/libzephyr.a(timeutil.c.obj)
                              (--whole-archive)
zephyr/libzephyr.a(bitarray.c.obj)
                              (--whole-archive)
zephyr/libzephyr.a(onoff.c.obj)
                              (--whole-archive)
zephyr/libzephyr.a(notify.c.obj)
                              (--whole-archive)
zephyr/libzephyr.a(ring_buffer.c.obj)
                              (--whole-archive)
zephyr/libzephyr.a(last_section_id.c.obj)
                              (--whole-archive)
zephyr/libzephyr.a(configs.c.obj)
                              (--whole-archive)
zephyr/libzephyr.a(mem_attr.c.obj)
                              (--whole-archive)
zephyr/libzephyr.a(tracing_none.c.obj)
                              (--whole-archive)
zephyr/libzephyr.a(banner.c.obj)
                              (--whole-archive)
zephyr/libzephyr.a(flash_map_partition_manager.c.obj)
                              (--whole-archive)
zephyr/libzephyr.a(nrf_cc3xx_platform_abort_zephyr.c.obj)
                              (--whole-archive)
zephyr/libzephyr.a(nrf_cc3xx_platform_mutex_zephyr.c.obj)
                              (--whole-archive)
zephyr/arch/common/libarch__common.a(sw_isr_common.c.obj)
                              (--whole-archive)
zephyr/arch/arch/arm/core/libarch__arm__core.a(fatal.c.obj)
                              (--whole-archive)
zephyr/arch/arch/arm/core/libarch__arm__core.a(nmi.c.obj)
                              (--whole-archive)
zephyr/arch/arch/arm/core/libarch__arm__core.a(nmi_on_reset.S.obj)
                              (--whole-archive)
zephyr/arch/arch/arm/core/libarch__arm__core.a(tls.c.obj)
                              (--whole-archive)
zephyr/arch/arch/arm/core/cortex_m/libarch__arm__core__cortex_m.a(exc_exit.c.obj)
                              (--whole-archive)
zephyr/arch/arch/arm/core/cortex_m/libarch__arm__core__cortex_m.a(fault.c.obj)
                              (--whole-archive)
zephyr/arch/arch/arm/core/cortex_m/libarch__arm__core__cortex_m.a(fault_s.S.obj)
                              (--whole-archive)
zephyr/arch/arch/arm/core/cortex_m/libarch__arm__core__cortex_m.a(fpu.c.obj)
                              (--whole-archive)
zephyr/arch/arch/arm/core/cortex_m/libarch__arm__core__cortex_m.a(reset.S.obj)
                              (--whole-archive)
zephyr/arch/arch/arm/core/cortex_m/libarch__arm__core__cortex_m.a(scb.c.obj)
                              (--whole-archive)
zephyr/arch/arch/arm/core/cortex_m/libarch__arm__core__cortex_m.a(thread_abort.c.obj)
                              (--whole-archive)
zephyr/arch/arch/arm/core/cortex_m/libarch__arm__core__cortex_m.a(vector_table.S.obj)
                              (--whole-archive)
zephyr/arch/arch/arm/core/cortex_m/libarch__arm__core__cortex_m.a(swap_helper.S.obj)
                              (--whole-archive)
zephyr/arch/arch/arm/core/cortex_m/libarch__arm__core__cortex_m.a(irq_manage.c.obj)
                              (--whole-archive)
zephyr/arch/arch/arm/core/cortex_m/libarch__arm__core__cortex_m.a(prep_c.c.obj)
                              (--whole-archive)
zephyr/arch/arch/arm/core/cortex_m/libarch__arm__core__cortex_m.a(thread.c.obj)
                              (--whole-archive)
zephyr/arch/arch/arm/core/cortex_m/libarch__arm__core__cortex_m.a(cpu_idle.c.obj)
                              (--whole-archive)
zephyr/arch/arch/arm/core/cortex_m/libarch__arm__core__cortex_m.a(irq_init.c.obj)
                              (--whole-archive)
zephyr/arch/arch/arm/core/cortex_m/libarch__arm__core__cortex_m.a(isr_wrapper.c.obj)
[...]
Memory Configuration

Name             Origin             Length             Attributes
FLASH            0x0000000000000000 0x0000000000100000 xr
RAM              0x0000000020000000 0x0000000000040000 xw
IDT_LIST         0x00000000ffff7fff 0x0000000000008000 xw
*default*        0x0000000000000000 0xffffffffffffffff

Linker script and memory map

                0x0000000000006bbc                vfprintf = __d_vfprintf
                0x0000000000000000                vfscanf = __d_vfscanf
LOAD zephyr/CMakeFiles/zephyr_final.dir/misc/empty_file.c.obj
LOAD zephyr/CMakeFiles/zephyr_final.dir/isr_tables.c.obj
LOAD zephyr/CMakeFiles/offsets.dir/./arch/arm/core/offsets/offsets.c.obj
LOAD app/libapp.a
LOAD zephyr/libzephyr.a
LOAD zephyr/arch/common/libarch__common.a
LOAD zephyr/arch/arch/arm/core/libarch__arm__core.a
LOAD zephyr/arch/arch/arm/core/cortex_m/libarch__arm__core__cortex_m.a
LOAD zephyr/arch/arch/arm/core/mpu/libarch__arm__core__mpu.a
LOAD zephyr/lib/libc/picolibc/liblib__libc__picolibc.a
LOAD zephyr/lib/libc/common/liblib__libc__common.a
LOAD zephyr/soc/soc/nrf52840/libsoc__nordic.a
LOAD zephyr/drivers/adc/libdrivers__adc.a
LOAD zephyr/drivers/clock_control/libdrivers__clock_control.a
LOAD zephyr/drivers/console/libdrivers__console.a
LOAD zephyr/drivers/gpio/libdrivers__gpio.a
LOAD zephyr/drivers/pinctrl/libdrivers__pinctrl.a
LOAD zephyr/drivers/pwm/libdrivers__pwm.a
LOAD zephyr/drivers/serial/libdrivers__serial.a
LOAD zephyr/drivers/timer/libdrivers__timer.a
LOAD modules/nrf/drivers/hw_cc3xx/lib..__nrf__drivers__hw_cc3xx.a
LOAD modules/hal_nordic/modules/hal_nordic/nrfx/libmodules__hal_nordic__nrfx.a
LOAD zephyr/kernel/libkernel.a
LOAD zephyr/arch/common/libisr_tables.a
LOAD C:/ncs/v3.1.1/nrfxlib/crypto/nrf_cc310_platform/lib/cortex-m4/soft-float/no-interrupts/libnrf_cc310_platform_0.9.19.a
LOAD c:\ncs\toolchains\c1a76fddb2\opt\zephyr-sdk\arm-zephyr-eabi\bin\../lib/gcc/../../picolibc/arm-zephyr-eabi/lib/thumb/v7e-m/nofp\libc.a
LOAD c:/ncs/toolchains/c1a76fddb2/opt/zephyr-sdk/arm-zephyr-eabi/bin/../lib/gcc/arm-zephyr-eabi/12.2.0/thumb/v7e-m/nofp\libgcc.a
                0x0000000000000020                _region_min_align = 0x20

.rel.plt        0x0000000000000000        0x0
 *(SORT_BY_ALIGNMENT(.rel.plt))
                [!provide]                        PROVIDE (__rel_iplt_start = .)
 *(SORT_BY_ALIGNMENT(.rel.iplt))
 .rel.iplt      0x0000000000000000        0x0 zephyr/CMakeFiles/zephyr_final.dir/isr_tables.c.obj
                [!provide]                        PROVIDE (__rel_iplt_end = .)

.rela.plt       0x0000000000000000        0x0
 *(SORT_BY_ALIGNMENT(.rela.plt))
                [!provide]                        PROVIDE (__rela_iplt_start = .)
 *(SORT_BY_ALIGNMENT(.rela.iplt))
                [!provide]                        PROVIDE (__rela_iplt_end = .)

.rel.dyn
 *(SORT_BY_ALIGNMENT(.rel.*))

.rela.dyn
 *(SORT_BY_ALIGNMENT(.rela.*))

/DISCARD/
 *(SORT_BY_ALIGNMENT(.plt))

/DISCARD/
 *(SORT_BY_ALIGNMENT(.iplt))
                0x0000000000000000                __rom_region_start = 0x0

rom_start       0x0000000000000000      0x100
                0x0000000000000000                __rom_start_address = .
 FILL mask 0x00
                0x0000000000000000                . = (. + (0x0 - (. - __rom_start_address)))
                0x0000000000000000                . = ALIGN (0x4)
                0x0000000000000000                . = ALIGN (0x80)
                0x0000000000000000                . = ALIGN (0x100)
                0x0000000000000000                _vector_start = .
 *(SORT_BY_ALIGNMENT(.exc_vector_table))
 *(SORT_BY_ALIGNMENT(.exc_vector_table.*))
 .exc_vector_table._vector_table_section
                0x0000000000000000       0x40 zephyr/arch/arch/arm/core/cortex_m/libarch__arm__core__cortex_m.a(vector_table.S.obj)
                0x0000000000000000                _vector_table
 *(SORT_BY_ALIGNMENT(.vectors))
                0x0000000000000100                _vector_end = .
                0x0000000000000040                . = ALIGN (0x4)
 *(SORT_BY_ALIGNMENT(.gnu.linkonce.irq_vector_table*))
 .gnu.linkonce.irq_vector_table
                0x0000000000000040       0xc0 zephyr/CMakeFiles/zephyr_final.dir/isr_tables.c.obj
                0x0000000000000040                _irq_vector_table
                0x0000000000000100                _vector_end = .

text            0x0000000000000100     0x8e88
                0x0000000000000100                __text_region_start = .
 *(SORT_BY_ALIGNMENT(.text))
 .text          0x0000000000000100      0x378 c:/ncs/toolchains/c1a76fddb2/opt/zephyr-sdk/arm-zephyr-eabi/bin/../lib/gcc/arm-zephyr-eabi/12.2.0/thumb/v7e-m/nofp\libgcc.a(_arm_addsubdf3.o)
                0x0000000000000100                __aeabi_drsub
                0x0000000000000108                __aeabi_dsub
                0x0000000000000108                __subdf3
                0x000000000000010c                __aeabi_dadd
                0x000000000000010c                __adddf3
                0x0000000000000384                __floatunsidf
                0x0000000000000384                __aeabi_ui2d
                0x00000000000003a4                __floatsidf
                0x00000000000003a4                __aeabi_i2d
                0x00000000000003c8                __aeabi_f2d
                0x00000000000003c8                __extendsfdf2
                0x000000000000040c                __floatundidf
                0x000000000000040c                __aeabi_ul2d
                0x000000000000041c                __floatdidf
                0x000000000000041c                __aeabi_l2d
 .text          0x0000000000000478      0x424 c:/ncs/toolchains/c1a76fddb2/opt/zephyr-sdk/arm-zephyr-eabi/bin/../lib/gcc/arm-zephyr-eabi/12.2.0/thumb/v7e-m/nofp\libgcc.a(_arm_muldivdf3.o)
                0x0000000000000478                __aeabi_dmul
                0x0000000000000478                __muldf3
                0x00000000000006cc                __divdf3
                0x00000000000006cc                __aeabi_ddiv
 .text          0x000000000000089c       0xa0 c:/ncs/toolchains/c1a76fddb2/opt/zephyr-sdk/arm-zephyr-eabi/bin/../lib/gcc/arm-zephyr-eabi/12.2.0/thumb/v7e-m/nofp\libgcc.a(_arm_truncdfsf2.o)
                0x000000000000089c                __truncdfsf2
                0x000000000000089c                __aeabi_d2f
 .text          0x000000000000093c      0x21c c:/ncs/toolchains/c1a76fddb2/opt/zephyr-sdk/arm-zephyr-eabi/bin/../lib/gcc/arm-zephyr-eabi/12.2.0/thumb/v7e-m/nofp\libgcc.a(_arm_addsubsf3.o)
                0x000000000000093c                __aeabi_frsub
                0x0000000000000944                __subsf3
                0x0000000000000944                __aeabi_fsub
                0x0000000000000948                __aeabi_fadd
                0x0000000000000948                __addsf3
                0x0000000000000aa8                __aeabi_ui2f
                0x0000000000000aa8                __floatunsisf
                0x0000000000000ab0                __aeabi_i2f
                0x0000000000000ab0                __floatsisf
                0x0000000000000acc                __aeabi_ul2f
                0x0000000000000acc                __floatundisf
                0x0000000000000adc                __aeabi_l2f
                0x0000000000000adc                __floatdisf
 .text          0x0000000000000b58      0x2a0 c:/ncs/toolchains/c1a76fddb2/opt/zephyr-sdk/arm-zephyr-eabi/bin/../lib/gcc/arm-zephyr-eabi/12.2.0/thumb/v7e-m/nofp\libgcc.a(_arm_muldivsf3.o)
                0x0000000000000b58                __mulsf3
                0x0000000000000b58                __aeabi_fmul
                0x0000000000000cc0                __aeabi_fdiv
                0x0000000000000cc0                __divsf3
 .text          0x0000000000000df8       0xec c:/ncs/toolchains/c1a76fddb2/opt/zephyr-sdk/arm-zephyr-eabi/bin/../lib/gcc/arm-zephyr-eabi/12.2.0/thumb/v7e-m/nofp\libgcc.a(_arm_cmpsf2.o)
                0x0000000000000df8                __gesf2
                0x0000000000000df8                __gtsf2
                0x0000000000000e00                __lesf2
                0x0000000000000e00                __ltsf2
                0x0000000000000e08                __nesf2
                0x0000000000000e08                __eqsf2
                0x0000000000000e08                __cmpsf2
                0x0000000000000e68                __aeabi_cfrcmple
                0x0000000000000e70                __aeabi_cfcmpeq
                0x0000000000000e70                __aeabi_cfcmple
                0x0000000000000e80                __aeabi_fcmpeq
                0x0000000000000e94                __aeabi_fcmplt
                0x0000000000000ea8                __aeabi_fcmple
                0x0000000000000ebc                __aeabi_fcmpge
                0x0000000000000ed0                __aeabi_fcmpgt
 .text          0x0000000000000ee4       0x4c c:/ncs/toolchains/c1a76fddb2/opt/zephyr-sdk/arm-zephyr-eabi/bin/../lib/gcc/arm-zephyr-eabi/12.2.0/thumb/v7e-m/nofp\libgcc.a(_arm_fixsfsi.o)
                0x0000000000000ee4                __aeabi_f2iz
                0x0000000000000ee4                __fixsfsi
 .text          0x0000000000000f30       0x30 c:/ncs/toolchains/c1a76fddb2/opt/zephyr-sdk/arm-zephyr-eabi/bin/../lib/gcc/arm-zephyr-eabi/12.2.0/thumb/v7e-m/nofp\libgcc.a(_aeabi_uldivmod.o)
                0x0000000000000f30                __aeabi_uldivmod
 .text          0x0000000000000f60        0x4 c:/ncs/toolchains/c1a76fddb2/opt/zephyr-sdk/arm-zephyr-eabi/bin/../lib/gcc/arm-zephyr-eabi/12.2.0/thumb/v7e-m/nofp\libgcc.a(_dvmd_tls.o)
                0x0000000000000f60                __aeabi_idiv0
                0x0000000000000f60                __aeabi_ldiv0
 .text          0x0000000000000f64      0x2a0 c:/ncs/toolchains/c1a76fddb2/opt/zephyr-sdk/arm-zephyr-eabi/bin/../lib/gcc/arm-zephyr-eabi/12.2.0/thumb/v7e-m/nofp\libgcc.a(_udivmoddi4.o)
                0x0000000000000f64                __udivmoddi4
 *(SORT_BY_ALIGNMENT(.text.*))
 *fill*         0x0000000000001204        0x4 
 .text.heater_set_intensity
                0x0000000000001208       0xd0 app/libapp.a(heater_PWM.c.obj)
                0x0000000000001208                heater_set_intensity
 .text.heater_init
                0x00000000000012d8       0x38 app/libapp.a(heater_PWM.c.obj)
                0x00000000000012d8                heater_init
 .text.adc_temp_init
                0x0000000000001310       0x44 app/libapp.a(adc_temp.c.obj)
                0x0000000000001310                adc_temp_init
 .text.adc_temp_read
                0x0000000000001354       0x78 app/libapp.a(adc_temp.c.obj)
                0x0000000000001354                adc_temp_read
 .text.control_thread
                0x00000000000013cc      0x108 app/libapp.a(control.c.obj)
                0x00000000000013cc                control_thread
 .text.pid_init
                0x00000000000014d4       0x18 app/libapp.a(pid.c.obj)
                0x00000000000014d4                pid_init
 .text.button_inc_handler
                0x00000000000014ec       0x34 app/libapp.a(UI.c.obj)
                0x00000000000014ec                button_inc_handler
 .text.button_dec_handler
                0x0000000000001520       0x34 app/libapp.a(UI.c.obj)
                0x0000000000001520                button_dec_handler
 .text.gpio_add_callback.constprop.0.isra.0
                0x0000000000001554       0x14 app/libapp.a(UI.c.obj)
 .text.button_enable_handler
                0x0000000000001568       0x38 app/libapp.a(UI.c.obj)
                0x0000000000001568                button_enable_handler
 .text.ui_init  0x00000000000015a0       0xd8 app/libapp.a(UI.c.obj)
                0x00000000000015a0                ui_init
 .text.ui_led_thread_entry
                0x0000000000001678       0xe8 app/libapp.a(UI.c.obj)
                0x0000000000001678                ui_led_thread_entry
 .text.k_mutex_lock.constprop.0.isra.0
                0x0000000000001760       0x10 app/libapp.a(database.c.obj)
 .text.k_mutex_unlock.constprop.0.isra.0
                0x0000000000001770        0xc app/libapp.a(database.c.obj)
 .text.db_write_target_temp
                0x000000000000177c       0x44 app/libapp.a(database.c.obj)
                0x000000000000177c                db_write_target_temp
 .text.db_read_target_temp
                0x00000000000017c0       0x20 app/libapp.a(database.c.obj)
                0x00000000000017c0                db_read_target_temp
 .text.db_write_current_temp
                0x00000000000017e0       0x20 app/libapp.a(database.c.obj)
                0x00000000000017e0                db_write_current_temp
 .text.db_read_current_temp
                0x0000000000001800       0x20 app/libapp.a(database.c.obj)
                0x0000000000001800                db_read_current_temp
 .text.db_write_current_power
                0x0000000000001820       0x20 app/libapp.a(database.c.obj)
                0x0000000000001820                db_write_current_power
 .text.db_read_current_power
                0x0000000000001840       0x20 app/libapp.a(database.c.obj)
                0x0000000000001840                db_read_current_power
 .text.db_write_system_enable
                0x0000000000001860       0x20 app/libapp.a(database.c.obj)
                0x0000000000001860                db_write_system_enable
 .text.db_read_system_enable
                0x0000000000001880       0x20 app/libapp.a(database.c.obj)
                0x0000000000001880                db_read_system_enable
 .text.db_write_raw_temp
                0x00000000000018a0       0x20 app/libapp.a(database.c.obj)
                0x00000000000018a0                db_write_raw_temp
 .text.db_read_raw_temp
                0x00000000000018c0       0x20 app/libapp.a(database.c.obj)
                0x00000000000018c0                db_read_raw_temp
 .text.display_thread
                0x00000000000018e0      0x120 app/libapp.a(display_uart.c.obj)
                0x00000000000018e0                display_thread
 .text.char_out
                0x0000000000001a00        0xc zephyr/libzephyr.a(printk.c.obj)
 .text.__printk_hook_install
                0x0000000000001a0c        0xc zephyr/libzephyr.a(printk.c.obj)
                0x0000000000001a0c                __printk_hook_install
 .text.vprintk  0x0000000000001a18       0x30 zephyr/libzephyr.a(printk.c.obj)
                0x0000000000001a18                vprintk
 .text.z_thread_entry
                0x0000000000001a48       0x34 zephyr/libzephyr.a(thread_entry.c.obj)
                0x0000000000001a48                z_thread_entry
 .text.process_event
                0x0000000000001a7c      0x21c zephyr/libzephyr.a(onoff.c.obj)
 .text.mem_attr_get_regions
                0x0000000000001c98        0xc zephyr/libzephyr.a(mem_attr.c.obj)
                0x0000000000001c98                mem_attr_get_regions
 .text.boot_banner
                0x0000000000001ca4       0x1c zephyr/libzephyr.a(banner.c.obj)
                0x0000000000001ca4                boot_banner
 .text.nrf_cc3xx_platform_abort_init
                0x0000000000001cc0        0xc zephyr/libzephyr.a(nrf_cc3xx_platform_abort_zephyr.c.obj)
                0x0000000000001cc0                nrf_cc3xx_platform_abort_init
 .text.mutex_free_platform
                0x0000000000001ccc       0x54 zephyr/libzephyr.a(nrf_cc3xx_platform_mutex_zephyr.c.obj)
 .text.mutex_lock_platform
                0x0000000000001d20       0x60 zephyr/libzephyr.a(nrf_cc3xx_platform_mutex_zephyr.c.obj)
 .text.mutex_unlock_platform
                0x0000000000001d80       0x58 zephyr/libzephyr.a(nrf_cc3xx_platform_mutex_zephyr.c.obj)
 .text.mutex_init_platform
                0x0000000000001dd8       0x94 zephyr/libzephyr.a(nrf_cc3xx_platform_mutex_zephyr.c.obj)
 .text.nrf_cc3xx_platform_mutex_init
                0x0000000000001e6c       0x2c zephyr/libzephyr.a(nrf_cc3xx_platform_mutex_zephyr.c.obj)
                0x0000000000001e6c                nrf_cc3xx_platform_mutex_init
 .text.z_SysNmiOnReset
                0x0000000000001e98        0x8 zephyr/arch/arch/arm/core/libarch__arm__core.a(nmi_on_reset.S.obj)
                0x0000000000001e98                z_SysNmiOnReset
 .text.arch_tls_stack_setup
                0x0000000000001ea0       0x40 zephyr/arch/arch/arm/core/libarch__arm__core.a(tls.c.obj)
                0x0000000000001ea0                arch_tls_stack_setup
 .text._HandlerModeExit
                0x0000000000001ee0       0x20 zephyr/arch/arch/arm/core/cortex_m/libarch__arm__core__cortex_m.a(exc_exit.c.obj)
                0x0000000000001ee0                z_arm_int_exit
                0x0000000000001ee0                z_arm_exc_exit
 .text.mem_manage_fault
                0x0000000000001f00       0xa0 zephyr/arch/arch/arm/core/cortex_m/libarch__arm__core__cortex_m.a(fault.c.obj)
 .text.usage_fault.constprop.0
                0x0000000000001fa0       0x54 zephyr/arch/arch/arm/core/cortex_m/libarch__arm__core__cortex_m.a(fault.c.obj)
 .text.bus_fault.constprop.0
                0x0000000000001ff4       0x6c zephyr/arch/arch/arm/core/cortex_m/libarch__arm__core__cortex_m.a(fault.c.obj)
 .text.z_arm_fault
                0x0000000000002060      0x128 zephyr/arch/arch/arm/core/cortex_m/libarch__arm__core__cortex_m.a(fault.c.obj)
                0x0000000000002060                z_arm_fault
 .text.z_arm_fault_init
                0x0000000000002188       0x18 zephyr/arch/arch/arm/core/cortex_m/libarch__arm__core__cortex_m.a(fault.c.obj)
                0x0000000000002188                z_arm_fault_init
 .text.__fault  0x00000000000021a0       0x14 zephyr/arch/arch/arm/core/cortex_m/libarch__arm__core__cortex_m.a(fault_s.S.obj)
                0x00000000000021a0                z_arm_usage_fault
                0x00000000000021a0                z_arm_mpu_fault
                0x00000000000021a0                z_arm_exc_spurious
                0x00000000000021a0                z_arm_debug_monitor
                0x00000000000021a0                z_arm_hard_fault
                0x00000000000021a0                z_arm_bus_fault
 .text._reset_section
                0x00000000000021b4       0x54 zephyr/arch/arch/arm/core/cortex_m/libarch__arm__core__cortex_m.a(reset.S.obj)
                0x00000000000021b4                __start
                0x00000000000021b4                z_arm_reset
 .text.z_arm_clear_arm_mpu_config
                0x0000000000002208       0x24 zephyr/arch/arch/arm/core/cortex_m/libarch__arm__core__cortex_m.a(scb.c.obj)
                0x0000000000002208                z_arm_clear_arm_mpu_config
 .text.z_arm_init_arch_hw_at_boot
                0x000000000000222c       0x64 zephyr/arch/arch/arm/core/cortex_m/libarch__arm__core__cortex_m.a(scb.c.obj)
                0x000000000000222c                z_arm_init_arch_hw_at_boot
 .text.z_impl_k_thread_abort
                0x0000000000002290       0x2c zephyr/arch/arch/arm/core/cortex_m/libarch__arm__core__cortex_m.a(thread_abort.c.obj)
                0x0000000000002290                z_impl_k_thread_abort
 .text.z_arm_pendsv
                0x00000000000022bc       0x60 zephyr/arch/arch/arm/core/cortex_m/libarch__arm__core__cortex_m.a(swap_helper.S.obj)
                0x00000000000022bc                z_arm_pendsv
 .text.z_arm_svc
                0x000000000000231c       0x24 zephyr/arch/arch/arm/core/cortex_m/libarch__arm__core__cortex_m.a(swap_helper.S.obj)
                0x000000000000231c                z_arm_svc
 .text.arm_irq_enable
                0x0000000000002340       0x1c zephyr/arch/arch/arm/core/cortex_m/libarch__arm__core__cortex_m.a(irq_manage.c.obj)
                0x0000000000002340                arm_irq_enable
 .text.arm_irq_is_enabled
                0x000000000000235c       0x1c zephyr/arch/arch/arm/core/cortex_m/libarch__arm__core__cortex_m.a(irq_manage.c.obj)
                0x000000000000235c                arm_irq_is_enabled
 .text.arm_irq_priority_set
                0x0000000000002378       0x30 zephyr/arch/arch/arm/core/cortex_m/libarch__arm__core__cortex_m.a(irq_manage.c.obj)
                0x0000000000002378                arm_irq_priority_set
 .text.relocate_vector_table
                0x00000000000023a8       0x1c zephyr/arch/arch/arm/core/cortex_m/libarch__arm__core__cortex_m.a(prep_c.c.obj)
                0x00000000000023a8                relocate_vector_table
 .text.z_prep_c
                0x00000000000023c4       0x28 zephyr/arch/arch/arm/core/cortex_m/libarch__arm__core__cortex_m.a(prep_c.c.obj)
                0x00000000000023c4                z_prep_c
 .text.arch_new_thread
                0x00000000000023ec       0x38 zephyr/arch/arch/arm/core/cortex_m/libarch__arm__core__cortex_m.a(thread.c.obj)
                0x00000000000023ec                arch_new_thread
 .text.z_check_thread_stack_fail
                0x0000000000002424       0x2c zephyr/arch/arch/arm/core/cortex_m/libarch__arm__core__cortex_m.a(thread.c.obj)
                0x0000000000002424                z_check_thread_stack_fail
 .text.arch_switch_to_main_thread
                0x0000000000002450       0x3c zephyr/arch/arch/arm/core/cortex_m/libarch__arm__core__cortex_m.a(thread.c.obj)
                0x0000000000002450                arch_switch_to_main_thread
 .text.z_arm_cpu_idle_init
                0x000000000000248c        0xc zephyr/arch/arch/arm/core/cortex_m/libarch__arm__core__cortex_m.a(cpu_idle.c.obj)
                0x000000000000248c                z_arm_cpu_idle_init
 .text.z_arm_interrupt_init
                0x0000000000002498       0x18 zephyr/arch/arch/arm/core/cortex_m/libarch__arm__core__cortex_m.a(irq_init.c.obj)
                0x0000000000002498                z_arm_interrupt_init
 .text._isr_wrapper
                0x00000000000024b0       0x24 zephyr/arch/arch/arm/core/cortex_m/libarch__arm__core__cortex_m.a(isr_wrapper.c.obj)
                0x00000000000024b0                _isr_wrapper
 .text.z_arm_configure_static_mpu_regions
                0x00000000000024d4       0x18 zephyr/arch/arch/arm/core/mpu/libarch__arm__core__mpu.a(arm_core_mpu.c.obj)
                0x00000000000024d4                z_arm_configure_static_mpu_regions
 .text.z_arm_configure_dynamic_mpu_regions
                0x00000000000024ec       0x20 zephyr/arch/arch/arm/core/mpu/libarch__arm__core__mpu.a(arm_core_mpu.c.obj)
                0x00000000000024ec                z_arm_configure_dynamic_mpu_regions
 .text.region_init
                0x000000000000250c       0x28 zephyr/arch/arch/arm/core/mpu/libarch__arm__core__mpu.a(arm_mpu.c.obj)
 .text.mpu_configure_regions
                0x0000000000002534       0x6c zephyr/arch/arch/arm/core/mpu/libarch__arm__core__mpu.a(arm_mpu.c.obj)
 .text.arm_core_mpu_enable
                0x00000000000025a0       0x18 zephyr/arch/arch/arm/core/mpu/libarch__arm__core__mpu.a(arm_mpu.c.obj)
                0x00000000000025a0                arm_core_mpu_enable
 .text.arm_core_mpu_disable
                0x00000000000025b8       0x14 zephyr/arch/arch/arm/core/mpu/libarch__arm__core__mpu.a(arm_mpu.c.obj)
                0x00000000000025b8                arm_core_mpu_disable
 .text.arm_core_mpu_configure_static_mpu_regions
                0x00000000000025cc       0x14 zephyr/arch/arch/arm/core/mpu/libarch__arm__core__mpu.a(arm_mpu.c.obj)
                0x00000000000025cc                arm_core_mpu_configure_static_mpu_regions
 .text.arm_core_mpu_configure_dynamic_mpu_regions
                0x00000000000025e0       0x38 zephyr/arch/arch/arm/core/mpu/libarch__arm__core__mpu.a(arm_mpu.c.obj)
                0x00000000000025e0                arm_core_mpu_configure_dynamic_mpu_regions
 .text.z_arm_mpu_init
                0x0000000000002618      0x168 zephyr/arch/arch/arm/core/mpu/libarch__arm__core__mpu.a(arm_mpu.c.obj)
                0x0000000000002618                z_arm_mpu_init
 .text.z_impl_zephyr_fputc
                0x0000000000002780       0x10 zephyr/lib/libc/picolibc/liblib__libc__picolibc.a(stdio.c.obj)
                0x0000000000002780                z_impl_zephyr_fputc
 .text.__stdout_hook_install
                0x0000000000002790       0x18 zephyr/lib/libc/picolibc/liblib__libc__picolibc.a(stdio.c.obj)
                0x0000000000002790                __stdout_hook_install
 .text.malloc_prepare
                0x00000000000027a8       0x24 zephyr/lib/libc/common/liblib__libc__common.a(malloc.c.obj)
 .text.nordicsemi_nrf52_init
                0x00000000000027cc       0x44 zephyr/soc/soc/nrf52840/libsoc__nordic.a(soc.c.obj)
 .text.arch_busy_wait
                0x0000000000002810       0x14 zephyr/soc/soc/nrf52840/libsoc__nordic.a(soc.c.obj)
                0x0000000000002810                arch_busy_wait
 .text.adc_gain_invert
                0x0000000000002824       0x2c zephyr/drivers/adc/libdrivers__adc.a(adc_common.c.obj)
                0x0000000000002824                adc_gain_invert
 .text.adc_nrfx_channel_setup
                0x0000000000002850      0x170 zephyr/drivers/adc/libdrivers__adc.a(adc_nrfx_saadc.c.obj)
 .text.init_saadc
                0x00000000000029c0       0x48 zephyr/drivers/adc/libdrivers__adc.a(adc_nrfx_saadc.c.obj)
 .text.adc_context_start_sampling.constprop.0
                0x0000000000002a08       0x40 zephyr/drivers/adc/libdrivers__adc.a(adc_nrfx_saadc.c.obj)
 .text.event_handler
                0x0000000000002a48      0x160 zephyr/drivers/adc/libdrivers__adc.a(adc_nrfx_saadc.c.obj)
 .text.adc_context_on_timer_expired
                0x0000000000002ba8       0x2c zephyr/drivers/adc/libdrivers__adc.a(adc_nrfx_saadc.c.obj)
 .text.adc_nrfx_read
                0x0000000000002bd4      0x1fc zephyr/drivers/adc/libdrivers__adc.a(adc_nrfx_saadc.c.obj)
 .text.onoff_stop
                0x0000000000002dd0       0x30 zephyr/drivers/clock_control/libdrivers__clock_control.a(clock_control_nrf.c.obj)
 .text.onoff_start
                0x0000000000002e00       0x44 zephyr/drivers/clock_control/libdrivers__clock_control.a(clock_control_nrf.c.obj)
 .text.generic_hfclk_stop
                0x0000000000002e44       0x34 zephyr/drivers/clock_control/libdrivers__clock_control.a(clock_control_nrf.c.obj)
 .text.clk_init
                0x0000000000002e78       0x58 zephyr/drivers/clock_control/libdrivers__clock_control.a(clock_control_nrf.c.obj)
 .text.api_blocking_start
                0x0000000000002ed0       0x34 zephyr/drivers/clock_control/libdrivers__clock_control.a(clock_control_nrf.c.obj)
 .text.clkstarted_handle.constprop.0
                0x0000000000002f04       0x4c zephyr/drivers/clock_control/libdrivers__clock_control.a(clock_control_nrf.c.obj)
 .text.generic_hfclk_start
                0x0000000000002f50       0x78 zephyr/drivers/clock_control/libdrivers__clock_control.a(clock_control_nrf.c.obj)
 .text.clock_event_handler
                0x0000000000002fc8       0x1c zephyr/drivers/clock_control/libdrivers__clock_control.a(clock_control_nrf.c.obj)
 .text.z_nrf_clock_control_lf_on
                0x0000000000002fe4       0xfc zephyr/drivers/clock_control/libdrivers__clock_control.a(clock_control_nrf.c.obj)
                0x0000000000002fe4                z_nrf_clock_control_lf_on
 .text.uart_console_init
                0x00000000000030e0       0x28 zephyr/drivers/console/libdrivers__console.a(uart_console.c.obj)
 .text.console_out
                0x0000000000003108       0x28 zephyr/drivers/console/libdrivers__console.a(uart_console.c.obj)
 .text.gpio_nrfx_pin_interrupt_configure
                0x0000000000003130      0x11c zephyr/drivers/gpio/libdrivers__gpio.a(gpio_nrfx.c.obj)
 .text.nrfx_gpio_handler
                0x000000000000324c       0x4c zephyr/drivers/gpio/libdrivers__gpio.a(gpio_nrfx.c.obj)
 .text.gpio_nrfx_init
                0x0000000000003298       0x48 zephyr/drivers/gpio/libdrivers__gpio.a(gpio_nrfx.c.obj)
 .text.gpio_nrfx_pin_configure
                0x00000000000032e0      0x18c zephyr/drivers/gpio/libdrivers__gpio.a(gpio_nrfx.c.obj)
 .text.nrf_gpio_pin_port_decode
                0x000000000000346c       0x20 zephyr/drivers/pinctrl/libdrivers__pinctrl.a(pinctrl_nrf.c.obj)
 .text.pinctrl_configure_pins
                0x000000000000348c      0x1a4 zephyr/drivers/pinctrl/libdrivers__pinctrl.a(pinctrl_nrf.c.obj)
                0x000000000000348c                pinctrl_configure_pins
 .text.nrf_gpio_pin_port_decode
                0x0000000000003630       0x20 zephyr/drivers/pwm/libdrivers__pwm.a(pwm_nrfx.c.obj)
 .text.pwm_nrfx_init0
                0x0000000000003650       0xac zephyr/drivers/pwm/libdrivers__pwm.a(pwm_nrfx.c.obj)
 .text.uarte_nrfx_poll_out
                0x00000000000036fc       0xb4 zephyr/drivers/serial/libdrivers__serial.a(uart_nrfx_uarte.c.obj)
 .text.uarte_0_init
                0x00000000000037b0      0x108 zephyr/drivers/serial/libdrivers__serial.a(uart_nrfx_uarte.c.obj)
 .text.compare_int_lock
                0x00000000000038b8       0x48 zephyr/drivers/timer/libdrivers__timer.a(nrf_rtc_timer.c.obj)
 .text.sys_clock_timeout_handler
                0x0000000000003900       0x48 zephyr/drivers/timer/libdrivers__timer.a(nrf_rtc_timer.c.obj)
 .text.compare_int_unlock
                0x0000000000003948       0x5c zephyr/drivers/timer/libdrivers__timer.a(nrf_rtc_timer.c.obj)
 .text.z_nrf_rtc_timer_read
                0x00000000000039a4       0x44 zephyr/drivers/timer/libdrivers__timer.a(nrf_rtc_timer.c.obj)
                0x00000000000039a4                z_nrf_rtc_timer_read
 .text.compare_set
                0x00000000000039e8      0x130 zephyr/drivers/timer/libdrivers__timer.a(nrf_rtc_timer.c.obj)
 .text.sys_clock_driver_init
                0x0000000000003b18       0x90 zephyr/drivers/timer/libdrivers__timer.a(nrf_rtc_timer.c.obj)
 .text.rtc_nrf_isr
                0x0000000000003ba8       0xd4 zephyr/drivers/timer/libdrivers__timer.a(nrf_rtc_timer.c.obj)
                0x0000000000003ba8                rtc_nrf_isr
 .text.sys_clock_set_timeout
                0x0000000000003c7c       0x5c zephyr/drivers/timer/libdrivers__timer.a(nrf_rtc_timer.c.obj)
                0x0000000000003c7c                sys_clock_set_timeout
 .text.sys_clock_elapsed
                0x0000000000003cd8       0x14 zephyr/drivers/timer/libdrivers__timer.a(nrf_rtc_timer.c.obj)
                0x0000000000003cd8                sys_clock_elapsed
 .text.nrf52_errata_98
                0x0000000000003cec       0x24 modules/hal_nordic/modules/hal_nordic/nrfx/libmodules__hal_nordic__nrfx.a(system_nrf52840.c.obj)
 .text.nvmc_wait
                0x0000000000003d10       0x10 modules/hal_nordic/modules/hal_nordic/nrfx/libmodules__hal_nordic__nrfx.a(system_nrf52840.c.obj)
                0x0000000000003d10                nvmc_wait
 .text.SystemInit
                0x0000000000003d20      0x1bc modules/hal_nordic/modules/hal_nordic/nrfx/libmodules__hal_nordic__nrfx.a(system_nrf52840.c.obj)
                0x0000000000003d20                SystemInit
 .text.nrfx_flag32_alloc
                0x0000000000003edc       0x48 modules/hal_nordic/modules/hal_nordic/nrfx/libmodules__hal_nordic__nrfx.a(nrfx_flag32_allocator.c.obj)
                0x0000000000003edc                nrfx_flag32_alloc
 .text.nrfx_flag32_free
                0x0000000000003f24       0x40 modules/hal_nordic/modules/hal_nordic/nrfx/libmodules__hal_nordic__nrfx.a(nrfx_flag32_allocator.c.obj)
                0x0000000000003f24                nrfx_flag32_free
 .text.nrfx_gppi_channels_enable
                0x0000000000003f64        0xc modules/hal_nordic/modules/hal_nordic/nrfx/libmodules__hal_nordic__nrfx.a(nrfx_gppi_ppi.c.obj)
                0x0000000000003f64                nrfx_gppi_channels_enable
 .text.clock_stop
                0x0000000000003f70       0xc4 modules/hal_nordic/modules/hal_nordic/nrfx/libmodules__hal_nordic__nrfx.a(nrfx_clock.c.obj)
 .text.nrfx_clock_init
                0x0000000000004034       0x20 modules/hal_nordic/modules/hal_nordic/nrfx/libmodules__hal_nordic__nrfx.a(nrfx_clock.c.obj)
                0x0000000000004034                nrfx_clock_init
 .text.nrfx_clock_enable
                0x0000000000004054       0x24 modules/hal_nordic/modules/hal_nordic/nrfx/libmodules__hal_nordic__nrfx.a(nrfx_clock.c.obj)
                0x0000000000004054                nrfx_clock_enable
 .text.nrfx_clock_start
                0x0000000000004078       0xa8 modules/hal_nordic/modules/hal_nordic/nrfx/libmodules__hal_nordic__nrfx.a(nrfx_clock.c.obj)
                0x0000000000004078                nrfx_clock_start
 .text.nrfx_power_clock_irq_handler
                0x0000000000004120       0x7c modules/hal_nordic/modules/hal_nordic/nrfx/libmodules__hal_nordic__nrfx.a(nrfx_clock.c.obj)
                0x0000000000004120                nrfx_power_clock_irq_handler
 .text.nrf_gpio_pin_port_decode
                0x000000000000419c       0x20 modules/hal_nordic/modules/hal_nordic/nrfx/libmodules__hal_nordic__nrfx.a(nrfx_gpiote.c.obj)
 .text.get_pin_idx
                0x00000000000041bc       0x14 modules/hal_nordic/modules/hal_nordic/nrfx/libmodules__hal_nordic__nrfx.a(nrfx_gpiote.c.obj)
 .text.call_handler.constprop.0
                0x00000000000041d0       0x40 modules/hal_nordic/modules/hal_nordic/nrfx/libmodules__hal_nordic__nrfx.a(nrfx_gpiote.c.obj)
 .text.pin_te_get.constprop.0
                0x0000000000004210       0x18 modules/hal_nordic/modules/hal_nordic/nrfx/libmodules__hal_nordic__nrfx.a(nrfx_gpiote.c.obj)
 .text.pin_is_output.constprop.0
                0x0000000000004228       0x18 modules/hal_nordic/modules/hal_nordic/nrfx/libmodules__hal_nordic__nrfx.a(nrfx_gpiote.c.obj)
 .text.pin_in_use_by_te.constprop.0
                0x0000000000004240       0x18 modules/hal_nordic/modules/hal_nordic/nrfx/libmodules__hal_nordic__nrfx.a(nrfx_gpiote.c.obj)
 .text.latch_pending_read_and_check
                0x0000000000004258       0x40 modules/hal_nordic/modules/hal_nordic/nrfx/libmodules__hal_nordic__nrfx.a(nrfx_gpiote.c.obj)
 .text.release_handler.isra.0
                0x0000000000004298       0x58 modules/hal_nordic/modules/hal_nordic/nrfx/libmodules__hal_nordic__nrfx.a(nrfx_gpiote.c.obj)
 .text.__nrfy_internal_gpiote_events_process.constprop.0
                0x00000000000042f0       0x5c modules/hal_nordic/modules/hal_nordic/nrfx/libmodules__hal_nordic__nrfx.a(nrfx_gpiote.c.obj)
 .text.pin_uninit
                0x000000000000434c       0x80 modules/hal_nordic/modules/hal_nordic/nrfx/libmodules__hal_nordic__nrfx.a(nrfx_gpiote.c.obj)
 .text.nrfx_gpiote_input_configure
                0x00000000000043cc      0x178 modules/hal_nordic/modules/hal_nordic/nrfx/libmodules__hal_nordic__nrfx.a(nrfx_gpiote.c.obj)
                0x00000000000043cc                nrfx_gpiote_input_configure
 .text.nrfx_gpiote_output_configure
                0x0000000000004544       0xfc modules/hal_nordic/modules/hal_nordic/nrfx/libmodules__hal_nordic__nrfx.a(nrfx_gpiote.c.obj)
                0x0000000000004544                nrfx_gpiote_output_configure
 .text.nrfx_gpiote_global_callback_set
                0x0000000000004640        0xc modules/hal_nordic/modules/hal_nordic/nrfx/libmodules__hal_nordic__nrfx.a(nrfx_gpiote.c.obj)
                0x0000000000004640                nrfx_gpiote_global_callback_set
 .text.nrfx_gpiote_channel_get
                0x000000000000464c       0x34 modules/hal_nordic/modules/hal_nordic/nrfx/libmodules__hal_nordic__nrfx.a(nrfx_gpiote.c.obj)
                0x000000000000464c                nrfx_gpiote_channel_get
 .text.nrfx_gpiote_init
                0x0000000000004680       0x48 modules/hal_nordic/modules/hal_nordic/nrfx/libmodules__hal_nordic__nrfx.a(nrfx_gpiote.c.obj)
                0x0000000000004680                nrfx_gpiote_init
 .text.nrfx_gpiote_init_check
                0x00000000000046c8       0x14 modules/hal_nordic/modules/hal_nordic/nrfx/libmodules__hal_nordic__nrfx.a(nrfx_gpiote.c.obj)
                0x00000000000046c8                nrfx_gpiote_init_check
 .text.nrfx_gpiote_channel_free
                0x00000000000046dc       0x10 modules/hal_nordic/modules/hal_nordic/nrfx/libmodules__hal_nordic__nrfx.a(nrfx_gpiote.c.obj)
                0x00000000000046dc                nrfx_gpiote_channel_free
 .text.nrfx_gpiote_channel_alloc
                0x00000000000046ec       0x10 modules/hal_nordic/modules/hal_nordic/nrfx/libmodules__hal_nordic__nrfx.a(nrfx_gpiote.c.obj)
                0x00000000000046ec                nrfx_gpiote_channel_alloc
 .text.nrfx_gpiote_trigger_enable
                0x00000000000046fc       0xa8 modules/hal_nordic/modules/hal_nordic/nrfx/libmodules__hal_nordic__nrfx.a(nrfx_gpiote.c.obj)
                0x00000000000046fc                nrfx_gpiote_trigger_enable
 .text.nrfx_gpiote_0_irq_handler
                0x00000000000047a4      0x1b0 modules/hal_nordic/modules/hal_nordic/nrfx/libmodules__hal_nordic__nrfx.a(nrfx_gpiote.c.obj)
                0x00000000000047a4                nrfx_gpiote_0_irq_handler
 .text.nrfx_ppi_channel_alloc
                0x0000000000004954        0xc modules/hal_nordic/modules/hal_nordic/nrfx/libmodules__hal_nordic__nrfx.a(nrfx_ppi.c.obj)
                0x0000000000004954                nrfx_ppi_channel_alloc
 .text.nrf_gpio_pin_port_decode
                0x0000000000004960       0x20 modules/hal_nordic/modules/hal_nordic/nrfx/libmodules__hal_nordic__nrfx.a(nrfx_pwm.c.obj)
 .text.pwm_stopped_check
                0x0000000000004980       0x34 modules/hal_nordic/modules/hal_nordic/nrfx/libmodules__hal_nordic__nrfx.a(nrfx_pwm.c.obj)
 .text.pwm_configure
                0x00000000000049b4       0xe8 modules/hal_nordic/modules/hal_nordic/nrfx/libmodules__hal_nordic__nrfx.a(nrfx_pwm.c.obj)
 .text.nrfx_pwm_init
                0x0000000000004a9c       0x4c modules/hal_nordic/modules/hal_nordic/nrfx/libmodules__hal_nordic__nrfx.a(nrfx_pwm.c.obj)
                0x0000000000004a9c                nrfx_pwm_init
 .text.nrfx_pwm_simple_playback
                0x0000000000004ae8       0x7c modules/hal_nordic/modules/hal_nordic/nrfx/libmodules__hal_nordic__nrfx.a(nrfx_pwm.c.obj)
                0x0000000000004ae8                nrfx_pwm_simple_playback
 .text.nrfx_pwm_stop
                0x0000000000004b64       0x44 modules/hal_nordic/modules/hal_nordic/nrfx/libmodules__hal_nordic__nrfx.a(nrfx_pwm.c.obj)
                0x0000000000004b64                nrfx_pwm_stop
 .text.nrfx_pwm_0_irq_handler
                0x0000000000004ba8       0x78 modules/hal_nordic/modules/hal_nordic/nrfx/libmodules__hal_nordic__nrfx.a(nrfx_pwm.c.obj)
                0x0000000000004ba8                nrfx_pwm_0_irq_handler
 .text.saadc_channel_count_get
                0x0000000000004c20       0x38 modules/hal_nordic/modules/hal_nordic/nrfx/libmodules__hal_nordic__nrfx.a(nrfx_saadc.c.obj)
 .text.saadc_busy_check
                0x0000000000004c58       0x1c modules/hal_nordic/modules/hal_nordic/nrfx/libmodules__hal_nordic__nrfx.a(nrfx_saadc.c.obj)
 .text.saadc_pre_calibration_state_restore
                0x0000000000004c74       0x64 modules/hal_nordic/modules/hal_nordic/nrfx/libmodules__hal_nordic__nrfx.a(nrfx_saadc.c.obj)
 .text.saadc_channels_deconfig
                0x0000000000004cd8       0x3c modules/hal_nordic/modules/hal_nordic/nrfx/libmodules__hal_nordic__nrfx.a(nrfx_saadc.c.obj)
 .text.__nrfy_internal_saadc_events_process.constprop.0
                0x0000000000004d14       0x8c modules/hal_nordic/modules/hal_nordic/nrfx/libmodules__hal_nordic__nrfx.a(nrfx_saadc.c.obj)
 .text.saadc_generic_mode_set
                0x0000000000004da0      0x118 modules/hal_nordic/modules/hal_nordic/nrfx/libmodules__hal_nordic__nrfx.a(nrfx_saadc.c.obj)
 .text.saadc_channel_config
                0x0000000000004eb8       0x7c modules/hal_nordic/modules/hal_nordic/nrfx/libmodules__hal_nordic__nrfx.a(nrfx_saadc.c.obj)
 .text.nrfx_saadc_init
                0x0000000000004f34       0x94 modules/hal_nordic/modules/hal_nordic/nrfx/libmodules__hal_nordic__nrfx.a(nrfx_saadc.c.obj)
                0x0000000000004f34                nrfx_saadc_init
 .text.nrfx_saadc_channel_config
                0x0000000000004fc8       0x20 modules/hal_nordic/modules/hal_nordic/nrfx/libmodules__hal_nordic__nrfx.a(nrfx_saadc.c.obj)
                0x0000000000004fc8                nrfx_saadc_channel_config
 .text.nrfx_saadc_channels_configured_get
                0x0000000000004fe8        0xc modules/hal_nordic/modules/hal_nordic/nrfx/libmodules__hal_nordic__nrfx.a(nrfx_saadc.c.obj)
                0x0000000000004fe8                nrfx_saadc_channels_configured_get
 .text.nrfx_saadc_simple_mode_set
                0x0000000000004ff4       0x60 modules/hal_nordic/modules/hal_nordic/nrfx/libmodules__hal_nordic__nrfx.a(nrfx_saadc.c.obj)
                0x0000000000004ff4                nrfx_saadc_simple_mode_set
 .text.nrfx_saadc_advanced_mode_set
                0x0000000000005054       0xb4 modules/hal_nordic/modules/hal_nordic/nrfx/libmodules__hal_nordic__nrfx.a(nrfx_saadc.c.obj)
                0x0000000000005054                nrfx_saadc_advanced_mode_set
 .text.nrfx_saadc_buffer_set
                0x0000000000005108       0x8c modules/hal_nordic/modules/hal_nordic/nrfx/libmodules__hal_nordic__nrfx.a(nrfx_saadc.c.obj)
                0x0000000000005108                nrfx_saadc_buffer_set
 .text.nrfx_saadc_mode_trigger
                0x0000000000005194      0x160 modules/hal_nordic/modules/hal_nordic/nrfx/libmodules__hal_nordic__nrfx.a(nrfx_saadc.c.obj)
                0x0000000000005194                nrfx_saadc_mode_trigger
 .text.nrfx_saadc_offset_calibrate
                0x00000000000052f4       0xc8 modules/hal_nordic/modules/hal_nordic/nrfx/libmodules__hal_nordic__nrfx.a(nrfx_saadc.c.obj)
                0x00000000000052f4                nrfx_saadc_offset_calibrate
 .text.nrfx_saadc_irq_handler
                0x00000000000053bc      0x1a0 modules/hal_nordic/modules/hal_nordic/nrfx/libmodules__hal_nordic__nrfx.a(nrfx_saadc.c.obj)
                0x00000000000053bc                nrfx_saadc_irq_handler
 .text.z_fatal_error
                0x000000000000555c       0x30 zephyr/kernel/libkernel.a(fatal.c.obj)
                0x000000000000555c                z_fatal_error
 .text.z_sys_init_run_level
                0x000000000000558c       0x30 zephyr/kernel/libkernel.a(init.c.obj)
 .text.bg_thread_main
                0x00000000000055bc       0xc0 zephyr/kernel/libkernel.a(init.c.obj)
 .text.z_bss_zero
                0x000000000000567c       0x18 zephyr/kernel/libkernel.a(init.c.obj)
                0x000000000000567c                z_bss_zero
 .text.z_init_cpu
                0x0000000000005694       0x70 zephyr/kernel/libkernel.a(init.c.obj)
                0x0000000000005694                z_init_cpu
 .text.z_cstart
                0x0000000000005704       0xd0 zephyr/kernel/libkernel.a(init.c.obj)
                0x0000000000005704                z_cstart
 .text.init_mem_slab_obj_core_list
                0x00000000000057d4       0x24 zephyr/kernel/libkernel.a(mem_slab.c.obj)
 .text.k_mem_slab_alloc
                0x00000000000057f8       0x5c zephyr/kernel/libkernel.a(mem_slab.c.obj)
                0x00000000000057f8                k_mem_slab_alloc
 .text.z_impl_k_mutex_lock
                0x0000000000005854       0xf0 zephyr/kernel/libkernel.a(mutex.c.obj)
                0x0000000000005854                z_impl_k_mutex_lock
 .text.z_impl_k_mutex_unlock
                0x0000000000005944       0xa0 zephyr/kernel/libkernel.a(mutex.c.obj)
                0x0000000000005944                z_impl_k_mutex_unlock
 .text.z_impl_k_sem_give
                0x00000000000059e4       0x68 zephyr/kernel/libkernel.a(sem.c.obj)
                0x00000000000059e4                z_impl_k_sem_give
 .text.z_impl_k_sem_take
                0x0000000000005a4c       0x4c zephyr/kernel/libkernel.a(sem.c.obj)
                0x0000000000005a4c                z_impl_k_sem_take
 .text.z_setup_new_thread
                0x0000000000005a98       0x98 zephyr/kernel/libkernel.a(thread.c.obj)
                0x0000000000005a98                z_setup_new_thread
 .text.z_dummy_thread_init
                0x0000000000005b30       0x18 zephyr/kernel/libkernel.a(thread.c.obj)
                0x0000000000005b30                z_dummy_thread_init
 .text.z_swap_irqlock
                0x0000000000005b48       0x30 zephyr/kernel/libkernel.a(sched.c.obj)
 .text.ready_thread
                0x0000000000005b78       0x84 zephyr/kernel/libkernel.a(sched.c.obj)
 .text.unready_thread
                0x0000000000005bfc       0x54 zephyr/kernel/libkernel.a(sched.c.obj)
 .text.add_thread_timeout
                0x0000000000005c50       0x1c zephyr/kernel/libkernel.a(sched.c.obj)
 .text.move_thread_to_end_of_prio_q
                0x0000000000005c6c       0x90 zephyr/kernel/libkernel.a(sched.c.obj)
                0x0000000000005c6c                move_thread_to_end_of_prio_q
 .text.z_pend_curr
                0x0000000000005cfc       0x44 zephyr/kernel/libkernel.a(sched.c.obj)
                0x0000000000005cfc                z_pend_curr
 .text.z_thread_prio_set
                0x0000000000005d40       0xe4 zephyr/kernel/libkernel.a(sched.c.obj)
                0x0000000000005d40                z_thread_prio_set
 .text.z_reschedule
                0x0000000000005e24       0x24 zephyr/kernel/libkernel.a(sched.c.obj)
                0x0000000000005e24                z_reschedule
 .text.z_reschedule_irqlock
                0x0000000000005e48       0x28 zephyr/kernel/libkernel.a(sched.c.obj)
                0x0000000000005e48                z_reschedule_irqlock
 .text.k_sched_lock
                0x0000000000005e70       0x28 zephyr/kernel/libkernel.a(sched.c.obj)
                0x0000000000005e70                k_sched_lock
 .text.k_sched_unlock
                0x0000000000005e98       0x68 zephyr/kernel/libkernel.a(sched.c.obj)
                0x0000000000005e98                k_sched_unlock
 .text.z_sched_init
                0x0000000000005f00       0x10 zephyr/kernel/libkernel.a(sched.c.obj)
                0x0000000000005f00                z_sched_init
 .text.z_impl_k_yield
                0x0000000000005f10       0x88 zephyr/kernel/libkernel.a(sched.c.obj)
                0x0000000000005f10                z_impl_k_yield
 .text.z_tick_sleep
                0x0000000000005f98       0x78 zephyr/kernel/libkernel.a(sched.c.obj)
 .text.z_impl_k_wakeup
                0x0000000000006010       0x48 zephyr/kernel/libkernel.a(sched.c.obj)
                0x0000000000006010                z_impl_k_wakeup
 .text.z_impl_k_sched_current_thread_query
                0x0000000000006058        0xc zephyr/kernel/libkernel.a(sched.c.obj)
                0x0000000000006058                z_impl_k_sched_current_thread_query
 .text.z_thread_abort
                0x0000000000006064      0x138 zephyr/kernel/libkernel.a(sched.c.obj)
                0x0000000000006064                z_thread_abort
 .text.slice_timeout
                0x000000000000619c       0x20 zephyr/kernel/libkernel.a(timeslicing.c.obj)
 .text.thread_is_sliceable
                0x00000000000061bc       0x3c zephyr/kernel/libkernel.a(timeslicing.c.obj)
                0x00000000000061bc                thread_is_sliceable
 .text.z_reset_time_slice
                0x00000000000061f8       0x50 zephyr/kernel/libkernel.a(timeslicing.c.obj)
                0x00000000000061f8                z_reset_time_slice
 .text.z_time_slice
                0x0000000000006248       0x60 zephyr/kernel/libkernel.a(timeslicing.c.obj)
                0x0000000000006248                z_time_slice
 .text.z_data_copy
                0x00000000000062a8       0x38 zephyr/kernel/libkernel.a(xip.c.obj)
                0x00000000000062a8                z_data_copy
 .text.first    0x00000000000062e0       0x10 zephyr/kernel/libkernel.a(timeout.c.obj)
 .text.elapsed  0x00000000000062f0       0x14 zephyr/kernel/libkernel.a(timeout.c.obj)
 .text.remove_timeout
                0x0000000000006304       0x38 zephyr/kernel/libkernel.a(timeout.c.obj)
 .text.z_add_timeout
                0x000000000000633c      0x124 zephyr/kernel/libkernel.a(timeout.c.obj)
                0x000000000000633c                z_add_timeout
 .text.sys_clock_announce
                0x0000000000006460       0xc0 zephyr/kernel/libkernel.a(timeout.c.obj)
                0x0000000000006460                sys_clock_announce
 .text.sys_clock_tick_get
                0x0000000000006520       0x30 zephyr/kernel/libkernel.a(timeout.c.obj)
                0x0000000000006520                sys_clock_tick_get
 .text.z_timer_expiration_handler
                0x0000000000006550       0xe0 zephyr/kernel/libkernel.a(timer.c.obj)
                0x0000000000006550                z_timer_expiration_handler
 .text.z_impl_k_timer_start
                0x0000000000006630       0x74 zephyr/kernel/libkernel.a(timer.c.obj)
                0x0000000000006630                z_impl_k_timer_start
 .text.nrf_cc3xx_platform_init_no_rng
                0x00000000000066a4       0x38 C:/ncs/v3.1.1/nrfxlib/crypto/nrf_cc310_platform/lib/cortex-m4/soft-float/no-interrupts/libnrf_cc310_platform_0.9.19.a(nrf_cc3xx_platform.c.obj)
                0x00000000000066a4                nrf_cc3xx_platform_init_no_rng
 .text.nrf_cc3xx_platform_abort
                0x00000000000066dc       0x24 C:/ncs/v3.1.1/nrfxlib/crypto/nrf_cc310_platform/lib/cortex-m4/soft-float/no-interrupts/libnrf_cc310_platform_0.9.19.a(nrf_cc3xx_platform_abort.c.obj)
 .text.CC_PalAbort
                0x0000000000006700       0x34 C:/ncs/v3.1.1/nrfxlib/crypto/nrf_cc310_platform/lib/cortex-m4/soft-float/no-interrupts/libnrf_cc310_platform_0.9.19.a(nrf_cc3xx_platform_abort.c.obj)
                0x0000000000006700                CC_PalAbort
 .text.nrf_cc3xx_platform_set_abort
                0x0000000000006734       0x10 C:/ncs/v3.1.1/nrfxlib/crypto/nrf_cc310_platform/lib/cortex-m4/soft-float/no-interrupts/libnrf_cc310_platform_0.9.19.a(nrf_cc3xx_platform_abort.c.obj)
                0x0000000000006734                nrf_cc3xx_platform_set_abort
 .text.mutex_free
                0x0000000000006744       0x34 C:/ncs/v3.1.1/nrfxlib/crypto/nrf_cc310_platform/lib/cortex-m4/soft-float/no-interrupts/libnrf_cc310_platform_0.9.19.a(nrf_cc3xx_platform_mutex.c.obj)
 .text.mutex_lock
                0x0000000000006778       0x48 C:/ncs/v3.1.1/nrfxlib/crypto/nrf_cc310_platform/lib/cortex-m4/soft-float/no-interrupts/libnrf_cc310_platform_0.9.19.a(nrf_cc3xx_platform_mutex.c.obj)
 .text.mutex_unlock
                0x00000000000067c0       0x38 C:/ncs/v3.1.1/nrfxlib/crypto/nrf_cc310_platform/lib/cortex-m4/soft-float/no-interrupts/libnrf_cc310_platform_0.9.19.a(nrf_cc3xx_platform_mutex.c.obj)
 .text.mutex_init
                0x00000000000067f8       0x20 C:/ncs/v3.1.1/nrfxlib/crypto/nrf_cc310_platform/lib/cortex-m4/soft-float/no-interrupts/libnrf_cc310_platform_0.9.19.a(nrf_cc3xx_platform_mutex.c.obj)
 .text.nrf_cc3xx_platform_set_mutexes
                0x0000000000006818       0x74 C:/ncs/v3.1.1/nrfxlib/crypto/nrf_cc310_platform/lib/cortex-m4/soft-float/no-interrupts/libnrf_cc310_platform_0.9.19.a(nrf_cc3xx_platform_mutex.c.obj)
                0x0000000000006818                nrf_cc3xx_platform_set_mutexes
 .text.CC_LibInitNoRng
                0x000000000000688c       0x64 C:/ncs/v3.1.1/nrfxlib/crypto/nrf_cc310_platform/lib/cortex-m4/soft-float/no-interrupts/libnrf_cc310_platform_0.9.19.a(cc_lib.c.obj)
                0x000000000000688c                CC_LibInitNoRng
 .text.CC_HalInit
                0x00000000000068f0        0x4 C:/ncs/v3.1.1/nrfxlib/crypto/nrf_cc310_platform/lib/cortex-m4/soft-float/no-interrupts/libnrf_cc310_platform_0.9.19.a(cc_hal.c.obj)
                0x00000000000068f0                CC_HalInit
 .text.CC_HalTerminate
                0x00000000000068f4        0x4 C:/ncs/v3.1.1/nrfxlib/crypto/nrf_cc310_platform/lib/cortex-m4/soft-float/no-interrupts/libnrf_cc310_platform_0.9.19.a(cc_hal.c.obj)
                0x00000000000068f4                CC_HalTerminate
 .text.CC_HalMaskInterrupt
                0x00000000000068f8        0xc C:/ncs/v3.1.1/nrfxlib/crypto/nrf_cc310_platform/lib/cortex-m4/soft-float/no-interrupts/libnrf_cc310_platform_0.9.19.a(cc_hal.c.obj)
                0x00000000000068f8                CC_HalMaskInterrupt
 .text.CC_PalInit
                0x0000000000006904       0x5c C:/ncs/v3.1.1/nrfxlib/crypto/nrf_cc310_platform/lib/cortex-m4/soft-float/no-interrupts/libnrf_cc310_platform_0.9.19.a(cc_pal.c.obj)
                0x0000000000006904                CC_PalInit
 .text.CC_PalTerminate
                0x0000000000006960       0x34 C:/ncs/v3.1.1/nrfxlib/crypto/nrf_cc310_platform/lib/cortex-m4/soft-float/no-interrupts/libnrf_cc310_platform_0.9.19.a(cc_pal.c.obj)
                0x0000000000006960                CC_PalTerminate
 .text.CC_PalDmaInit
                0x0000000000006994        0x4 C:/ncs/v3.1.1/nrfxlib/crypto/nrf_cc310_platform/lib/cortex-m4/soft-float/no-interrupts/libnrf_cc310_platform_0.9.19.a(cc_pal_dma.c.obj)
                0x0000000000006994                CC_PalDmaInit
 .text.CC_PalDmaTerminate
                0x0000000000006998        0x4 C:/ncs/v3.1.1/nrfxlib/crypto/nrf_cc310_platform/lib/cortex-m4/soft-float/no-interrupts/libnrf_cc310_platform_0.9.19.a(cc_pal_dma.c.obj)
                0x0000000000006998                CC_PalDmaTerminate
 .text.CC_PalMutexCreate
                0x000000000000699c       0x14 C:/ncs/v3.1.1/nrfxlib/crypto/nrf_cc310_platform/lib/cortex-m4/soft-float/no-interrupts/libnrf_cc310_platform_0.9.19.a(cc_pal_mutex.c.obj)
                0x000000000000699c                CC_PalMutexCreate
 .text.CC_PalMutexDestroy
                0x00000000000069b0       0x14 C:/ncs/v3.1.1/nrfxlib/crypto/nrf_cc310_platform/lib/cortex-m4/soft-float/no-interrupts/libnrf_cc310_platform_0.9.19.a(cc_pal_mutex.c.obj)
                0x00000000000069b0                CC_PalMutexDestroy
 .text.CC_PalPowerSaveModeInit
                0x00000000000069c4       0x3c C:/ncs/v3.1.1/nrfxlib/crypto/nrf_cc310_platform/lib/cortex-m4/soft-float/no-interrupts/libnrf_cc310_platform_0.9.19.a(cc_pal_pm.c.obj)
                0x00000000000069c4                CC_PalPowerSaveModeInit
 .text.CC_PalPowerSaveModeSelect
                0x0000000000006a00       0x84 C:/ncs/v3.1.1/nrfxlib/crypto/nrf_cc310_platform/lib/cortex-m4/soft-float/no-interrupts/libnrf_cc310_platform_0.9.19.a(cc_pal_pm.c.obj)
                0x0000000000006a00                CC_PalPowerSaveModeSelect
 .text.skip_to_arg
                0x0000000000006a84      0x138 c:\ncs\toolchains\c1a76fddb2\opt\zephyr-sdk\arm-zephyr-eabi\bin\../lib/gcc/../../picolibc/arm-zephyr-eabi/lib/thumb/v7e-m/nofp\libc.a(libc_tinystdio_vfprintf.c.o)
 .text.vfprintf
                0x0000000000006bbc      0x9c4 c:\ncs\toolchains\c1a76fddb2\opt\zephyr-sdk\arm-zephyr-eabi\bin\../lib/gcc/../../picolibc/arm-zephyr-eabi/lib/thumb/v7e-m/nofp\libc.a(libc_tinystdio_vfprintf.c.o)
                0x0000000000006bbc                __d_vfprintf
 .text.div10    0x0000000000007580       0x28 c:\ncs\toolchains\c1a76fddb2\opt\zephyr-sdk\arm-zephyr-eabi\bin\../lib/gcc/../../picolibc/arm-zephyr-eabi/lib/thumb/v7e-m/nofp\libc.a(libc_tinystdio_dtoa_ryu.c.o)
 .text.__dtoa_engine
                0x00000000000075a8      0x49c c:\ncs\toolchains\c1a76fddb2\opt\zephyr-sdk\arm-zephyr-eabi\bin\../lib/gcc/../../picolibc/arm-zephyr-eabi/lib/thumb/v7e-m/nofp\libc.a(libc_tinystdio_dtoa_ryu.c.o)
                0x00000000000075a8                __dtoa_engine
 .text.__log10Pow2
                0x0000000000007a44        0xc c:\ncs\toolchains\c1a76fddb2\opt\zephyr-sdk\arm-zephyr-eabi\bin\../lib/gcc/../../picolibc/arm-zephyr-eabi/lib/thumb/v7e-m/nofp\libc.a(libc_tinystdio_ryu_log10.c.o)
                0x0000000000007a44                __log10Pow2
 .text.__log10Pow5
                0x0000000000007a50        0xc c:\ncs\toolchains\c1a76fddb2\opt\zephyr-sdk\arm-zephyr-eabi\bin\../lib/gcc/../../picolibc/arm-zephyr-eabi/lib/thumb/v7e-m/nofp\libc.a(libc_tinystdio_ryu_log10.c.o)
                0x0000000000007a50                __log10Pow5
 .text.__pow5bits
                0x0000000000007a5c       0x10 c:\ncs\toolchains\c1a76fddb2\opt\zephyr-sdk\arm-zephyr-eabi\bin\../lib/gcc/../../picolibc/arm-zephyr-eabi/lib/thumb/v7e-m/nofp\libc.a(libc_tinystdio_ryu_pow5bits.c.o)
                0x0000000000007a5c                __pow5bits
 .text.__pow5Factor
                0x0000000000007a6c       0x30 c:\ncs\toolchains\c1a76fddb2\opt\zephyr-sdk\arm-zephyr-eabi\bin\../lib/gcc/../../picolibc/arm-zephyr-eabi/lib/thumb/v7e-m/nofp\libc.a(libc_tinystdio_ryu_table.c.o)
                0x0000000000007a6c                __pow5Factor
 .text.__double_computePow5
                0x0000000000007a9c       0xe8 c:\ncs\toolchains\c1a76fddb2\opt\zephyr-sdk\arm-zephyr-eabi\bin\../lib/gcc/../../picolibc/arm-zephyr-eabi/lib/thumb/v7e-m/nofp\libc.a(libc_tinystdio_ryu_table.c.o)
                0x0000000000007a9c                __double_computePow5
 .text.__double_computeInvPow5
                0x0000000000007b84       0xf8 c:\ncs\toolchains\c1a76fddb2\opt\zephyr-sdk\arm-zephyr-eabi\bin\../lib/gcc/../../picolibc/arm-zephyr-eabi/lib/thumb/v7e-m/nofp\libc.a(libc_tinystdio_ryu_table.c.o)
                0x0000000000007b84                __double_computeInvPow5
 .text._OffsetAbsSyms
                0x0000000000007c7c        0x2 zephyr/CMakeFiles/offsets.dir/./arch/arm/core/offsets/offsets.c.obj
                0x0000000000007c7c                _OffsetAbsSyms
 .text.main     0x0000000000007c7e        0xa app/libapp.a(main.c.obj)
                0x0000000000007c7e                main
 .text.pid_compute
                0x0000000000007c88       0xac app/libapp.a(pid.c.obj)
                0x0000000000007c88                pid_compute
 .text.k_uptime_get
                0x0000000000007d34       0x1c app/libapp.a(UI.c.obj)
 .text.gpio_pin_interrupt_configure_dt.constprop.0.isra.0
                0x0000000000007d50       0x32 app/libapp.a(UI.c.obj)
 .text.gpio_pin_set_dt.isra.0
                0x0000000000007d82       0x28 app/libapp.a(UI.c.obj)
 .text.gpio_pin_configure_dt.isra.0
                0x0000000000007daa       0x3e app/libapp.a(UI.c.obj)
 .text.db_init  0x0000000000007de8        0x2 app/libapp.a(database.c.obj)
                0x0000000000007de8                db_init
 .text.chunk_field
                0x0000000000007dea       0x16 zephyr/libzephyr.a(heap.c.obj)
 .text.chunk_set
                0x0000000000007e00       0x16 zephyr/libzephyr.a(heap.c.obj)
 .text.chunk_size
                0x0000000000007e16        0xc zephyr/libzephyr.a(heap.c.obj)
 .text.set_chunk_used
                0x0000000000007e22       0x30 zephyr/libzephyr.a(heap.c.obj)
 .text.set_chunk_size
                0x0000000000007e52        0x8 zephyr/libzephyr.a(heap.c.obj)
 .text.bucket_idx.isra.0
                0x0000000000007e5a       0x1c zephyr/libzephyr.a(heap.c.obj)
 .text.free_list_add
                0x0000000000007e76       0x84 zephyr/libzephyr.a(heap.c.obj)
 .text.sys_heap_init
                0x0000000000007efa       0xb0 zephyr/libzephyr.a(heap.c.obj)
                0x0000000000007efa                sys_heap_init
 .text.arch_printk_char_out
                0x0000000000007faa        0x4 zephyr/libzephyr.a(printk.c.obj)
                0x0000000000007faa                arch_printk_char_out
 .text.printk   0x0000000000007fae       0x1a zephyr/libzephyr.a(printk.c.obj)
                0x0000000000007fae                printk
 .text.process_recheck
                0x0000000000007fc8       0x38 zephyr/libzephyr.a(onoff.c.obj)
 .text.validate_args
                0x0000000000008000       0x20 zephyr/libzephyr.a(onoff.c.obj)
 .text.notify_one
                0x0000000000008020       0x2c zephyr/libzephyr.a(onoff.c.obj)
 .text.transition_complete
                0x000000000000804c       0x1a zephyr/libzephyr.a(onoff.c.obj)
 .text.onoff_manager_init
                0x0000000000008066       0x26 zephyr/libzephyr.a(onoff.c.obj)
                0x0000000000008066                onoff_manager_init
 .text.onoff_request
                0x000000000000808c       0xae zephyr/libzephyr.a(onoff.c.obj)
                0x000000000000808c                onoff_request
 .text.sys_notify_validate
                0x000000000000813a       0x22 zephyr/libzephyr.a(notify.c.obj)
                0x000000000000813a                sys_notify_validate
 .text.sys_notify_finalize
                0x000000000000815c       0x1a zephyr/libzephyr.a(notify.c.obj)
                0x000000000000815c                sys_notify_finalize
 .text._ConfigAbsSyms
                0x0000000000008176        0x2 zephyr/libzephyr.a(configs.c.obj)
                0x0000000000008176                _ConfigAbsSyms
 .text.abort_function
                0x0000000000008178        0x2 zephyr/libzephyr.a(nrf_cc3xx_platform_abort_zephyr.c.obj)
 .text.z_arm_fatal_error
                0x000000000000817a        0xc zephyr/arch/arch/arm/core/libarch__arm__core.a(fatal.c.obj)
                0x000000000000817a                z_arm_fatal_error
 .text.z_do_kernel_oops
                0x0000000000008186        0x8 zephyr/arch/arch/arm/core/libarch__arm__core.a(fatal.c.obj)
                0x0000000000008186                z_do_kernel_oops
 .text.z_arm_nmi
                0x000000000000818e        0xe zephyr/arch/arch/arm/core/libarch__arm__core.a(nmi.c.obj)
                0x000000000000818e                z_arm_nmi
 .text.z_irq_spurious
                0x000000000000819c        0x8 zephyr/arch/arch/arm/core/cortex_m/libarch__arm__core__cortex_m.a(irq_manage.c.obj)
                0x000000000000819c                z_irq_spurious
 .text.arch_irq_unlock_outlined
                0x00000000000081a4        0xe zephyr/arch/arch/arm/core/cortex_m/libarch__arm__core__cortex_m.a(thread.c.obj)
                0x00000000000081a4                arch_irq_unlock_outlined
 .text.arch_cpu_idle
                0x00000000000081b2       0x1a zephyr/arch/arch/arm/core/cortex_m/libarch__arm__core__cortex_m.a(cpu_idle.c.obj)
                0x00000000000081b2                arch_cpu_idle
 .text.arch_cpu_atomic_idle
                0x00000000000081cc       0x1e zephyr/arch/arch/arm/core/cortex_m/libarch__arm__core__cortex_m.a(cpu_idle.c.obj)
                0x00000000000081cc                arch_cpu_atomic_idle
 .text.size_to_mpu_rasr_size
                0x00000000000081ea       0x20 zephyr/arch/arch/arm/core/mpu/libarch__arm__core__mpu.a(arm_mpu.c.obj)
 .text.picolibc_put
                0x000000000000820a        0xa zephyr/lib/libc/picolibc/liblib__libc__picolibc.a(stdio.c.obj)
 .text.k_sem_give
                0x0000000000008214        0x4 zephyr/drivers/adc/libdrivers__adc.a(adc_nrfx_saadc.c.obj)
 .text.get_status
                0x0000000000008218       0x12 zephyr/drivers/clock_control/libdrivers__clock_control.a(clock_control_nrf.c.obj)
 .text.stop     0x000000000000822a       0x52 zephyr/drivers/clock_control/libdrivers__clock_control.a(clock_control_nrf.c.obj)
 .text.api_stop
                0x000000000000827c        0x6 zephyr/drivers/clock_control/libdrivers__clock_control.a(clock_control_nrf.c.obj)
 .text.async_start
                0x0000000000008282       0x5c zephyr/drivers/clock_control/libdrivers__clock_control.a(clock_control_nrf.c.obj)
 .text.api_start
                0x00000000000082de        0xe zephyr/drivers/clock_control/libdrivers__clock_control.a(clock_control_nrf.c.obj)
 .text.onoff_started_callback
                0x00000000000082ec       0x12 zephyr/drivers/clock_control/libdrivers__clock_control.a(clock_control_nrf.c.obj)
 .text.lfclk_start
                0x00000000000082fe        0x6 zephyr/drivers/clock_control/libdrivers__clock_control.a(clock_control_nrf.c.obj)
 .text.lfclk_stop
                0x0000000000008304        0x6 zephyr/drivers/clock_control/libdrivers__clock_control.a(clock_control_nrf.c.obj)
 .text.blocking_start_callback
                0x000000000000830a        0x6 zephyr/drivers/clock_control/libdrivers__clock_control.a(clock_control_nrf.c.obj)
 .text.gpio_nrfx_port_get_raw
                0x0000000000008310        0xe zephyr/drivers/gpio/libdrivers__gpio.a(gpio_nrfx.c.obj)
 .text.gpio_nrfx_port_set_masked_raw
                0x000000000000831e       0x18 zephyr/drivers/gpio/libdrivers__gpio.a(gpio_nrfx.c.obj)
 .text.gpio_nrfx_port_set_bits_raw
                0x0000000000008336        0xc zephyr/drivers/gpio/libdrivers__gpio.a(gpio_nrfx.c.obj)
 .text.gpio_nrfx_port_clear_bits_raw
                0x0000000000008342        0xc zephyr/drivers/gpio/libdrivers__gpio.a(gpio_nrfx.c.obj)
 .text.gpio_nrfx_port_toggle_bits
                0x000000000000834e       0x1a zephyr/drivers/gpio/libdrivers__gpio.a(gpio_nrfx.c.obj)
 .text.gpio_nrfx_manage_callback
                0x0000000000008368       0x52 zephyr/drivers/gpio/libdrivers__gpio.a(gpio_nrfx.c.obj)
 .text.pinctrl_lookup_state
                0x00000000000083ba       0x26 zephyr/drivers/pinctrl/libdrivers__pinctrl.a(common.c.obj)
                0x00000000000083ba                pinctrl_lookup_state
 .text.pwm_handler
                0x00000000000083e0        0x2 zephyr/drivers/pwm/libdrivers__pwm.a(pwm_nrfx.c.obj)
 .text.pwm_nrfx_get_cycles_per_sec
                0x00000000000083e2        0xc zephyr/drivers/pwm/libdrivers__pwm.a(pwm_nrfx.c.obj)
 .text.pwm_nrfx_set_cycles
                0x00000000000083ee      0x130 zephyr/drivers/pwm/libdrivers__pwm.a(pwm_nrfx.c.obj)
 .text.uarte_nrfx_err_check
                0x000000000000851e        0xe zephyr/drivers/serial/libdrivers__serial.a(uart_nrfx_uarte.c.obj)
 .text.uarte_nrfx_poll_in
                0x000000000000852c       0x26 zephyr/drivers/serial/libdrivers__serial.a(uart_nrfx_uarte.c.obj)
 .text.is_tx_ready.isra.0
                0x0000000000008552       0x20 zephyr/drivers/serial/libdrivers__serial.a(uart_nrfx_uarte.c.obj)
 .text.uarte_nrfx_isr_int
                0x0000000000008572       0x42 zephyr/drivers/serial/libdrivers__serial.a(uart_nrfx_uarte.c.obj)
 .text.pinctrl_apply_state.isra.0
                0x00000000000085b4       0x1e zephyr/drivers/serial/libdrivers__serial.a(uart_nrfx_uarte.c.obj)
 .text.event_clear
                0x00000000000085d2       0x18 zephyr/drivers/timer/libdrivers__timer.a(nrf_rtc_timer.c.obj)
 .text.hw_cc3xx_init_internal
                0x00000000000085ea        0x4 modules/nrf/drivers/hw_cc3xx/lib..__nrf__drivers__hw_cc3xx.a(hw_cc3xx.c.obj)
 .text.hw_cc3xx_init
                0x00000000000085ee       0x12 modules/nrf/drivers/hw_cc3xx/lib..__nrf__drivers__hw_cc3xx.a(hw_cc3xx.c.obj)
 .text.nrfx_isr
                0x0000000000008600        0x2 modules/hal_nordic/modules/hal_nordic/nrfx/libmodules__hal_nordic__nrfx.a(nrfx_glue.c.obj)
                0x0000000000008600                nrfx_isr
 .text.nrfx_busy_wait
                0x0000000000008602        0x4 modules/hal_nordic/modules/hal_nordic/nrfx/libmodules__hal_nordic__nrfx.a(nrfx_glue.c.obj)
                0x0000000000008602                nrfx_busy_wait
 .text.nrfx_gppi_channel_endpoints_setup
                0x0000000000008606       0x14 modules/hal_nordic/modules/hal_nordic/nrfx/libmodules__hal_nordic__nrfx.a(nrfx_gppi_ppi.c.obj)
                0x0000000000008606                nrfx_gppi_channel_endpoints_setup
 .text.nrfx_gppi_channel_alloc
                0x000000000000861a        0x4 modules/hal_nordic/modules/hal_nordic/nrfx/libmodules__hal_nordic__nrfx.a(nrfx_gppi_ppi.c.obj)
                0x000000000000861a                nrfx_gppi_channel_alloc
 .text.nrfx_clock_stop
                0x000000000000861e        0x4 modules/hal_nordic/modules/hal_nordic/nrfx/libmodules__hal_nordic__nrfx.a(nrfx_clock.c.obj)
                0x000000000000861e                nrfx_clock_stop
 .text.nrf_gpio_reconfigure
                0x0000000000008622       0x92 modules/hal_nordic/modules/hal_nordic/nrfx/libmodules__hal_nordic__nrfx.a(nrfx_gpiote.c.obj)
 .text.nrf_gpio_cfg_sense_set
                0x00000000000086b4       0x1e modules/hal_nordic/modules/hal_nordic/nrfx/libmodules__hal_nordic__nrfx.a(nrfx_gpiote.c.obj)
 .text.pin_trigger_disable
                0x00000000000086d2       0x48 modules/hal_nordic/modules/hal_nordic/nrfx/libmodules__hal_nordic__nrfx.a(nrfx_gpiote.c.obj)
 .text.nrfx_gpiote_pin_uninit
                0x000000000000871a        0x4 modules/hal_nordic/modules/hal_nordic/nrfx/libmodules__hal_nordic__nrfx.a(nrfx_gpiote.c.obj)
                0x000000000000871a                nrfx_gpiote_pin_uninit
 .text.nrfx_gpiote_trigger_disable
                0x000000000000871e        0x4 modules/hal_nordic/modules/hal_nordic/nrfx/libmodules__hal_nordic__nrfx.a(nrfx_gpiote.c.obj)
                0x000000000000871e                nrfx_gpiote_trigger_disable
 .text.start_playback
                0x0000000000008722       0x48 modules/hal_nordic/modules/hal_nordic/nrfx/libmodules__hal_nordic__nrfx.a(nrfx_pwm.c.obj)
 .text.__nrfy_internal_pwm_event_handle.isra.0
                0x000000000000876a       0x22 modules/hal_nordic/modules/hal_nordic/nrfx/libmodules__hal_nordic__nrfx.a(nrfx_pwm.c.obj)
 .text.__nrfy_internal_pwm_events_process
                0x000000000000878c       0x54 modules/hal_nordic/modules/hal_nordic/nrfx/libmodules__hal_nordic__nrfx.a(nrfx_pwm.c.obj)
 .text.nrfx_pwm_stopped_check
                0x00000000000087e0        0x4 modules/hal_nordic/modules/hal_nordic/nrfx/libmodules__hal_nordic__nrfx.a(nrfx_pwm.c.obj)
                0x00000000000087e0                nrfx_pwm_stopped_check
 .text.__nrfy_internal_saadc_event_handle.constprop.0
                0x00000000000087e4       0x2e modules/hal_nordic/modules/hal_nordic/nrfx/libmodules__hal_nordic__nrfx.a(nrfx_saadc.c.obj)
 .text.__nrfy_internal_saadc_buffer_latch.part.0.constprop.0
                0x0000000000008812       0x10 modules/hal_nordic/modules/hal_nordic/nrfx/libmodules__hal_nordic__nrfx.a(nrfx_saadc.c.obj)
 .text.z_impl_k_busy_wait
                0x0000000000008822        0x8 zephyr/kernel/libkernel.a(busy_wait.c.obj)
                0x0000000000008822                z_impl_k_busy_wait
 .text.z_device_state_init
                0x000000000000882a        0x2 zephyr/kernel/libkernel.a(device.c.obj)
                0x000000000000882a                z_device_state_init
 .text.z_impl_device_is_ready
                0x000000000000882c       0x16 zephyr/kernel/libkernel.a(device.c.obj)
                0x000000000000882c                z_impl_device_is_ready
 .text.arch_system_halt
                0x0000000000008842       0x10 zephyr/kernel/libkernel.a(fatal.c.obj)
                0x0000000000008842                arch_system_halt
 .text.k_sys_fatal_error_handler
                0x0000000000008852        0x6 zephyr/kernel/libkernel.a(fatal.c.obj)
                0x0000000000008852                k_sys_fatal_error_handler
 .text.do_device_init
                0x0000000000008858       0x2e zephyr/kernel/libkernel.a(init.c.obj)
 .text.z_early_memset
                0x0000000000008886        0x4 zephyr/kernel/libkernel.a(init.c.obj)
                0x0000000000008886                z_early_memset
 .text.z_early_memcpy
                0x000000000000888a        0x4 zephyr/kernel/libkernel.a(init.c.obj)
                0x000000000000888a                z_early_memcpy
 .text.create_free_list
                0x000000000000888e       0x34 zephyr/kernel/libkernel.a(mem_slab.c.obj)
 .text.k_mem_slab_init
                0x00000000000088c2       0x1c zephyr/kernel/libkernel.a(mem_slab.c.obj)
                0x00000000000088c2                k_mem_slab_init
 .text.k_mem_slab_free
                0x00000000000088de       0x6e zephyr/kernel/libkernel.a(mem_slab.c.obj)
                0x00000000000088de                k_mem_slab_free
 .text.idle     0x000000000000894c       0x16 zephyr/kernel/libkernel.a(idle.c.obj)
                0x000000000000894c                idle
 .text.adjust_owner_prio.isra.0
                0x0000000000008962       0x10 zephyr/kernel/libkernel.a(mutex.c.obj)
 .text.z_impl_k_mutex_init
                0x0000000000008972        0xe zephyr/kernel/libkernel.a(mutex.c.obj)
                0x0000000000008972                z_impl_k_mutex_init
 .text.k_is_in_isr
                0x0000000000008980        0xc zephyr/kernel/libkernel.a(thread.c.obj)
                0x0000000000008980                k_is_in_isr
 .text.sys_dlist_remove
                0x000000000000898c       0x10 zephyr/kernel/libkernel.a(sched.c.obj)
 .text.unpend_thread_no_timeout
                0x000000000000899c       0x14 zephyr/kernel/libkernel.a(sched.c.obj)
 .text.add_to_waitq_locked
                0x00000000000089b0       0x50 zephyr/kernel/libkernel.a(sched.c.obj)
 .text.z_ready_thread
                0x0000000000008a00       0x1e zephyr/kernel/libkernel.a(sched.c.obj)
                0x0000000000008a00                z_ready_thread
 .text.z_unpend_thread_no_timeout
                0x0000000000008a1e       0x22 zephyr/kernel/libkernel.a(sched.c.obj)
                0x0000000000008a1e                z_unpend_thread_no_timeout
 .text.z_sched_wake_thread
                0x0000000000008a40       0x3a zephyr/kernel/libkernel.a(sched.c.obj)
                0x0000000000008a40                z_sched_wake_thread
 .text.z_thread_timeout
                0x0000000000008a7a        0x8 zephyr/kernel/libkernel.a(sched.c.obj)
                0x0000000000008a7a                z_thread_timeout
 .text.z_unpend1_no_timeout
                0x0000000000008a82       0x2c zephyr/kernel/libkernel.a(sched.c.obj)
                0x0000000000008a82                z_unpend1_no_timeout
 .text.z_impl_k_sleep
                0x0000000000008aae       0x4e zephyr/kernel/libkernel.a(sched.c.obj)
                0x0000000000008aae                z_impl_k_sleep
 .text.next_timeout
                0x0000000000008afc       0x2e zephyr/kernel/libkernel.a(timeout.c.obj)
 .text.z_abort_timeout
                0x0000000000008b2a       0x50 zephyr/kernel/libkernel.a(timeout.c.obj)
                0x0000000000008b2a                z_abort_timeout
 .text.sys_clock_tick_get_32
                0x0000000000008b7a        0x8 zephyr/kernel/libkernel.a(timeout.c.obj)
                0x0000000000008b7a                sys_clock_tick_get_32
 .text.z_impl_k_uptime_ticks
                0x0000000000008b82        0x4 zephyr/kernel/libkernel.a(timeout.c.obj)
                0x0000000000008b82                z_impl_k_uptime_ticks
 .text.k_timer_init
                0x0000000000008b86       0x18 zephyr/kernel/libkernel.a(timer.c.obj)
                0x0000000000008b86                k_timer_init
 .text.z_impl_k_timer_stop
                0x0000000000008b9e       0x38 zephyr/kernel/libkernel.a(timer.c.obj)
                0x0000000000008b9e                z_impl_k_timer_stop
 .text.memcpy   0x0000000000008bd6       0x1c c:\ncs\toolchains\c1a76fddb2\opt\zephyr-sdk\arm-zephyr-eabi\bin\../lib/gcc/../../picolibc/arm-zephyr-eabi/lib/thumb/v7e-m/nofp\libc.a(memcpy.c.o)
                0x0000000000008bd6                __aeabi_memcpy
                0x0000000000008bd6                __aeabi_memcpy4
                0x0000000000008bd6                __aeabi_memcpy8
                0x0000000000008bd6                memcpy
 .text.memset   0x0000000000008bf2       0x10 c:\ncs\toolchains\c1a76fddb2\opt\zephyr-sdk\arm-zephyr-eabi\bin\../lib/gcc/../../picolibc/arm-zephyr-eabi/lib/thumb/v7e-m/nofp\libc.a(memset.c.o)
                0x0000000000008bf2                memset
 .text.strnlen  0x0000000000008c02       0x18 c:\ncs\toolchains\c1a76fddb2\opt\zephyr-sdk\arm-zephyr-eabi\bin\../lib/gcc/../../picolibc/arm-zephyr-eabi/lib/thumb/v7e-m/nofp\libc.a(libc_string_strnlen.c.o)
                0x0000000000008c02                strnlen
 .text.__ultoa_invert
                0x0000000000008c1a       0x50 c:\ncs\toolchains\c1a76fddb2\opt\zephyr-sdk\arm-zephyr-eabi\bin\../lib/gcc/../../picolibc/arm-zephyr-eabi/lib/thumb/v7e-m/nofp\libc.a(libc_tinystdio_vfprintf.c.o)
 .text.mulShiftAll64
                0x0000000000008c6a      0x176 c:\ncs\toolchains\c1a76fddb2\opt\zephyr-sdk\arm-zephyr-eabi\bin\../lib/gcc/../../picolibc/arm-zephyr-eabi/lib/thumb/v7e-m/nofp\libc.a(libc_tinystdio_dtoa_ryu.c.o)
 .text.__umul128
                0x0000000000008de0       0x36 c:\ncs\toolchains\c1a76fddb2\opt\zephyr-sdk\arm-zephyr-eabi\bin\../lib/gcc/../../picolibc/arm-zephyr-eabi/lib/thumb/v7e-m/nofp\libc.a(libc_tinystdio_ryu_umul128.c.o)
                0x0000000000008de0                __umul128
 .text.__shiftright128
                0x0000000000008e16       0x3e c:\ncs\toolchains\c1a76fddb2\opt\zephyr-sdk\arm-zephyr-eabi\bin\../lib/gcc/../../picolibc/arm-zephyr-eabi/lib/thumb/v7e-m/nofp\libc.a(libc_tinystdio_ryu_umul128.c.o)
                0x0000000000008e16                __shiftright128
 .text.__dtox_engine
                0x0000000000008e54      0x128 c:\ncs\toolchains\c1a76fddb2\opt\zephyr-sdk\arm-zephyr-eabi\bin\../lib/gcc/../../picolibc/arm-zephyr-eabi/lib/thumb/v7e-m/nofp\libc.a(libc_tinystdio_dtox_engine.c.o)
                0x0000000000008e54                __dtox_engine
 *(SORT_BY_ALIGNMENT(.TEXT.*))
 .TEXT.__aeabi_read_tp
                0x0000000000008f7c        0xc zephyr/arch/arch/arm/core/cortex_m/libarch__arm__core__cortex_m.a(__aeabi_read_tp.S.obj)
                0x0000000000008f7c                __aeabi_read_tp
 *(SORT_BY_ALIGNMENT(.gnu.linkonce.t.*))
 *(SORT_BY_ALIGNMENT(.glue_7t))
 .glue_7t       0x0000000000008f88        0x0 linker stubs
 *(SORT_BY_ALIGNMENT(.glue_7))
 .glue_7        0x0000000000008f88        0x0 linker stubs
 *(SORT_BY_ALIGNMENT(.vfp11_veneer))
 .vfp11_veneer  0x0000000000008f88        0x0 linker stubs
 *(SORT_BY_ALIGNMENT(.v4_bx))
 .v4_bx         0x0000000000008f88        0x0 linker stubs
                0x0000000000008f88                . = ALIGN (0x4)
                0x0000000000008f88                __text_region_end = .

.ARM.exidx      0x0000000000008f88        0x8
                0x0000000000008f88                __exidx_start = .
 *(SORT_BY_ALIGNMENT(.ARM.exidx*) SORT_BY_ALIGNMENT(gnu.linkonce.armexidx.*))
 .ARM.exidx     0x0000000000008f88        0x8 c:/ncs/toolchains/c1a76fddb2/opt/zephyr-sdk/arm-zephyr-eabi/bin/../lib/gcc/arm-zephyr-eabi/12.2.0/thumb/v7e-m/nofp\libgcc.a(_udivmoddi4.o)
                0x0000000000008f90                __exidx_end = .
                0x0000000000008f90                __rodata_region_start = .

initlevel       0x0000000000008f90       0x68
                0x0000000000008f90                __init_start = .
                0x0000000000008f90                __init_EARLY_start = .
 *(SORT_BY_NAME(SORT_BY_ALIGNMENT(.z_init_EARLY_P_?_*)))
 *(SORT_BY_NAME(SORT_BY_ALIGNMENT(.z_init_EARLY_P_??_*)))
 *(SORT_BY_NAME(SORT_BY_ALIGNMENT(.z_init_EARLY_P_???_*)))
                0x0000000000008f90                __init_PRE_KERNEL_1_start = .
 *(SORT_BY_NAME(SORT_BY_ALIGNMENT(.z_init_PRE_KERNEL_1_P_?_*)))
 .z_init_PRE_KERNEL_1_P_0_SUB_0_
                0x0000000000008f90        0x8 zephyr/soc/soc/nrf52840/libsoc__nordic.a(soc.c.obj)
 *(SORT_BY_NAME(SORT_BY_ALIGNMENT(.z_init_PRE_KERNEL_1_P_??_*)))
 .z_init_PRE_KERNEL_1_P_30_SUB_00078_
                0x0000000000008f98        0x8 zephyr/drivers/clock_control/libdrivers__clock_control.a(clock_control_nrf.c.obj)
 .z_init_PRE_KERNEL_1_P_30_SUB_0_
                0x0000000000008fa0        0x8 zephyr/kernel/libkernel.a(mem_slab.c.obj)
 .z_init_PRE_KERNEL_1_P_40_SUB_00013_
                0x0000000000008fa8        0x8 zephyr/drivers/gpio/libdrivers__gpio.a(gpio_nrfx.c.obj)
 .z_init_PRE_KERNEL_1_P_40_SUB_00108_
                0x0000000000008fb0        0x8 zephyr/drivers/gpio/libdrivers__gpio.a(gpio_nrfx.c.obj)
 .z_init_PRE_KERNEL_1_P_40_SUB_0_
                0x0000000000008fb8        0x8 modules/nrf/drivers/hw_cc3xx/lib..__nrf__drivers__hw_cc3xx.a(hw_cc3xx.c.obj)
 .z_init_PRE_KERNEL_1_P_50_SUB_00116_
                0x0000000000008fc0        0x8 zephyr/drivers/serial/libdrivers__serial.a(uart_nrfx_uarte.c.obj)
 .z_init_PRE_KERNEL_1_P_60_SUB_0_
                0x0000000000008fc8        0x8 zephyr/drivers/console/libdrivers__console.a(uart_console.c.obj)
 *(SORT_BY_NAME(SORT_BY_ALIGNMENT(.z_init_PRE_KERNEL_1_P_???_*)))
                0x0000000000008fd0                __init_PRE_KERNEL_2_start = .
 *(SORT_BY_NAME(SORT_BY_ALIGNMENT(.z_init_PRE_KERNEL_2_P_?_*)))
 .z_init_PRE_KERNEL_2_P_0_SUB_0_
                0x0000000000008fd0        0x8 zephyr/drivers/timer/libdrivers__timer.a(nrf_rtc_timer.c.obj)
 *(SORT_BY_NAME(SORT_BY_ALIGNMENT(.z_init_PRE_KERNEL_2_P_??_*)))
 *(SORT_BY_NAME(SORT_BY_ALIGNMENT(.z_init_PRE_KERNEL_2_P_???_*)))
                0x0000000000008fd8                __init_POST_KERNEL_start = .
 *(SORT_BY_NAME(SORT_BY_ALIGNMENT(.z_init_POST_KERNEL_P_?_*)))
 *(SORT_BY_NAME(SORT_BY_ALIGNMENT(.z_init_POST_KERNEL_P_??_*)))
 .z_init_POST_KERNEL_P_35_SUB_0_
                0x0000000000008fd8        0x8 zephyr/lib/libc/common/liblib__libc__common.a(malloc.c.obj)
 .z_init_POST_KERNEL_P_40_SUB_0_
                0x0000000000008fe0        0x8 modules/nrf/drivers/hw_cc3xx/lib..__nrf__drivers__hw_cc3xx.a(hw_cc3xx.c.obj)
 .z_init_POST_KERNEL_P_50_SUB_00010_
                0x0000000000008fe8        0x8 zephyr/drivers/adc/libdrivers__adc.a(adc_nrfx_saadc.c.obj)
 .z_init_POST_KERNEL_P_50_SUB_00073_
                0x0000000000008ff0        0x8 zephyr/drivers/pwm/libdrivers__pwm.a(pwm_nrfx.c.obj)
 *(SORT_BY_NAME(SORT_BY_ALIGNMENT(.z_init_POST_KERNEL_P_???_*)))
                0x0000000000008ff8                __init_APPLICATION_start = .
 *(SORT_BY_NAME(SORT_BY_ALIGNMENT(.z_init_APPLICATION_P_?_*)))
 *(SORT_BY_NAME(SORT_BY_ALIGNMENT(.z_init_APPLICATION_P_??_*)))
 *(SORT_BY_NAME(SORT_BY_ALIGNMENT(.z_init_APPLICATION_P_???_*)))
                0x0000000000008ff8                __init_SMP_start = .
 *(SORT_BY_NAME(SORT_BY_ALIGNMENT(.z_init_SMP_P_?_*)))
 *(SORT_BY_NAME(SORT_BY_ALIGNMENT(.z_init_SMP_P_??_*)))
 *(SORT_BY_NAME(SORT_BY_ALIGNMENT(.z_init_SMP_P_???_*)))
                0x0000000000008ff8                __init_end = .

device_area     0x0000000000008ff8       0xc0
                0x0000000000008ff8                _device_list_start = .
 *(SORT_BY_NAME(SORT_BY_ALIGNMENT(._device.static.*_?_*)))
 *(SORT_BY_NAME(SORT_BY_ALIGNMENT(._device.static.*_??_*)))
 ._device.static.1_30_
                0x0000000000008ff8       0x20 zephyr/drivers/clock_control/libdrivers__clock_control.a(clock_control_nrf.c.obj)
                0x0000000000008ff8                __device_dts_ord_78
 ._device.static.1_40_
                0x0000000000009018       0x40 zephyr/drivers/gpio/libdrivers__gpio.a(gpio_nrfx.c.obj)
                0x0000000000009018                __device_dts_ord_108
                0x0000000000009038                __device_dts_ord_13
 ._device.static.1_50_
                0x0000000000009058       0x20 zephyr/drivers/serial/libdrivers__serial.a(uart_nrfx_uarte.c.obj)
                0x0000000000009058                __device_dts_ord_116
 ._device.static.3_50_
                0x0000000000009078       0x20 zephyr/drivers/adc/libdrivers__adc.a(adc_nrfx_saadc.c.obj)
                0x0000000000009078                __device_dts_ord_10
 ._device.static.3_50_
                0x0000000000009098       0x20 zephyr/drivers/pwm/libdrivers__pwm.a(pwm_nrfx.c.obj)
                0x0000000000009098                __device_dts_ord_73
 *(SORT_BY_NAME(SORT_BY_ALIGNMENT(._device.static.*_???_*)))
 *(SORT_BY_NAME(SORT_BY_ALIGNMENT(._device.static.*_????_*)))
 *(SORT_BY_NAME(SORT_BY_ALIGNMENT(._device.static.*_?????_*)))
                0x00000000000090b8                _device_list_end = .

sw_isr_table    0x00000000000090b8      0x180
                0x00000000000090b8                . = ALIGN (0x4)
 *(SORT_BY_ALIGNMENT(.gnu.linkonce.sw_isr_table*))
 .gnu.linkonce.sw_isr_table
                0x00000000000090b8      0x180 zephyr/CMakeFiles/zephyr_final.dir/isr_tables.c.obj
                0x00000000000090b8                _sw_isr_table

initlevel_error
                0x0000000000008f90        0x0
 *(SORT_BY_NAME(SORT_BY_ALIGNMENT(.z_init_*)))
                0x0000000000000001                ASSERT ((SIZEOF (initlevel_error) == 0x0), Undefined initialization levels used.)

app_shmem_regions
                0x0000000000009238        0x0
                0x0000000000009238                __app_shmem_regions_start = .
 *(SORT_BY_NAME(SORT_BY_ALIGNMENT(.app_regions.*)))
                0x0000000000009238                __app_shmem_regions_end = .

k_p4wq_initparam_area
                0x0000000000009238        0x0
                0x0000000000009238                _k_p4wq_initparam_list_start = .
 *(SORT_BY_NAME(SORT_BY_ALIGNMENT(._k_p4wq_initparam.static.*)))
                0x0000000000009238                _k_p4wq_initparam_list_end = .

_static_thread_data_area
                0x0000000000009238       0xc0
                0x0000000000009238                __static_thread_data_list_start = .
 *(SORT_BY_NAME(SORT_BY_ALIGNMENT(.__static_thread_data.static.*)))
 .__static_thread_data.static._k_thread_data_control_id_
                0x0000000000009238       0x30 app/libapp.a(main.c.obj)
                0x0000000000009238                _k_thread_data_control_id
 .__static_thread_data.static._k_thread_data_display_tid_
                0x0000000000009268       0x30 app/libapp.a(main.c.obj)
                0x0000000000009268                _k_thread_data_display_tid
 .__static_thread_data.static._k_thread_data_temperature_read_
                0x0000000000009298       0x30 app/libapp.a(main.c.obj)
                0x0000000000009298                _k_thread_data_temperature_read
 .__static_thread_data.static._k_thread_data_ui_led_tid_
                0x00000000000092c8       0x30 app/libapp.a(main.c.obj)
                0x00000000000092c8                _k_thread_data_ui_led_tid
                0x00000000000092f8                __static_thread_data_list_end = .

device_deps     0x00000000000092f8        0x0
                0x00000000000092f8                __device_deps_start = .
 *(SORT_BY_NAME(SORT_BY_ALIGNMENT(.__device_deps_pass2*)))
                0x00000000000092f8                __device_deps_end = .

adc_driver_api_area
                0x00000000000092f8        0xc
                0x00000000000092f8                _adc_driver_api_list_start = .
 *(SORT_BY_NAME(SORT_BY_ALIGNMENT(._adc_driver_api.static.*)))
 ._adc_driver_api.static.adc_nrfx_driver_api_
                0x00000000000092f8        0xc zephyr/drivers/adc/libdrivers__adc.a(adc_nrfx_saadc.c.obj)
                0x0000000000009304                _adc_driver_api_list_end = .

gpio_driver_api_area
                0x0000000000009304       0x24
                0x0000000000009304                _gpio_driver_api_list_start = .
 *(SORT_BY_NAME(SORT_BY_ALIGNMENT(._gpio_driver_api.static.*)))
 ._gpio_driver_api.static.gpio_nrfx_drv_api_funcs_
                0x0000000000009304       0x24 zephyr/drivers/gpio/libdrivers__gpio.a(gpio_nrfx.c.obj)
                0x0000000000009328                _gpio_driver_api_list_end = .

pwm_driver_api_area
                0x0000000000009328        0x8
                0x0000000000009328                _pwm_driver_api_list_start = .
 *(SORT_BY_NAME(SORT_BY_ALIGNMENT(._pwm_driver_api.static.*)))
 ._pwm_driver_api.static.pwm_nrfx_drv_api_funcs_
                0x0000000000009328        0x8 zephyr/drivers/pwm/libdrivers__pwm.a(pwm_nrfx.c.obj)
                0x0000000000009330                _pwm_driver_api_list_end = .

shared_irq_driver_api_area
                0x0000000000009330        0x0
                0x0000000000009330                _shared_irq_driver_api_list_start = .
 *(SORT_BY_NAME(SORT_BY_ALIGNMENT(._shared_irq_driver_api.static.*)))
                0x0000000000009330                _shared_irq_driver_api_list_end = .

crypto_driver_api_area
                0x0000000000009330        0x0
                0x0000000000009330                _crypto_driver_api_list_start = .
 *(SORT_BY_NAME(SORT_BY_ALIGNMENT(._crypto_driver_api.static.*)))
                0x0000000000009330                _crypto_driver_api_list_end = .

auxdisplay_driver_api_area
                0x0000000000009330        0x0
                0x0000000000009330                _auxdisplay_driver_api_list_start = .
 *(SORT_BY_NAME(SORT_BY_ALIGNMENT(._auxdisplay_driver_api.static.*)))
                0x0000000000009330                _auxdisplay_driver_api_list_end = .

bbram_driver_api_area
                0x0000000000009330        0x0
                0x0000000000009330                _bbram_driver_api_list_start = .
 *(SORT_BY_NAME(SORT_BY_ALIGNMENT(._bbram_driver_api.static.*)))
                0x0000000000009330                _bbram_driver_api_list_end = .

bt_hci_driver_api_area
                0x0000000000009330        0x0
                0x0000000000009330                _bt_hci_driver_api_list_start = .
 *(SORT_BY_NAME(SORT_BY_ALIGNMENT(._bt_hci_driver_api.static.*)))
                0x0000000000009330                _bt_hci_driver_api_list_end = .

can_driver_api_area
                0x0000000000009330        0x0
                0x0000000000009330                _can_driver_api_list_start = .
 *(SORT_BY_NAME(SORT_BY_ALIGNMENT(._can_driver_api.static.*)))
                0x0000000000009330                _can_driver_api_list_end = .

cellular_driver_api_area
                0x0000000000009330        0x0
                0x0000000000009330                _cellular_driver_api_list_start = .
 *(SORT_BY_NAME(SORT_BY_ALIGNMENT(._cellular_driver_api.static.*)))
                0x0000000000009330                _cellular_driver_api_list_end = .

charger_driver_api_area
                0x0000000000009330        0x0
                0x0000000000009330                _charger_driver_api_list_start = .
 *(SORT_BY_NAME(SORT_BY_ALIGNMENT(._charger_driver_api.static.*)))
                0x0000000000009330                _charger_driver_api_list_end = .

clock_control_driver_api_area
                0x0000000000009330       0x1c
                0x0000000000009330                _clock_control_driver_api_list_start = .
 *(SORT_BY_NAME(SORT_BY_ALIGNMENT(._clock_control_driver_api.static.*)))
 ._clock_control_driver_api.static.clock_control_api_
                0x0000000000009330       0x1c zephyr/drivers/clock_control/libdrivers__clock_control.a(clock_control_nrf.c.obj)
                0x000000000000934c                _clock_control_driver_api_list_end = .

comparator_driver_api_area
                0x000000000000934c        0x0
                0x000000000000934c                _comparator_driver_api_list_start = .
 *(SORT_BY_NAME(SORT_BY_ALIGNMENT(._comparator_driver_api.static.*)))
                0x000000000000934c                _comparator_driver_api_list_end = .

coredump_driver_api_area
                0x000000000000934c        0x0
                0x000000000000934c                _coredump_driver_api_list_start = .
 *(SORT_BY_NAME(SORT_BY_ALIGNMENT(._coredump_driver_api.static.*)))
                0x000000000000934c                _coredump_driver_api_list_end = .

counter_driver_api_area
                0x000000000000934c        0x0
                0x000000000000934c                _counter_driver_api_list_start = .
 *(SORT_BY_NAME(SORT_BY_ALIGNMENT(._counter_driver_api.static.*)))
                0x000000000000934c                _counter_driver_api_list_end = .

dac_driver_api_area
                0x000000000000934c        0x0
                0x000000000000934c                _dac_driver_api_list_start = .
 *(SORT_BY_NAME(SORT_BY_ALIGNMENT(._dac_driver_api.static.*)))
                0x000000000000934c                _dac_driver_api_list_end = .

dai_driver_api_area
                0x000000000000934c        0x0
                0x000000000000934c                _dai_driver_api_list_start = .
 *(SORT_BY_NAME(SORT_BY_ALIGNMENT(._dai_driver_api.static.*)))
                0x000000000000934c                _dai_driver_api_list_end = .

display_driver_api_area
                0x000000000000934c        0x0
                0x000000000000934c                _display_driver_api_list_start = .
 *(SORT_BY_NAME(SORT_BY_ALIGNMENT(._display_driver_api.static.*)))
                0x000000000000934c                _display_driver_api_list_end = .

dma_driver_api_area
                0x000000000000934c        0x0
                0x000000000000934c                _dma_driver_api_list_start = .
 *(SORT_BY_NAME(SORT_BY_ALIGNMENT(._dma_driver_api.static.*)))
                0x000000000000934c                _dma_driver_api_list_end = .

edac_driver_api_area
                0x000000000000934c        0x0
                0x000000000000934c                _edac_driver_api_list_start = .
 *(SORT_BY_NAME(SORT_BY_ALIGNMENT(._edac_driver_api.static.*)))
                0x000000000000934c                _edac_driver_api_list_end = .

eeprom_driver_api_area
                0x000000000000934c        0x0
                0x000000000000934c                _eeprom_driver_api_list_start = .
 *(SORT_BY_NAME(SORT_BY_ALIGNMENT(._eeprom_driver_api.static.*)))
                0x000000000000934c                _eeprom_driver_api_list_end = .

emul_bbram_driver_api_area
                0x000000000000934c        0x0
                0x000000000000934c                _emul_bbram_driver_api_list_start = .
 *(SORT_BY_NAME(SORT_BY_ALIGNMENT(._emul_bbram_driver_api.static.*)))